<?xml version="1.0"?>
<link_info>
   <banner>MSP430 Linker PC v4.2.1</banner>
   <copyright>Copyright (c) 2003-2013 Texas Instruments Incorporated</copyright>
   <link_time>0x589cda7a</link_time>
   <link_errors>0x0</link_errors>
   <output_file>ez430_chronos_access_point_915MHz.out</output_file>
   <entry_point>
      <name>_c_int00</name>
      <address>0xe162</address>
   </entry_point>
   <input_file_list>
      <input_file id="fl-2">
         <path>.\</path>
         <kind>object</kind>
         <file>ccSPI.obj</file>
         <name>ccSPI.obj</name>
      </input_file>
      <input_file id="fl-3">
         <path>.\</path>
         <kind>object</kind>
         <file>cmdHandler.obj</file>
         <name>cmdHandler.obj</name>
      </input_file>
      <input_file id="fl-4">
         <path>.\</path>
         <kind>object</kind>
         <file>main.obj</file>
         <name>main.obj</name>
      </input_file>
      <input_file id="fl-5">
         <path>.\</path>
         <kind>object</kind>
         <file>usbConstructs.obj</file>
         <name>usbConstructs.obj</name>
      </input_file>
      <input_file id="fl-6">
         <path>.\</path>
         <kind>object</kind>
         <file>usbEventHandling.obj</file>
         <name>usbEventHandling.obj</name>
      </input_file>
      <input_file id="fl-7">
         <path>.\F5xx_F6xx_Core_Lib\</path>
         <kind>object</kind>
         <file>HAL_FLASH.obj</file>
         <name>HAL_FLASH.obj</name>
      </input_file>
      <input_file id="fl-8">
         <path>.\F5xx_F6xx_Core_Lib\</path>
         <kind>object</kind>
         <file>HAL_PMAP.obj</file>
         <name>HAL_PMAP.obj</name>
      </input_file>
      <input_file id="fl-9">
         <path>.\F5xx_F6xx_Core_Lib\</path>
         <kind>object</kind>
         <file>HAL_PMM.obj</file>
         <name>HAL_PMM.obj</name>
      </input_file>
      <input_file id="fl-a">
         <path>.\F5xx_F6xx_Core_Lib\</path>
         <kind>object</kind>
         <file>HAL_TLV.obj</file>
         <name>HAL_TLV.obj</name>
      </input_file>
      <input_file id="fl-b">
         <path>.\F5xx_F6xx_Core_Lib\</path>
         <kind>object</kind>
         <file>HAL_UCS.obj</file>
         <name>HAL_UCS.obj</name>
      </input_file>
      <input_file id="fl-c">
         <path>.\USB_API\USB_CDC_API\</path>
         <kind>object</kind>
         <file>UsbCdc.obj</file>
         <name>UsbCdc.obj</name>
      </input_file>
      <input_file id="fl-d">
         <path>.\USB_API\USB_Common\</path>
         <kind>object</kind>
         <file>dma.obj</file>
         <name>dma.obj</name>
      </input_file>
      <input_file id="fl-e">
         <path>.\USB_API\USB_Common\</path>
         <kind>object</kind>
         <file>usb.obj</file>
         <name>usb.obj</name>
      </input_file>
      <input_file id="fl-f">
         <path>.\USB_config\</path>
         <kind>object</kind>
         <file>UsbIsr.obj</file>
         <name>UsbIsr.obj</name>
      </input_file>
      <input_file id="fl-10">
         <path>.\USB_config\</path>
         <kind>object</kind>
         <file>descriptors.obj</file>
         <name>descriptors.obj</name>
      </input_file>
      <input_file id="fl-11">
         <path>.\WBSL\</path>
         <kind>object</kind>
         <file>spi_wbsl.obj</file>
         <name>spi_wbsl.obj</name>
      </input_file>
      <input_file id="fl-12">
         <path>.\WBSL\</path>
         <kind>object</kind>
         <file>wbsl.obj</file>
         <name>wbsl.obj</name>
      </input_file>
      <input_file id="fl-13">
         <path>.\bluerobin\</path>
         <kind>object</kind>
         <file>timer.obj</file>
         <name>timer.obj</name>
      </input_file>
      <input_file id="fl-1b">
         <path>..\bluerobin\</path>
         <kind>archive</kind>
         <file>BlueRobin_TX_915MHz.lib</file>
         <name>brtx_irq.obj</name>
      </input_file>
      <input_file id="fl-1c">
         <path>..\bluerobin\</path>
         <kind>archive</kind>
         <file>BlueRobin_TX_915MHz.lib</file>
         <name>br_api.obj</name>
      </input_file>
      <input_file id="fl-1d">
         <path>..\bluerobin\</path>
         <kind>archive</kind>
         <file>BlueRobin_TX_915MHz.lib</file>
         <name>cc_radio.obj</name>
      </input_file>
      <input_file id="fl-1e">
         <path>..\bluerobin\</path>
         <kind>archive</kind>
         <file>BlueRobin_TX_915MHz.lib</file>
         <name>br_common.obj</name>
      </input_file>
      <input_file id="fl-1f">
         <path>..\bluerobin\</path>
         <kind>archive</kind>
         <file>BlueRobin_TX_915MHz.lib</file>
         <name>brSPI.obj</name>
      </input_file>
      <input_file id="fl-20">
         <path>..\bluerobin\</path>
         <kind>archive</kind>
         <file>BlueRobin_TX_915MHz.lib</file>
         <name>brtx_packet.obj</name>
      </input_file>
      <input_file id="fl-21">
         <path>..\simpliciti\</path>
         <kind>archive</kind>
         <file>AP_MSP430F5509_CC1101_915MHz.lib</file>
         <name>bsp.obj</name>
      </input_file>
      <input_file id="fl-22">
         <path>..\simpliciti\</path>
         <kind>archive</kind>
         <file>AP_MSP430F5509_CC1101_915MHz.lib</file>
         <name>main_AP_BM.obj</name>
      </input_file>
      <input_file id="fl-23">
         <path>..\simpliciti\</path>
         <kind>archive</kind>
         <file>AP_MSP430F5509_CC1101_915MHz.lib</file>
         <name>mrfi.obj</name>
      </input_file>
      <input_file id="fl-24">
         <path>..\simpliciti\</path>
         <kind>archive</kind>
         <file>AP_MSP430F5509_CC1101_915MHz.lib</file>
         <name>nwk_api.obj</name>
      </input_file>
      <input_file id="fl-25">
         <path>..\simpliciti\</path>
         <kind>archive</kind>
         <file>AP_MSP430F5509_CC1101_915MHz.lib</file>
         <name>nwk_frame.obj</name>
      </input_file>
      <input_file id="fl-26">
         <path>..\simpliciti\</path>
         <kind>archive</kind>
         <file>AP_MSP430F5509_CC1101_915MHz.lib</file>
         <name>nwk_freq.obj</name>
      </input_file>
      <input_file id="fl-27">
         <path>..\simpliciti\</path>
         <kind>archive</kind>
         <file>AP_MSP430F5509_CC1101_915MHz.lib</file>
         <name>nwk_globals.obj</name>
      </input_file>
      <input_file id="fl-28">
         <path>..\simpliciti\</path>
         <kind>archive</kind>
         <file>AP_MSP430F5509_CC1101_915MHz.lib</file>
         <name>nwk_ioctl.obj</name>
      </input_file>
      <input_file id="fl-29">
         <path>..\simpliciti\</path>
         <kind>archive</kind>
         <file>AP_MSP430F5509_CC1101_915MHz.lib</file>
         <name>nwk_join.obj</name>
      </input_file>
      <input_file id="fl-2a">
         <path>..\simpliciti\</path>
         <kind>archive</kind>
         <file>AP_MSP430F5509_CC1101_915MHz.lib</file>
         <name>nwk_link.obj</name>
      </input_file>
      <input_file id="fl-2b">
         <path>..\simpliciti\</path>
         <kind>archive</kind>
         <file>AP_MSP430F5509_CC1101_915MHz.lib</file>
         <name>nwk_mgmt.obj</name>
      </input_file>
      <input_file id="fl-2c">
         <path>..\simpliciti\</path>
         <kind>archive</kind>
         <file>AP_MSP430F5509_CC1101_915MHz.lib</file>
         <name>nwk_ping.obj</name>
      </input_file>
      <input_file id="fl-2d">
         <path>..\simpliciti\</path>
         <kind>archive</kind>
         <file>AP_MSP430F5509_CC1101_915MHz.lib</file>
         <name>nwk_QMgmt.obj</name>
      </input_file>
      <input_file id="fl-2e">
         <path>..\simpliciti\</path>
         <kind>archive</kind>
         <file>AP_MSP430F5509_CC1101_915MHz.lib</file>
         <name>nwk_security.obj</name>
      </input_file>
      <input_file id="fl-2f">
         <path>..\simpliciti\</path>
         <kind>archive</kind>
         <file>AP_MSP430F5509_CC1101_915MHz.lib</file>
         <name>nwk.obj</name>
      </input_file>
      <input_file id="fl-30">
         <path>C:\ti\ccs620\ccsv6\tools\compiler\msp430_4.2.1\lib\</path>
         <kind>archive</kind>
         <file>rts430x.lib</file>
         <name>boot.obj</name>
      </input_file>
      <input_file id="fl-31">
         <path>C:\ti\ccs620\ccsv6\tools\compiler\msp430_4.2.1\lib\</path>
         <kind>archive</kind>
         <file>rts430x.lib</file>
         <name>copy_decompress_none.obj</name>
      </input_file>
      <input_file id="fl-32">
         <path>C:\ti\ccs620\ccsv6\tools\compiler\msp430_4.2.1\lib\</path>
         <kind>archive</kind>
         <file>rts430x.lib</file>
         <name>copy_decompress_rle.obj</name>
      </input_file>
      <input_file id="fl-33">
         <path>C:\ti\ccs620\ccsv6\tools\compiler\msp430_4.2.1\lib\</path>
         <kind>archive</kind>
         <file>rts430x.lib</file>
         <name>copy_zero_init.obj</name>
      </input_file>
      <input_file id="fl-34">
         <path>C:\ti\ccs620\ccsv6\tools\compiler\msp430_4.2.1\lib\</path>
         <kind>archive</kind>
         <file>rts430x.lib</file>
         <name>cpy_util.obj</name>
      </input_file>
      <input_file id="fl-35">
         <path>C:\ti\ccs620\ccsv6\tools\compiler\msp430_4.2.1\lib\</path>
         <kind>archive</kind>
         <file>rts430x.lib</file>
         <name>div16u.obj</name>
      </input_file>
      <input_file id="fl-36">
         <path>C:\ti\ccs620\ccsv6\tools\compiler\msp430_4.2.1\lib\</path>
         <kind>archive</kind>
         <file>rts430x.lib</file>
         <name>exit.obj</name>
      </input_file>
      <input_file id="fl-37">
         <path>C:\ti\ccs620\ccsv6\tools\compiler\msp430_4.2.1\lib\</path>
         <kind>archive</kind>
         <file>rts430x.lib</file>
         <name>int41.obj</name>
      </input_file>
      <input_file id="fl-38">
         <path>C:\ti\ccs620\ccsv6\tools\compiler\msp430_4.2.1\lib\</path>
         <kind>archive</kind>
         <file>rts430x.lib</file>
         <name>int43.obj</name>
      </input_file>
      <input_file id="fl-39">
         <path>C:\ti\ccs620\ccsv6\tools\compiler\msp430_4.2.1\lib\</path>
         <kind>archive</kind>
         <file>rts430x.lib</file>
         <name>int44.obj</name>
      </input_file>
      <input_file id="fl-3a">
         <path>C:\ti\ccs620\ccsv6\tools\compiler\msp430_4.2.1\lib\</path>
         <kind>archive</kind>
         <file>rts430x.lib</file>
         <name>int45.obj</name>
      </input_file>
      <input_file id="fl-3b">
         <path>C:\ti\ccs620\ccsv6\tools\compiler\msp430_4.2.1\lib\</path>
         <kind>archive</kind>
         <file>rts430x.lib</file>
         <name>int46.obj</name>
      </input_file>
      <input_file id="fl-3c">
         <path>C:\ti\ccs620\ccsv6\tools\compiler\msp430_4.2.1\lib\</path>
         <kind>archive</kind>
         <file>rts430x.lib</file>
         <name>int47.obj</name>
      </input_file>
      <input_file id="fl-3d">
         <path>C:\ti\ccs620\ccsv6\tools\compiler\msp430_4.2.1\lib\</path>
         <kind>archive</kind>
         <file>rts430x.lib</file>
         <name>int48.obj</name>
      </input_file>
      <input_file id="fl-3e">
         <path>C:\ti\ccs620\ccsv6\tools\compiler\msp430_4.2.1\lib\</path>
         <kind>archive</kind>
         <file>rts430x.lib</file>
         <name>int49.obj</name>
      </input_file>
      <input_file id="fl-3f">
         <path>C:\ti\ccs620\ccsv6\tools\compiler\msp430_4.2.1\lib\</path>
         <kind>archive</kind>
         <file>rts430x.lib</file>
         <name>int50.obj</name>
      </input_file>
      <input_file id="fl-40">
         <path>C:\ti\ccs620\ccsv6\tools\compiler\msp430_4.2.1\lib\</path>
         <kind>archive</kind>
         <file>rts430x.lib</file>
         <name>int54.obj</name>
      </input_file>
      <input_file id="fl-41">
         <path>C:\ti\ccs620\ccsv6\tools\compiler\msp430_4.2.1\lib\</path>
         <kind>archive</kind>
         <file>rts430x.lib</file>
         <name>int55.obj</name>
      </input_file>
      <input_file id="fl-42">
         <path>C:\ti\ccs620\ccsv6\tools\compiler\msp430_4.2.1\lib\</path>
         <kind>archive</kind>
         <file>rts430x.lib</file>
         <name>int56.obj</name>
      </input_file>
      <input_file id="fl-43">
         <path>C:\ti\ccs620\ccsv6\tools\compiler\msp430_4.2.1\lib\</path>
         <kind>archive</kind>
         <file>rts430x.lib</file>
         <name>int57.obj</name>
      </input_file>
      <input_file id="fl-44">
         <path>C:\ti\ccs620\ccsv6\tools\compiler\msp430_4.2.1\lib\</path>
         <kind>archive</kind>
         <file>rts430x.lib</file>
         <name>int58.obj</name>
      </input_file>
      <input_file id="fl-45">
         <path>C:\ti\ccs620\ccsv6\tools\compiler\msp430_4.2.1\lib\</path>
         <kind>archive</kind>
         <file>rts430x.lib</file>
         <name>int59.obj</name>
      </input_file>
      <input_file id="fl-46">
         <path>C:\ti\ccs620\ccsv6\tools\compiler\msp430_4.2.1\lib\</path>
         <kind>archive</kind>
         <file>rts430x.lib</file>
         <name>int60.obj</name>
      </input_file>
      <input_file id="fl-47">
         <path>C:\ti\ccs620\ccsv6\tools\compiler\msp430_4.2.1\lib\</path>
         <kind>archive</kind>
         <file>rts430x.lib</file>
         <name>int62.obj</name>
      </input_file>
      <input_file id="fl-48">
         <path>C:\ti\ccs620\ccsv6\tools\compiler\msp430_4.2.1\lib\</path>
         <kind>archive</kind>
         <file>rts430x.lib</file>
         <name>isr_trap.obj</name>
      </input_file>
      <input_file id="fl-49">
         <path>C:\ti\ccs620\ccsv6\tools\compiler\msp430_4.2.1\lib\</path>
         <kind>archive</kind>
         <file>rts430x.lib</file>
         <name>lsl16.obj</name>
      </input_file>
      <input_file id="fl-4a">
         <path>C:\ti\ccs620\ccsv6\tools\compiler\msp430_4.2.1\lib\</path>
         <kind>archive</kind>
         <file>rts430x.lib</file>
         <name>memcpy.obj</name>
      </input_file>
      <input_file id="fl-4b">
         <path>C:\ti\ccs620\ccsv6\tools\compiler\msp430_4.2.1\lib\</path>
         <kind>archive</kind>
         <file>rts430x.lib</file>
         <name>memmov.obj</name>
      </input_file>
      <input_file id="fl-4c">
         <path>C:\ti\ccs620\ccsv6\tools\compiler\msp430_4.2.1\lib\</path>
         <kind>archive</kind>
         <file>rts430x.lib</file>
         <name>mult16_f5hw.obj</name>
      </input_file>
      <input_file id="fl-4d">
         <path>C:\ti\ccs620\ccsv6\tools\compiler\msp430_4.2.1\lib\</path>
         <kind>archive</kind>
         <file>rts430x.lib</file>
         <name>_lock.obj</name>
      </input_file>
      <input_file id="fl-4e">
         <path>C:\ti\ccs620\ccsv6\tools\compiler\msp430_4.2.1\lib\</path>
         <kind>archive</kind>
         <file>rts430x.lib</file>
         <name>args_main.obj</name>
      </input_file>
      <input_file id="fl-4f">
         <path>C:\ti\ccs620\ccsv6\tools\compiler\msp430_4.2.1\lib\</path>
         <kind>archive</kind>
         <file>rts430x.lib</file>
         <name>autoinit.obj</name>
      </input_file>
   </input_file_list>
   <object_component_list>
      <object_component id="oc-83">
         <name>.bss</name>
         <uninitialized>true</uninitialized>
         <run_address>0x2740</run_address>
         <size>0x3a</size>
         <input_file_ref idref="fl-3"/>
      </object_component>
      <object_component id="oc-89">
         <name>.bss</name>
         <uninitialized>true</uninitialized>
         <run_address>0x27fa</run_address>
         <size>0x17</size>
         <input_file_ref idref="fl-4"/>
      </object_component>
      <object_component id="oc-93">
         <name>.bss</name>
         <uninitialized>true</uninitialized>
         <run_address>0x2827</run_address>
         <size>0x1</size>
         <input_file_ref idref="fl-6"/>
      </object_component>
      <object_component id="oc-ad">
         <name>.bss</name>
         <uninitialized>true</uninitialized>
         <run_address>0x27d8</run_address>
         <size>0x22</size>
         <input_file_ref idref="fl-c"/>
      </object_component>
      <object_component id="oc-b2">
         <name>.bss</name>
         <uninitialized>true</uninitialized>
         <run_address>0x285e</run_address>
         <size>0x8</size>
         <input_file_ref idref="fl-d"/>
      </object_component>
      <object_component id="oc-b7">
         <name>.bss</name>
         <uninitialized>true</uninitialized>
         <run_address>0x26fc</run_address>
         <size>0x44</size>
         <input_file_ref idref="fl-e"/>
      </object_component>
      <object_component id="oc-c8">
         <name>.bss</name>
         <uninitialized>true</uninitialized>
         <run_address>0x2400</run_address>
         <size>0x19d</size>
         <input_file_ref idref="fl-12"/>
      </object_component>
      <object_component id="oc-d2">
         <name>.bss</name>
         <uninitialized>true</uninitialized>
         <run_address>0x2812</run_address>
         <size>0x15</size>
         <input_file_ref idref="fl-1b"/>
      </object_component>
      <object_component id="oc-db">
         <name>.bss</name>
         <uninitialized>true</uninitialized>
         <run_address>0x287c</run_address>
         <size>0x5</size>
         <input_file_ref idref="fl-1d"/>
      </object_component>
      <object_component id="oc-e0">
         <name>.bss</name>
         <uninitialized>true</uninitialized>
         <run_address>0x284a</run_address>
         <size>0xa</size>
         <input_file_ref idref="fl-1e"/>
      </object_component>
      <object_component id="oc-ed">
         <name>.bss</name>
         <uninitialized>true</uninitialized>
         <run_address>0x259d</run_address>
         <size>0x1</size>
         <input_file_ref idref="fl-21"/>
      </object_component>
      <object_component id="oc-f3">
         <name>.bss</name>
         <uninitialized>true</uninitialized>
         <run_address>0x26b6</run_address>
         <size>0x46</size>
         <input_file_ref idref="fl-22"/>
      </object_component>
      <object_component id="oc-f9">
         <name>.bss</name>
         <uninitialized>true</uninitialized>
         <run_address>0x277a</run_address>
         <size>0x30</size>
         <input_file_ref idref="fl-23"/>
      </object_component>
      <object_component id="oc-ff">
         <name>.bss</name>
         <uninitialized>true</uninitialized>
         <run_address>0x27d7</run_address>
         <size>0x1</size>
         <input_file_ref idref="fl-24"/>
      </object_component>
      <object_component id="oc-105">
         <name>.bss</name>
         <uninitialized>true</uninitialized>
         <run_address>0x2836</run_address>
         <size>0xa</size>
         <input_file_ref idref="fl-25"/>
      </object_component>
      <object_component id="oc-10f">
         <name>.bss</name>
         <uninitialized>true</uninitialized>
         <run_address>0x2854</run_address>
         <size>0x9</size>
         <input_file_ref idref="fl-27"/>
      </object_component>
      <object_component id="oc-11a">
         <name>.bss</name>
         <uninitialized>true</uninitialized>
         <run_address>0x2828</run_address>
         <size>0xd</size>
         <input_file_ref idref="fl-29"/>
      </object_component>
      <object_component id="oc-120">
         <name>.bss</name>
         <uninitialized>true</uninitialized>
         <run_address>0x2840</run_address>
         <size>0xa</size>
         <input_file_ref idref="fl-2a"/>
      </object_component>
      <object_component id="oc-126">
         <name>.bss</name>
         <uninitialized>true</uninitialized>
         <run_address>0x2876</run_address>
         <size>0x5</size>
         <input_file_ref idref="fl-2b"/>
      </object_component>
      <object_component id="oc-12c">
         <name>.bss</name>
         <uninitialized>true</uninitialized>
         <run_address>0x2811</run_address>
         <size>0x1</size>
         <input_file_ref idref="fl-2c"/>
      </object_component>
      <object_component id="oc-132">
         <name>.bss</name>
         <uninitialized>true</uninitialized>
         <run_address>0x259e</run_address>
         <size>0x118</size>
         <input_file_ref idref="fl-2d"/>
      </object_component>
      <object_component id="oc-13b">
         <name>.bss</name>
         <uninitialized>true</uninitialized>
         <run_address>0x27aa</run_address>
         <size>0x2d</size>
         <input_file_ref idref="fl-2f"/>
      </object_component>
      <object_component id="oc-141">
         <name>.bss</name>
         <uninitialized>true</uninitialized>
         <run_address>0x286e</run_address>
         <size>0x8</size>
         <input_file_ref idref="fl-30"/>
      </object_component>
      <object_component id="oc-173">
         <name>.bss</name>
         <uninitialized>true</uninitialized>
         <run_address>0x2866</run_address>
         <size>0x8</size>
         <input_file_ref idref="fl-4d"/>
      </object_component>
      <object_component id="oc-143">
         <name>.stack</name>
         <uninitialized>true</uninitialized>
         <run_address>0x3360</run_address>
         <size>0x2</size>
         <input_file_ref idref="fl-30"/>
      </object_component>
      <object_component id="oc-2da">
         <name>.stack</name>
         <uninitialized>true</uninitialized>
         <run_address>0x3360</run_address>
         <size>0x0</size>
      </object_component>
      <object_component id="oc-21f">
         <name>.text:usb_decode</name>
         <load_address>0xa000</load_address>
         <run_address>0xa000</run_address>
         <size>0x396</size>
         <input_file_ref idref="fl-3"/>
      </object_component>
      <object_component id="oc-21e">
         <name>.text:USBCDC_receiveData</name>
         <load_address>0xa396</load_address>
         <run_address>0xa396</run_address>
         <size>0x1b0</size>
         <input_file_ref idref="fl-c"/>
      </object_component>
      <object_component id="oc-200">
         <name>.text:MRFI_Init</name>
         <load_address>0xa546</load_address>
         <run_address>0xa546</run_address>
         <size>0x19a</size>
         <input_file_ref idref="fl-23"/>
      </object_component>
      <object_component id="oc-271">
         <name>.text:smpl_send_link_reply</name>
         <load_address>0xa6e0</load_address>
         <run_address>0xa6e0</run_address>
         <size>0x17e</size>
         <input_file_ref idref="fl-2a"/>
      </object_component>
      <object_component id="oc-184">
         <name>.text:main</name>
         <load_address>0xa85e</load_address>
         <run_address>0xa85e</run_address>
         <size>0x16a</size>
         <input_file_ref idref="fl-4"/>
      </object_component>
      <object_component id="oc-243">
         <name>.text:nwk_QfindOldest</name>
         <load_address>0xa9c8</load_address>
         <run_address>0xa9c8</run_address>
         <size>0x160</size>
         <input_file_ref idref="fl-2d"/>
      </object_component>
      <object_component id="oc-19e">
         <name>.text:simpliciti_main</name>
         <load_address>0xab28</load_address>
         <run_address>0xab28</run_address>
         <size>0x15e</size>
         <input_file_ref idref="fl-22"/>
      </object_component>
      <object_component id="oc-1a4">
         <name>.text:CdcToHostFromBuffer</name>
         <load_address>0xac86</load_address>
         <run_address>0xac86</run_address>
         <size>0x158</size>
         <input_file_ref idref="fl-c"/>
      </object_component>
      <object_component id="oc-186">
         <name>.text:_isr:iUsbInterruptHandler</name>
         <load_address>0xadde</load_address>
         <run_address>0xadde</run_address>
         <size>0x148</size>
         <input_file_ref idref="fl-f"/>
      </object_component>
      <object_component id="oc-267">
         <name>.text:MRFI_Transmit</name>
         <load_address>0xaf26</load_address>
         <run_address>0xaf26</run_address>
         <size>0x146</size>
         <input_file_ref idref="fl-23"/>
      </object_component>
      <object_component id="oc-1bf">
         <name>.text:CC_RadioInit_v</name>
         <load_address>0xb06c</load_address>
         <run_address>0xb06c</run_address>
         <size>0x13c</size>
         <input_file_ref idref="fl-1d"/>
      </object_component>
      <object_component id="oc-1f1">
         <name>.text:dispatchFrame</name>
         <load_address>0xb1a8</load_address>
         <run_address>0xb1a8</run_address>
         <size>0x13c</size>
         <input_file_ref idref="fl-25"/>
      </object_component>
      <object_component id="oc-1a9">
         <name>.text:USB_reset</name>
         <load_address>0xb2e4</load_address>
         <run_address>0xb2e4</run_address>
         <size>0x120</size>
         <input_file_ref idref="fl-e"/>
      </object_component>
      <object_component id="oc-1d4">
         <name>.text:SMPL_Ioctl</name>
         <load_address>0xb404</load_address>
         <run_address>0xb404</run_address>
         <size>0x118</size>
         <input_file_ref idref="fl-24"/>
      </object_component>
      <object_component id="oc-21a">
         <name>.text:SMPL_SendOpt</name>
         <load_address>0xb51c</load_address>
         <run_address>0xb51c</run_address>
         <size>0x10c</size>
         <input_file_ref idref="fl-24"/>
      </object_component>
      <object_component id="oc-272">
         <name>.text:smpl_send_join_reply</name>
         <load_address>0xb628</load_address>
         <run_address>0xb628</run_address>
         <size>0x106</size>
         <input_file_ref idref="fl-29"/>
      </object_component>
      <object_component id="oc-1b3">
         <name>.text:StateMachineAndScheduler_v</name>
         <load_address>0xb72e</load_address>
         <run_address>0xb72e</run_address>
         <size>0x102</size>
         <input_file_ref idref="fl-1b"/>
      </object_component>
      <object_component id="oc-1a3">
         <name>.text:CdcToBufferFromHost</name>
         <load_address>0xb830</load_address>
         <run_address>0xb830</run_address>
         <size>0xfe</size>
         <input_file_ref idref="fl-c"/>
      </object_component>
      <object_component id="oc-1fd">
         <name>.text:sendDataPacket</name>
         <load_address>0xb92e</load_address>
         <run_address>0xb92e</run_address>
         <size>0xfe</size>
         <input_file_ref idref="fl-12"/>
      </object_component>
      <object_component id="oc-19b">
         <name>.text:wbsl_main</name>
         <load_address>0xba2c</load_address>
         <run_address>0xba2c</run_address>
         <size>0xee</size>
         <input_file_ref idref="fl-12"/>
      </object_component>
      <object_component id="oc-18a">
         <name>.text:Mrfi_SyncPinRxIsr</name>
         <load_address>0xbb1a</load_address>
         <run_address>0xbb1a</run_address>
         <size>0xe4</size>
         <input_file_ref idref="fl-23"/>
      </object_component>
      <object_component id="oc-27a">
         <name>.text:nwk_allocateLocalRxPort</name>
         <load_address>0xbbfe</load_address>
         <run_address>0xbbfe</run_address>
         <size>0xd4</size>
         <input_file_ref idref="fl-2f"/>
      </object_component>
      <object_component id="oc-1be">
         <name>.text:SetVCoreUp</name>
         <load_address>0xbcd2</load_address>
         <run_address>0xbcd2</run_address>
         <size>0xce</size>
         <input_file_ref idref="fl-9"/>
      </object_component>
      <object_component id="oc-25f">
         <name>.text:nwk_processMgmt</name>
         <load_address>0xbda0</load_address>
         <run_address>0xbda0</run_address>
         <size>0xce</size>
         <input_file_ref idref="fl-2b"/>
      </object_component>
      <object_component id="oc-1c0">
         <name>.text:USB_InitSerialStringDescriptor</name>
         <load_address>0xbe6e</load_address>
         <run_address>0xbe6e</run_address>
         <size>0xc4</size>
         <input_file_ref idref="fl-e"/>
      </object_component>
      <object_component id="oc-1fe">
         <name>.text:sendInitPacket</name>
         <load_address>0xbf32</load_address>
         <run_address>0xbf32</run_address>
         <size>0xbc</size>
         <input_file_ref idref="fl-12"/>
      </object_component>
      <object_component id="oc-25b">
         <name>.text:nwk_processLink</name>
         <load_address>0xbfee</load_address>
         <run_address>0xbfee</run_address>
         <size>0xba</size>
         <input_file_ref idref="fl-2a"/>
      </object_component>
      <object_component id="oc-1bc">
         <name>.text:wbsl_RfIsr</name>
         <load_address>0xc0a8</load_address>
         <run_address>0xc0a8</run_address>
         <size>0xaa</size>
         <input_file_ref idref="fl-12"/>
      </object_component>
      <object_component id="oc-229">
         <name>.text:isDupSandFFrame</name>
         <load_address>0xc152</load_address>
         <run_address>0xc152</run_address>
         <size>0xa6</size>
         <input_file_ref idref="fl-25"/>
      </object_component>
      <object_component id="oc-211">
         <name>.text:nwk_radioControl</name>
         <load_address>0xc1f8</load_address>
         <run_address>0xc1f8</run_address>
         <size>0xa4</size>
         <input_file_ref idref="fl-28"/>
      </object_component>
      <object_component id="oc-19a">
         <name>.text:wbsl_config</name>
         <load_address>0xc29c</load_address>
         <run_address>0xc29c</run_address>
         <size>0xa4</size>
         <input_file_ref idref="fl-12"/>
      </object_component>
      <object_component id="oc-219">
         <name>.text:nwk_retrieveFrame</name>
         <load_address>0xc340</load_address>
         <run_address>0xc340</run_address>
         <size>0xa2</size>
         <input_file_ref idref="fl-25"/>
      </object_component>
      <object_component id="oc-220">
         <name>.text:USBCDC_intfStatus</name>
         <load_address>0xc3e2</load_address>
         <run_address>0xc3e2</run_address>
         <size>0x98</size>
         <input_file_ref idref="fl-c"/>
      </object_component>
      <object_component id="oc-1db">
         <name>.text:USB_Handler_v</name>
         <load_address>0xc47a</load_address>
         <run_address>0xc47a</run_address>
         <size>0x92</size>
         <input_file_ref idref="fl-4"/>
      </object_component>
      <object_component id="oc-22a">
         <name>.text:nwk_isConnectionValid</name>
         <load_address>0xc50c</load_address>
         <run_address>0xc50c</run_address>
         <size>0x92</size>
         <input_file_ref idref="fl-2f"/>
      </object_component>
      <object_component id="oc-23e">
         <name>.text:nwk_buildFrame</name>
         <load_address>0xc59e</load_address>
         <run_address>0xc59e</run_address>
         <size>0x90</size>
         <input_file_ref idref="fl-25"/>
      </object_component>
      <object_component id="oc-1d9">
         <name>.text:usbDecodeAndProcessUsbRequest</name>
         <load_address>0xc62e</load_address>
         <run_address>0xc62e</run_address>
         <size>0x90</size>
         <input_file_ref idref="fl-e"/>
      </object_component>
      <object_component id="oc-18d">
         <name>.text:CC_SPI_Init_v</name>
         <load_address>0xc6be</load_address>
         <run_address>0xc6be</run_address>
         <size>0x8c</size>
         <input_file_ref idref="fl-2"/>
      </object_component>
      <object_component id="oc-1bd">
         <name>.text:SetVCoreDown</name>
         <load_address>0xc74a</load_address>
         <run_address>0xc74a</run_address>
         <size>0x8c</size>
         <input_file_ref idref="fl-9"/>
      </object_component>
      <object_component id="oc-1b7">
         <name>.text:spiBurstFifoAccess</name>
         <load_address>0xc7d6</load_address>
         <run_address>0xc7d6</run_address>
         <size>0x8a</size>
         <input_file_ref idref="fl-23"/>
      </object_component>
      <object_component id="oc-22b">
         <name>.text:spiBurstFifoAccess</name>
         <load_address>0xc860</load_address>
         <run_address>0xc860</run_address>
         <size>0x8a</size>
         <input_file_ref idref="fl-11"/>
      </object_component>
      <object_component id="oc-201">
         <name>.text:nwk_nwkInit</name>
         <load_address>0xc8ea</load_address>
         <run_address>0xc8ea</run_address>
         <size>0x88</size>
         <input_file_ref idref="fl-2f"/>
      </object_component>
      <object_component id="oc-275">
         <name>.text:nwk_SendEmptyPollRspFrame</name>
         <load_address>0xc972</load_address>
         <run_address>0xc972</run_address>
         <size>0x86</size>
         <input_file_ref idref="fl-25"/>
      </object_component>
      <object_component id="oc-1c2">
         <name>.text:USB_enable</name>
         <load_address>0xc9f8</load_address>
         <run_address>0xc9f8</run_address>
         <size>0x84</size>
         <input_file_ref idref="fl-e"/>
      </object_component>
      <object_component id="oc-1ef">
         <name>.text:nwk_QfindSlot</name>
         <load_address>0xca7c</load_address>
         <run_address>0xca7c</run_address>
         <size>0x80</size>
         <input_file_ref idref="fl-2d"/>
      </object_component>
      <object_component id="oc-261">
         <name>.text:nwk_sendAckReply</name>
         <load_address>0xcafc</load_address>
         <run_address>0xcafc</run_address>
         <size>0x80</size>
         <input_file_ref idref="fl-25"/>
      </object_component>
      <object_component id="oc-1f3">
         <name>.text:BR_SPI_Init_v</name>
         <load_address>0xcb7c</load_address>
         <run_address>0xcb7c</run_address>
         <size>0x78</size>
         <input_file_ref idref="fl-1f"/>
      </object_component>
      <object_component id="oc-1a1">
         <name>.text:USBCDC_bytesInUSBBuffer</name>
         <load_address>0xcbf4</load_address>
         <run_address>0xcbf4</run_address>
         <size>0x78</size>
         <input_file_ref idref="fl-c"/>
      </object_component>
      <object_component id="oc-274">
         <name>.text:nwk_getSandFFrame</name>
         <load_address>0xcc6c</load_address>
         <run_address>0xcc6c</run_address>
         <size>0x74</size>
         <input_file_ref idref="fl-25"/>
      </object_component>
      <object_component id="oc-221">
         <name>.text:USBCDC_sendData</name>
         <load_address>0xcce0</load_address>
         <run_address>0xcce0</run_address>
         <size>0x72</size>
         <input_file_ref idref="fl-c"/>
      </object_component>
      <object_component id="oc-252">
         <name>.text:usbGetEndpointStatus</name>
         <load_address>0xcd52</load_address>
         <run_address>0xcd52</run_address>
         <size>0x70</size>
         <input_file_ref idref="fl-e"/>
      </object_component>
      <object_component id="oc-1e2">
         <name>.text:usbSendNextPacketOnIEP0</name>
         <load_address>0xcdc2</load_address>
         <run_address>0xcdc2</run_address>
         <size>0x70</size>
         <input_file_ref idref="fl-e"/>
      </object_component>
      <object_component id="oc-1cc">
         <name>.text:wbsl_link</name>
         <load_address>0xce32</load_address>
         <run_address>0xce32</run_address>
         <size>0x70</size>
         <input_file_ref idref="fl-12"/>
      </object_component>
      <object_component id="oc-1b2">
         <name>.text:CC_RadioTransmitRegularData_v</name>
         <load_address>0xcea2</load_address>
         <run_address>0xcea2</run_address>
         <size>0x6e</size>
         <input_file_ref idref="fl-1d"/>
      </object_component>
      <object_component id="oc-25a">
         <name>.text:nwk_processPing</name>
         <load_address>0xcf10</load_address>
         <run_address>0xcf10</run_address>
         <size>0x6c</size>
         <input_file_ref idref="fl-2c"/>
      </object_component>
      <object_component id="oc-1d5">
         <name>.text:SMPL_LinkListen</name>
         <load_address>0xcf7c</load_address>
         <run_address>0xcf7c</run_address>
         <size>0x68</size>
         <input_file_ref idref="fl-24"/>
      </object_component>
      <object_component id="oc-27d">
         <name>.text:nwk_saveJoinedDevice</name>
         <load_address>0xcfe4</load_address>
         <run_address>0xcfe4</run_address>
         <size>0x66</size>
         <input_file_ref idref="fl-2f"/>
      </object_component>
      <object_component id="oc-1dc">
         <name>.text:CopyUsbToBuff</name>
         <load_address>0xd04a</load_address>
         <run_address>0xd04a</run_address>
         <size>0x5e</size>
         <input_file_ref idref="fl-c"/>
      </object_component>
      <object_component id="oc-231">
         <name>.text:MRFI_SetRFPwr</name>
         <load_address>0xd0a8</load_address>
         <run_address>0xd0a8</run_address>
         <size>0x5e</size>
         <input_file_ref idref="fl-23"/>
      </object_component>
      <object_component id="oc-230">
         <name>.text:MRFI_SetLogicalChannel</name>
         <load_address>0xd106</load_address>
         <run_address>0xd106</run_address>
         <size>0x5c</size>
         <input_file_ref idref="fl-23"/>
      </object_component>
      <object_component id="oc-245">
         <name>.text:MRFI_ReplyDelay</name>
         <load_address>0xd162</load_address>
         <run_address>0xd162</run_address>
         <size>0x5a</size>
         <input_file_ref idref="fl-23"/>
      </object_component>
      <object_component id="oc-196">
         <name>.text:USB_init</name>
         <load_address>0xd1bc</load_address>
         <run_address>0xd1bc</run_address>
         <size>0x58</size>
         <input_file_ref idref="fl-e"/>
      </object_component>
      <object_component id="oc-24a">
         <name>.text:usbClearEndpointFeature</name>
         <load_address>0xd214</load_address>
         <run_address>0xd214</run_address>
         <size>0x56</size>
         <input_file_ref idref="fl-e"/>
      </object_component>
      <object_component id="oc-25c">
         <name>.text:nwk_processJoin</name>
         <load_address>0xd26a</load_address>
         <run_address>0xd26a</run_address>
         <size>0x52</size>
         <input_file_ref idref="fl-29"/>
      </object_component>
      <object_component id="oc-20e">
         <name>.text:nwk_rawSend</name>
         <load_address>0xd2bc</load_address>
         <run_address>0xd2bc</run_address>
         <size>0x52</size>
         <input_file_ref idref="fl-28"/>
      </object_component>
      <object_component id="oc-246">
         <name>.text:usbGetLineCoding</name>
         <load_address>0xd30e</load_address>
         <run_address>0xd30e</run_address>
         <size>0x52</size>
         <input_file_ref idref="fl-c"/>
      </object_component>
      <object_component id="oc-255">
         <name>.text:usbSetEndpointFeature</name>
         <load_address>0xd360</load_address>
         <run_address>0xd360</run_address>
         <size>0x50</size>
         <input_file_ref idref="fl-e"/>
      </object_component>
      <object_component id="oc-1e1">
         <name>.text:Handler_SetLineCoding</name>
         <load_address>0xd3b0</load_address>
         <run_address>0xd3b0</run_address>
         <size>0x4c</size>
         <input_file_ref idref="fl-c"/>
      </object_component>
      <object_component id="oc-191">
         <name>.text:InitClock_v</name>
         <load_address>0xd3fc</load_address>
         <run_address>0xd3fc</run_address>
         <size>0x4a</size>
         <input_file_ref idref="fl-4"/>
      </object_component>
      <object_component id="oc-1bb">
         <name>.text:mrfiSpiCmdStrobe</name>
         <load_address>0xd446</load_address>
         <run_address>0xd446</run_address>
         <size>0x4a</size>
         <input_file_ref idref="fl-23"/>
      </object_component>
      <object_component id="oc-26f">
         <name>.text:nwk_isValidReply</name>
         <load_address>0xd490</load_address>
         <run_address>0xd490</run_address>
         <size>0x4a</size>
         <input_file_ref idref="fl-2f"/>
      </object_component>
      <object_component id="oc-24e">
         <name>.text:usbGetStringDescriptor</name>
         <load_address>0xd4da</load_address>
         <run_address>0xd4da</run_address>
         <size>0x4a</size>
         <input_file_ref idref="fl-e"/>
      </object_component>
      <object_component id="oc-1cb">
         <name>.text:wbsl_SpiCmdStrobe</name>
         <load_address>0xd524</load_address>
         <run_address>0xd524</run_address>
         <size>0x4a</size>
         <input_file_ref idref="fl-11"/>
      </object_component>
      <object_component id="oc-1f7">
         <name>.text:Get_TLV_Info</name>
         <load_address>0xd56e</load_address>
         <run_address>0xd56e</run_address>
         <size>0x48</size>
         <input_file_ref idref="fl-a"/>
      </object_component>
      <object_component id="oc-241">
         <name>.text:MRFI_Rssi</name>
         <load_address>0xd5b6</load_address>
         <run_address>0xd5b6</run_address>
         <size>0x48</size>
         <input_file_ref idref="fl-23"/>
      </object_component>
      <object_component id="oc-183">
         <name>.text:_auto_init</name>
         <load_address>0xd5fe</load_address>
         <run_address>0xd5fe</run_address>
         <size>0x48</size>
         <input_file_ref idref="fl-4f"/>
      </object_component>
      <object_component id="oc-278">
         <name>.text:nwk_findAlreadyJoined</name>
         <load_address>0xd646</load_address>
         <run_address>0xd646</run_address>
         <size>0x48</size>
         <input_file_ref idref="fl-2f"/>
      </object_component>
      <object_component id="oc-1ed">
         <name>.text:BRTX_MakePacket_v</name>
         <load_address>0xd68e</load_address>
         <run_address>0xd68e</run_address>
         <size>0x46</size>
         <input_file_ref idref="fl-20"/>
      </object_component>
      <object_component id="oc-1e9">
         <name>.text:BR_CalcRandomTimeOffset_u16</name>
         <load_address>0xd6d4</load_address>
         <run_address>0xd6d4</run_address>
         <size>0x46</size>
         <input_file_ref idref="fl-1e"/>
      </object_component>
      <object_component id="oc-227">
         <name>.text:nwk_isSandFClient</name>
         <load_address>0xd71a</load_address>
         <run_address>0xd71a</run_address>
         <size>0x46</size>
         <input_file_ref idref="fl-29"/>
      </object_component>
      <object_component id="oc-1e0">
         <name>.text:usbReceiveNextPacketOnOEP0</name>
         <load_address>0xd760</load_address>
         <run_address>0xd760</run_address>
         <size>0x46</size>
         <input_file_ref idref="fl-e"/>
      </object_component>
      <object_component id="oc-1c9">
         <name>.text:wbsl_reset</name>
         <load_address>0xd7a6</load_address>
         <run_address>0xd7a6</run_address>
         <size>0x46</size>
         <input_file_ref idref="fl-12"/>
      </object_component>
      <object_component id="oc-1d6">
         <name>.text:SMPL_Receive</name>
         <load_address>0xd7ec</load_address>
         <run_address>0xd7ec</run_address>
         <size>0x44</size>
         <input_file_ref idref="fl-24"/>
      </object_component>
      <object_component id="oc-19f">
         <name>.text:SetupPacketInterruptHandler</name>
         <load_address>0xd830</load_address>
         <run_address>0xd830</run_address>
         <size>0x44</size>
         <input_file_ref idref="fl-f"/>
      </object_component>
      <object_component id="oc-270">
         <name>.text:nwk_findPeer</name>
         <load_address>0xd874</load_address>
         <run_address>0xd874</run_address>
         <size>0x44</size>
         <input_file_ref idref="fl-2f"/>
      </object_component>
      <object_component id="oc-214">
         <name>.text:nwk_getLocalLinkID</name>
         <load_address>0xd8b8</load_address>
         <run_address>0xd8b8</run_address>
         <size>0x44</size>
         <input_file_ref idref="fl-2a"/>
      </object_component>
      <object_component id="oc-277">
         <name>.text:nwk_isLinkDuplicate</name>
         <load_address>0xd8fc</load_address>
         <run_address>0xd8fc</run_address>
         <size>0x44</size>
         <input_file_ref idref="fl-2f"/>
      </object_component>
      <object_component id="oc-1b6">
         <name>.text:spiRegAccess</name>
         <load_address>0xd940</load_address>
         <run_address>0xd940</run_address>
         <size>0x44</size>
         <input_file_ref idref="fl-23"/>
      </object_component>
      <object_component id="oc-1fb">
         <name>.text:spiRegAccess</name>
         <load_address>0xd984</load_address>
         <run_address>0xd984</run_address>
         <size>0x44</size>
         <input_file_ref idref="fl-11"/>
      </object_component>
      <object_component id="oc-1d8">
         <name>.text:MRFI_RxIdle</name>
         <load_address>0xd9c8</load_address>
         <run_address>0xd9c8</run_address>
         <size>0x42</size>
         <input_file_ref idref="fl-23"/>
      </object_component>
      <object_component id="oc-1ad">
         <name>.text:PWRVBUSoffHandler</name>
         <load_address>0xda0a</load_address>
         <run_address>0xda0a</run_address>
         <size>0x42</size>
         <input_file_ref idref="fl-f"/>
      </object_component>
      <object_component id="oc-1e4">
         <name>.text:CC_RadioIdle_v</name>
         <load_address>0xda4c</load_address>
         <run_address>0xda4c</run_address>
         <size>0x40</size>
         <input_file_ref idref="fl-1d"/>
      </object_component>
      <object_component id="oc-190">
         <name>.text:SetVCore</name>
         <load_address>0xda8c</load_address>
         <run_address>0xda8c</run_address>
         <size>0x3e</size>
         <input_file_ref idref="fl-9"/>
      </object_component>
      <object_component id="oc-237">
         <name>.text:nwk_joinInit</name>
         <load_address>0xdaca</load_address>
         <run_address>0xdaca</run_address>
         <size>0x3e</size>
         <input_file_ref idref="fl-29"/>
      </object_component>
      <object_component id="oc-228">
         <name>.text:nwk_replayFrame</name>
         <load_address>0xdb08</load_address>
         <run_address>0xdb08</run_address>
         <size>0x3e</size>
         <input_file_ref idref="fl-25"/>
      </object_component>
      <object_component id="oc-280">
         <name>.text:initializeConnection</name>
         <load_address>0xdb46</load_address>
         <run_address>0xdb46</run_address>
         <size>0x3c</size>
         <input_file_ref idref="fl-2f"/>
      </object_component>
      <object_component id="oc-1df">
         <name>.text:CdcResetData</name>
         <load_address>0xdb82</load_address>
         <run_address>0xdb82</run_address>
         <size>0x3a</size>
         <input_file_ref idref="fl-c"/>
      </object_component>
      <object_component id="oc-1b8">
         <name>.text:MRFI_RxAddrIsFiltered</name>
         <load_address>0xdbbc</load_address>
         <run_address>0xdbbc</run_address>
         <size>0x3a</size>
         <input_file_ref idref="fl-23"/>
      </object_component>
      <object_component id="oc-279">
         <name>.text:nwk_getNextConnection</name>
         <load_address>0xdbf6</load_address>
         <run_address>0xdbf6</run_address>
         <size>0x3a</size>
         <input_file_ref idref="fl-2f"/>
      </object_component>
      <object_component id="oc-19d">
         <name>.text:BRTX_Start_v</name>
         <load_address>0xdc30</load_address>
         <run_address>0xdc30</run_address>
         <size>0x38</size>
         <input_file_ref idref="fl-1c"/>
      </object_component>
      <object_component id="oc-188">
         <name>.text:_isr:BRTX_Timing_IRQ_v</name>
         <load_address>0xdc68</load_address>
         <run_address>0xdc68</run_address>
         <size>0x38</size>
         <input_file_ref idref="fl-1b"/>
      </object_component>
      <object_component id="oc-27c">
         <name>.text:nwk_putNumObjectIntoMsg</name>
         <load_address>0xdca0</load_address>
         <run_address>0xdca0</run_address>
         <size>0x38</size>
         <input_file_ref idref="fl-2f"/>
      </object_component>
      <object_component id="oc-1b9">
         <name>.text:Mrfi_CalculateRssi</name>
         <load_address>0xdcd8</load_address>
         <run_address>0xdcd8</run_address>
         <size>0x36</size>
         <input_file_ref idref="fl-23"/>
      </object_component>
      <object_component id="oc-189">
         <name>.text:_isr:UNMI_ISR</name>
         <load_address>0xdd0e</load_address>
         <run_address>0xdd0e</run_address>
         <size>0x36</size>
         <input_file_ref idref="fl-4"/>
      </object_component>
      <object_component id="oc-21c">
         <name>.text:usbSetAddress</name>
         <load_address>0xdd44</load_address>
         <run_address>0xdd44</run_address>
         <size>0x36</size>
         <input_file_ref idref="fl-e"/>
      </object_component>
      <object_component id="oc-223">
         <name>.text:BR_CalcCRC_u8</name>
         <load_address>0xdd7a</load_address>
         <run_address>0xdd7a</run_address>
         <size>0x34</size>
         <input_file_ref idref="fl-1e"/>
      </object_component>
      <object_component id="oc-22d">
         <name>.text:mrfiSpiInit</name>
         <load_address>0xddae</load_address>
         <run_address>0xddae</run_address>
         <size>0x34</size>
         <input_file_ref idref="fl-23"/>
      </object_component>
      <object_component id="oc-1c4">
         <name>.text:wbsl_SpiInit</name>
         <load_address>0xdde2</load_address>
         <run_address>0xdde2</run_address>
         <size>0x34</size>
         <input_file_ref idref="fl-11"/>
      </object_component>
      <object_component id="oc-198">
         <name>.text:USB_connectionInfo</name>
         <load_address>0xde16</load_address>
         <run_address>0xde16</run_address>
         <size>0x32</size>
         <input_file_ref idref="fl-e"/>
      </object_component>
      <object_component id="oc-20d">
         <name>.text:nwk_deviceAddress</name>
         <load_address>0xde48</load_address>
         <run_address>0xde48</run_address>
         <size>0x32</size>
         <input_file_ref idref="fl-28"/>
      </object_component>
      <object_component id="oc-1fc">
         <name>.text:wbsl_transmit</name>
         <load_address>0xde7a</load_address>
         <run_address>0xde7a</run_address>
         <size>0x32</size>
         <input_file_ref idref="fl-12"/>
      </object_component>
      <object_component id="oc-202">
         <name>.text:MRFI_WakeUp</name>
         <load_address>0xdeac</load_address>
         <run_address>0xdeac</run_address>
         <size>0x30</size>
         <input_file_ref idref="fl-23"/>
      </object_component>
      <object_component id="oc-1af">
         <name>.text:PWRVBUSonHandler</name>
         <load_address>0xdedc</load_address>
         <run_address>0xdedc</run_address>
         <size>0x30</size>
         <input_file_ref idref="fl-f"/>
      </object_component>
      <object_component id="oc-1f9">
         <name>.text:XT2_Start</name>
         <load_address>0xdf0c</load_address>
         <run_address>0xdf0c</run_address>
         <size>0x30</size>
         <input_file_ref idref="fl-b"/>
      </object_component>
      <object_component id="oc-1f8">
         <name>.text:memcpyDMA0</name>
         <load_address>0xdf3c</load_address>
         <run_address>0xdf3c</run_address>
         <size>0x30</size>
         <input_file_ref idref="fl-d"/>
      </object_component>
      <object_component id="oc-224">
         <name>.text:nwk_QadjustOrder</name>
         <load_address>0xdf6c</load_address>
         <run_address>0xdf6c</run_address>
         <size>0x30</size>
         <input_file_ref idref="fl-2d"/>
      </object_component>
      <object_component id="oc-20f">
         <name>.text:nwk_rawReceive</name>
         <load_address>0xdf9c</load_address>
         <run_address>0xdf9c</run_address>
         <size>0x30</size>
         <input_file_ref idref="fl-28"/>
      </object_component>
      <object_component id="oc-23f">
         <name>.text:nwk_sendFrame</name>
         <load_address>0xdfcc</load_address>
         <run_address>0xdfcc</run_address>
         <size>0x30</size>
         <input_file_ref idref="fl-25"/>
      </object_component>
      <object_component id="oc-1cd">
         <name>.text:wbsl_sendPacket</name>
         <load_address>0xdffc</load_address>
         <run_address>0xdffc</run_address>
         <size>0x30</size>
         <input_file_ref idref="fl-12"/>
      </object_component>
      <object_component id="oc-203">
         <name>.text:MRFI_RxOn</name>
         <load_address>0xe02c</load_address>
         <run_address>0xe02c</run_address>
         <size>0x2e</size>
         <input_file_ref idref="fl-23"/>
      </object_component>
      <object_component id="oc-1ab">
         <name>.text:OEP0InterruptHandler</name>
         <load_address>0xe05a</load_address>
         <run_address>0xe05a</run_address>
         <size>0x2e</size>
         <input_file_ref idref="fl-f"/>
      </object_component>
      <object_component id="oc-1d3">
         <name>.text:SMPL_Init</name>
         <load_address>0xe088</load_address>
         <run_address>0xe088</run_address>
         <size>0x2c</size>
         <input_file_ref idref="fl-24"/>
      </object_component>
      <object_component id="oc-1a7">
         <name>.text:USB_suspend</name>
         <load_address>0xe0b4</load_address>
         <run_address>0xe0b4</run_address>
         <size>0x2c</size>
         <input_file_ref idref="fl-e"/>
      </object_component>
      <object_component id="oc-273">
         <name>.text:nwk_checkAppMsgTID</name>
         <load_address>0xe0e0</load_address>
         <run_address>0xe0e0</run_address>
         <size>0x2c</size>
         <input_file_ref idref="fl-2f"/>
      </object_component>
      <object_component id="oc-1ca">
         <name>.text:rxModeOff</name>
         <load_address>0xe10c</load_address>
         <run_address>0xe10c</run_address>
         <size>0x2c</size>
         <input_file_ref idref="fl-12"/>
      </object_component>
      <object_component id="oc-216">
         <name>.text:MRFI_Sleep</name>
         <load_address>0xe138</load_address>
         <run_address>0xe138</run_address>
         <size>0x2a</size>
         <input_file_ref idref="fl-23"/>
      </object_component>
      <object_component id="oc-71">
         <name>.text:_isr:_c_int00_noexit</name>
         <load_address>0xe162</load_address>
         <run_address>0xe162</run_address>
         <size>0x2a</size>
         <input_file_ref idref="fl-30"/>
      </object_component>
      <object_component id="oc-217">
         <name>.text:nwk_getConnInfo</name>
         <load_address>0xe18c</load_address>
         <run_address>0xe18c</run_address>
         <size>0x2a</size>
         <input_file_ref idref="fl-2f"/>
      </object_component>
      <object_component id="oc-232">
         <name>.text:nwk_globalsInit</name>
         <load_address>0xe1b6</load_address>
         <run_address>0xe1b6</run_address>
         <size>0x2a</size>
         <input_file_ref idref="fl-27"/>
      </object_component>
      <object_component id="oc-239">
         <name>.text:nwk_linkInit</name>
         <load_address>0xe1e0</load_address>
         <run_address>0xe1e0</run_address>
         <size>0x2a</size>
         <input_file_ref idref="fl-2a"/>
      </object_component>
      <object_component id="oc-250">
         <name>.text:usbGetDeviceStatus</name>
         <load_address>0xe20a</load_address>
         <run_address>0xe20a</run_address>
         <size>0x2a</size>
         <input_file_ref idref="fl-e"/>
      </object_component>
      <object_component id="oc-1ea">
         <name>.text:BRTX_DataTransfered_v</name>
         <load_address>0xe234</load_address>
         <run_address>0xe234</run_address>
         <size>0x28</size>
         <input_file_ref idref="fl-3"/>
      </object_component>
      <object_component id="oc-1c1">
         <name>.text:USB_initMemcpy</name>
         <load_address>0xe25c</load_address>
         <run_address>0xe25c</run_address>
         <size>0x28</size>
         <input_file_ref idref="fl-d"/>
      </object_component>
      <object_component id="oc-242">
         <name>.text:map_lid2idx</name>
         <load_address>0xe284</load_address>
         <run_address>0xe284</run_address>
         <size>0x28</size>
         <input_file_ref idref="fl-2f"/>
      </object_component>
      <object_component id="oc-253">
         <name>.text:usbSetConfiguration</name>
         <load_address>0xe2ac</load_address>
         <run_address>0xe2ac</run_address>
         <size>0x28</size>
         <input_file_ref idref="fl-e"/>
      </object_component>
      <object_component id="oc-22e">
         <name>.text:Mrfi_DelayUsec</name>
         <load_address>0xe2d4</load_address>
         <run_address>0xe2d4</run_address>
         <size>0x26</size>
         <input_file_ref idref="fl-23"/>
      </object_component>
      <object_component id="oc-180">
         <name>.text:_isr:BSP_GpioPort1Isr</name>
         <load_address>0xe2fa</load_address>
         <run_address>0xe2fa</run_address>
         <size>0x26</size>
         <input_file_ref idref="fl-23"/>
      </object_component>
      <object_component id="oc-234">
         <name>.text:nwk_QInit</name>
         <load_address>0xe320</load_address>
         <run_address>0xe320</run_address>
         <size>0x26</size>
         <input_file_ref idref="fl-2d"/>
      </object_component>
      <object_component id="oc-218">
         <name>.text:nwk_checkConnInfo</name>
         <load_address>0xe346</load_address>
         <run_address>0xe346</run_address>
         <size>0x26</size>
         <input_file_ref idref="fl-2f"/>
      </object_component>
      <object_component id="oc-249">
         <name>.text:usbClearDeviceFeature</name>
         <load_address>0xe36c</load_address>
         <run_address>0xe36c</run_address>
         <size>0x26</size>
         <input_file_ref idref="fl-e"/>
      </object_component>
      <object_component id="oc-254">
         <name>.text:usbSetDeviceFeature</name>
         <load_address>0xe392</load_address>
         <run_address>0xe392</run_address>
         <size>0x26</size>
         <input_file_ref idref="fl-e"/>
      </object_component>
      <object_component id="oc-1fa">
         <name>.text:BSP_Delay</name>
         <load_address>0xe3b8</load_address>
         <run_address>0xe3b8</run_address>
         <size>0x24</size>
         <input_file_ref idref="fl-21"/>
      </object_component>
      <object_component id="oc-1d1">
         <name>.text:BSP_Init</name>
         <load_address>0xe3dc</load_address>
         <run_address>0xe3dc</run_address>
         <size>0x24</size>
         <input_file_ref idref="fl-21"/>
      </object_component>
      <object_component id="oc-233">
         <name>.text:nwk_frameInit</name>
         <load_address>0xe400</load_address>
         <run_address>0xe400</run_address>
         <size>0x24</size>
         <input_file_ref idref="fl-25"/>
      </object_component>
      <object_component id="oc-192">
         <name>.text:BR_Init_v</name>
         <load_address>0xe424</load_address>
         <run_address>0xe424</run_address>
         <size>0x22</size>
         <input_file_ref idref="fl-1c"/>
      </object_component>
      <object_component id="oc-1b5">
         <name>.text:USB_disable</name>
         <load_address>0xe446</load_address>
         <run_address>0xe446</run_address>
         <size>0x22</size>
         <input_file_ref idref="fl-e"/>
      </object_component>
      <object_component id="oc-259">
         <name>.text:USB_disconnect</name>
         <load_address>0xe468</load_address>
         <run_address>0xe468</run_address>
         <size>0x22</size>
         <input_file_ref idref="fl-e"/>
      </object_component>
      <object_component id="oc-244">
         <name>.text:nwk_buildAckReqFrame</name>
         <load_address>0xe48a</load_address>
         <run_address>0xe48a</run_address>
         <size>0x22</size>
         <input_file_ref idref="fl-25"/>
      </object_component>
      <object_component id="oc-1c5">
         <name>.text:wbsl_DelayUsec</name>
         <load_address>0xe4ac</load_address>
         <run_address>0xe4ac</run_address>
         <size>0x22</size>
         <input_file_ref idref="fl-12"/>
      </object_component>
      <object_component id="oc-1b1">
         <name>.text:CC_RadioPowerdown_v</name>
         <load_address>0xe4ce</load_address>
         <run_address>0xe4ce</run_address>
         <size>0x20</size>
         <input_file_ref idref="fl-1d"/>
      </object_component>
      <object_component id="oc-1ba">
         <name>.text:MRFI_RxCompleteISR</name>
         <load_address>0xe4ee</load_address>
         <run_address>0xe4ee</run_address>
         <size>0x20</size>
         <input_file_ref idref="fl-25"/>
      </object_component>
      <object_component id="oc-27f">
         <name>.text:memmove</name>
         <load_address>0xe50e</load_address>
         <run_address>0xe50e</run_address>
         <size>0x20</size>
         <input_file_ref idref="fl-4b"/>
      </object_component>
      <object_component id="oc-205">
         <name>.text:nwk_connectionControl</name>
         <load_address>0xe52e</load_address>
         <run_address>0xe52e</run_address>
         <size>0x20</size>
         <input_file_ref idref="fl-28"/>
      </object_component>
      <object_component id="oc-268">
         <name>.text:usbSendDataPacketOnEP0</name>
         <load_address>0xe54e</load_address>
         <run_address>0xe54e</run_address>
         <size>0x20</size>
         <input_file_ref idref="fl-e"/>
      </object_component>
      <object_component id="oc-195">
         <name>.text:usb_handler_init</name>
         <load_address>0xe56e</load_address>
         <run_address>0xe56e</run_address>
         <size>0x20</size>
         <input_file_ref idref="fl-3"/>
      </object_component>
      <object_component id="oc-23c">
         <name>.text:nwk_setMyAddress</name>
         <load_address>0xe58e</load_address>
         <run_address>0xe58e</run_address>
         <size>0x1e</size>
         <input_file_ref idref="fl-27"/>
      </object_component>
      <object_component id="oc-24f">
         <name>.text:usbGetInterface</name>
         <load_address>0xe5ac</load_address>
         <run_address>0xe5ac</run_address>
         <size>0x1e</size>
         <input_file_ref idref="fl-e"/>
      </object_component>
      <object_component id="oc-251">
         <name>.text:usbGetInterfaceStatus</name>
         <load_address>0xe5ca</load_address>
         <run_address>0xe5ca</run_address>
         <size>0x1e</size>
         <input_file_ref idref="fl-e"/>
      </object_component>
      <object_component id="oc-1c6">
         <name>.text:wbsl_SpiReadReg</name>
         <load_address>0xe5e8</load_address>
         <run_address>0xe5e8</run_address>
         <size>0x1e</size>
         <input_file_ref idref="fl-11"/>
      </object_component>
      <object_component id="oc-1ac">
         <name>.text:IEP0InterruptHandler</name>
         <load_address>0xe606</load_address>
         <run_address>0xe606</run_address>
         <size>0x1c</size>
         <input_file_ref idref="fl-f"/>
      </object_component>
      <object_component id="oc-238">
         <name>.text:nwk_mgmtInit</name>
         <load_address>0xe622</load_address>
         <run_address>0xe622</run_address>
         <size>0x1c</size>
         <input_file_ref idref="fl-2b"/>
      </object_component>
      <object_component id="oc-1c3">
         <name>.text:USB_connect</name>
         <load_address>0xe63e</load_address>
         <run_address>0xe63e</run_address>
         <size>0x1a</size>
         <input_file_ref idref="fl-e"/>
      </object_component>
      <object_component id="oc-256">
         <name>.text:usbSetInterface</name>
         <load_address>0xe658</load_address>
         <run_address>0xe658</run_address>
         <size>0x1a</size>
         <input_file_ref idref="fl-e"/>
      </object_component>
      <object_component id="oc-1ce">
         <name>.text:wbsl_setTimer</name>
         <load_address>0xe672</load_address>
         <run_address>0xe672</run_address>
         <size>0x1a</size>
         <input_file_ref idref="fl-12"/>
      </object_component>
      <object_component id="oc-1e8">
         <name>.text:BR_SPI_SingleWriteRead_u8</name>
         <load_address>0xe68c</load_address>
         <run_address>0xe68c</run_address>
         <size>0x18</size>
         <input_file_ref idref="fl-1f"/>
      </object_component>
      <object_component id="oc-215">
         <name>.text:MRFI_DelayMs</name>
         <load_address>0xe6a4</load_address>
         <run_address>0xe6a4</run_address>
         <size>0x18</size>
         <input_file_ref idref="fl-23"/>
      </object_component>
      <object_component id="oc-1a5">
         <name>.text:USB_resume</name>
         <load_address>0xe6bc</load_address>
         <run_address>0xe6bc</run_address>
         <size>0x18</size>
         <input_file_ref idref="fl-e"/>
      </object_component>
      <object_component id="oc-1c8">
         <name>.text:wbsl_SpiWriteReg</name>
         <load_address>0xe6d4</load_address>
         <run_address>0xe6d4</run_address>
         <size>0x18</size>
         <input_file_ref idref="fl-11"/>
      </object_component>
      <object_component id="oc-265">
         <name>.text:MRFI_RandomByte</name>
         <load_address>0xe6ec</load_address>
         <run_address>0xe6ec</run_address>
         <size>0x16</size>
         <input_file_ref idref="fl-23"/>
      </object_component>
      <object_component id="oc-157">
         <name>.text</name>
         <load_address>0xe702</load_address>
         <run_address>0xe702</run_address>
         <size>0x16</size>
         <input_file_ref idref="fl-35"/>
      </object_component>
      <object_component id="oc-16f">
         <name>.text</name>
         <load_address>0xe718</load_address>
         <run_address>0xe718</run_address>
         <size>0x16</size>
         <input_file_ref idref="fl-4c"/>
      </object_component>
      <object_component id="oc-24d">
         <name>.text:usbGetConfigurationDescriptor</name>
         <load_address>0xe72e</load_address>
         <run_address>0xe72e</run_address>
         <size>0x16</size>
         <input_file_ref idref="fl-e"/>
      </object_component>
      <object_component id="oc-24c">
         <name>.text:usbGetDeviceDescriptor</name>
         <load_address>0xe744</load_address>
         <run_address>0xe744</run_address>
         <size>0x16</size>
         <input_file_ref idref="fl-e"/>
      </object_component>
      <object_component id="oc-18b">
         <name>.text:wbsl_GpioIsr</name>
         <load_address>0xe75a</load_address>
         <run_address>0xe75a</run_address>
         <size>0x16</size>
         <input_file_ref idref="fl-12"/>
      </object_component>
      <object_component id="oc-1ff">
         <name>.text:BSP_InitBoard</name>
         <load_address>0xe770</load_address>
         <run_address>0xe770</run_address>
         <size>0x14</size>
         <input_file_ref idref="fl-21"/>
      </object_component>
      <object_component id="oc-199">
         <name>.text:USB_handleVbusOnEvent</name>
         <load_address>0xe784</load_address>
         <run_address>0xe784</run_address>
         <size>0x14</size>
         <input_file_ref idref="fl-6"/>
      </object_component>
      <object_component id="oc-258">
         <name>.text:bluerobin_stop</name>
         <load_address>0xe798</load_address>
         <run_address>0xe798</run_address>
         <size>0x14</size>
         <input_file_ref idref="fl-4"/>
      </object_component>
      <object_component id="oc-210">
         <name>.text:nwk_joinContext</name>
         <load_address>0xe7ac</load_address>
         <run_address>0xe7ac</run_address>
         <size>0x14</size>
         <input_file_ref idref="fl-28"/>
      </object_component>
      <object_component id="oc-1d2">
         <name>.text:sCB</name>
         <load_address>0xe7c0</load_address>
         <run_address>0xe7c0</run_address>
         <size>0x14</size>
         <input_file_ref idref="fl-22"/>
      </object_component>
      <object_component id="oc-24b">
         <name>.text:usbGetConfiguration</name>
         <load_address>0xe7d4</load_address>
         <run_address>0xe7d4</run_address>
         <size>0x14</size>
         <input_file_ref idref="fl-e"/>
      </object_component>
      <object_component id="oc-269">
         <name>.text:usbReceiveDataPacketOnEP0</name>
         <load_address>0xe7e8</load_address>
         <run_address>0xe7e8</run_address>
         <size>0x14</size>
         <input_file_ref idref="fl-e"/>
      </object_component>
      <object_component id="oc-248">
         <name>.text:usbSetControlLineState</name>
         <load_address>0xe7fc</load_address>
         <run_address>0xe7fc</run_address>
         <size>0x14</size>
         <input_file_ref idref="fl-c"/>
      </object_component>
      <object_component id="oc-1eb">
         <name>.text:BR_CalcRandomChannel_u8</name>
         <load_address>0xe810</load_address>
         <run_address>0xe810</run_address>
         <size>0x12</size>
         <input_file_ref idref="fl-1e"/>
      </object_component>
      <object_component id="oc-1b4">
         <name>.text:CC_OscOn_v</name>
         <load_address>0xe822</load_address>
         <run_address>0xe822</run_address>
         <size>0x12</size>
         <input_file_ref idref="fl-1d"/>
      </object_component>
      <object_component id="oc-1a0">
         <name>.text:CdcIsReceiveInProgress</name>
         <load_address>0xe834</load_address>
         <run_address>0xe834</run_address>
         <size>0x12</size>
         <input_file_ref idref="fl-c"/>
      </object_component>
      <object_component id="oc-18c">
         <name>.text:memcpy</name>
         <load_address>0xe846</load_address>
         <run_address>0xe846</run_address>
         <size>0x12</size>
         <input_file_ref idref="fl-4a"/>
      </object_component>
      <object_component id="oc-20a">
         <name>.text:nwk_getJoinToken</name>
         <load_address>0xe858</load_address>
         <run_address>0xe858</run_address>
         <size>0x12</size>
         <input_file_ref idref="fl-29"/>
      </object_component>
      <object_component id="oc-208">
         <name>.text:nwk_getLinkToken</name>
         <load_address>0xe86a</load_address>
         <run_address>0xe86a</run_address>
         <size>0x12</size>
         <input_file_ref idref="fl-2a"/>
      </object_component>
      <object_component id="oc-23d">
         <name>.text:nwk_getMyAddress</name>
         <load_address>0xe87c</load_address>
         <run_address>0xe87c</run_address>
         <size>0x12</size>
         <input_file_ref idref="fl-27"/>
      </object_component>
      <object_component id="oc-209">
         <name>.text:nwk_setJoinToken</name>
         <load_address>0xe88e</load_address>
         <run_address>0xe88e</run_address>
         <size>0x12</size>
         <input_file_ref idref="fl-29"/>
      </object_component>
      <object_component id="oc-207">
         <name>.text:nwk_setLinkToken</name>
         <load_address>0xe8a0</load_address>
         <run_address>0xe8a0</run_address>
         <size>0x12</size>
         <input_file_ref idref="fl-2a"/>
      </object_component>
      <object_component id="oc-257">
         <name>.text:usbInvalidRequest</name>
         <load_address>0xe8b2</load_address>
         <run_address>0xe8b2</run_address>
         <size>0x12</size>
         <input_file_ref idref="fl-e"/>
      </object_component>
      <object_component id="oc-1e6">
         <name>.text:BR_SPI_WriteRead_u8</name>
         <load_address>0xe8c4</load_address>
         <run_address>0xe8c4</run_address>
         <size>0x10</size>
         <input_file_ref idref="fl-1f"/>
      </object_component>
      <object_component id="oc-18e">
         <name>.text:CC_SPI_WriteRead_u8</name>
         <load_address>0xe8d4</load_address>
         <run_address>0xe8d4</run_address>
         <size>0x10</size>
         <input_file_ref idref="fl-2"/>
      </object_component>
      <object_component id="oc-1a2">
         <name>.text:USBCDC_handleDataReceived</name>
         <load_address>0xe8e4</load_address>
         <run_address>0xe8e4</run_address>
         <size>0x10</size>
         <input_file_ref idref="fl-6"/>
      </object_component>
      <object_component id="oc-187">
         <name>.text:_isr:TIMER0_A1_ISR</name>
         <load_address>0xe8f4</load_address>
         <run_address>0xe8f4</run_address>
         <size>0x10</size>
         <input_file_ref idref="fl-13"/>
      </object_component>
      <object_component id="oc-260">
         <name>.text:nwk_getQ</name>
         <load_address>0xe904</load_address>
         <run_address>0xe904</run_address>
         <size>0x10</size>
         <input_file_ref idref="fl-2d"/>
      </object_component>
      <object_component id="oc-194">
         <name>.text:BRTX_WriteData_v</name>
         <load_address>0xe914</load_address>
         <run_address>0xe914</run_address>
         <size>0xe</size>
         <input_file_ref idref="fl-1c"/>
      </object_component>
      <object_component id="oc-240">
         <name>.text:nwk_setJoinContext</name>
         <load_address>0xe922</load_address>
         <run_address>0xe922</run_address>
         <size>0xe</size>
         <input_file_ref idref="fl-29"/>
      </object_component>
      <object_component id="oc-213">
         <name>.text:nwk_setListenContext</name>
         <load_address>0xe930</load_address>
         <run_address>0xe930</run_address>
         <size>0xe</size>
         <input_file_ref idref="fl-2a"/>
      </object_component>
      <object_component id="oc-26b">
         <name>.text:usbSendZeroLengthPacketOnIEP0</name>
         <load_address>0xe93e</load_address>
         <run_address>0xe93e</run_address>
         <size>0xe</size>
         <input_file_ref idref="fl-e"/>
      </object_component>
      <object_component id="oc-1d0">
         <name>.text:BRTX_GetTimer_u16</name>
         <load_address>0xe94c</load_address>
         <run_address>0xe94c</run_address>
         <size>0xc</size>
         <input_file_ref idref="fl-1b"/>
      </object_component>
      <object_component id="oc-1f4">
         <name>.text:BR_SPI_SelectChipWaitUntilReady_v</name>
         <load_address>0xe958</load_address>
         <run_address>0xe958</run_address>
         <size>0xc</size>
         <input_file_ref idref="fl-1f"/>
      </object_component>
      <object_component id="oc-262">
         <name>.text:MRFI_PostKillSem</name>
         <load_address>0xe964</load_address>
         <run_address>0xe964</run_address>
         <size>0xc</size>
         <input_file_ref idref="fl-23"/>
      </object_component>
      <object_component id="oc-1f0">
         <name>.text:MRFI_Receive</name>
         <load_address>0xe970</load_address>
         <run_address>0xe970</run_address>
         <size>0xc</size>
         <input_file_ref idref="fl-23"/>
      </object_component>
      <object_component id="oc-276">
         <name>.text:nwk_getNumObjectFromMsg</name>
         <load_address>0xe97c</load_address>
         <run_address>0xe97c</run_address>
         <size>0xc</size>
         <input_file_ref idref="fl-2f"/>
      </object_component>
      <object_component id="oc-247">
         <name>.text:usbSetLineCoding</name>
         <load_address>0xe988</load_address>
         <run_address>0xe988</run_address>
         <size>0xc</size>
         <input_file_ref idref="fl-c"/>
      </object_component>
      <object_component id="oc-22c">
         <name>.text:wbsl_SpiWriteTxFifo</name>
         <load_address>0xe994</load_address>
         <run_address>0xe994</run_address>
         <size>0xc</size>
         <input_file_ref idref="fl-11"/>
      </object_component>
      <object_component id="oc-19c">
         <name>.text:BRTX_GetID_u32</name>
         <load_address>0xe9a0</load_address>
         <run_address>0xe9a0</run_address>
         <size>0xa</size>
         <input_file_ref idref="fl-1c"/>
      </object_component>
      <object_component id="oc-193">
         <name>.text:BRTX_SetID_v</name>
         <load_address>0xe9aa</load_address>
         <run_address>0xe9aa</run_address>
         <size>0xa</size>
         <input_file_ref idref="fl-1c"/>
      </object_component>
      <object_component id="oc-26e">
         <name>.text:BRTX_Stop_v</name>
         <load_address>0xe9b4</load_address>
         <run_address>0xe9b4</run_address>
         <size>0xa</size>
         <input_file_ref idref="fl-1c"/>
      </object_component>
      <object_component id="oc-182">
         <name>.text:_system_pre_init</name>
         <load_address>0xe9be</load_address>
         <run_address>0xe9be</run_address>
         <size>0xa</size>
         <input_file_ref idref="fl-21"/>
      </object_component>
      <object_component id="oc-236">
         <name>.text:nwk_pingInit</name>
         <load_address>0xe9c8</load_address>
         <run_address>0xe9c8</run_address>
         <size>0xa</size>
         <input_file_ref idref="fl-2c"/>
      </object_component>
      <object_component id="oc-163">
         <name>.text</name>
         <load_address>0xe9d2</load_address>
         <run_address>0xe9d2</run_address>
         <size>0xa</size>
         <input_file_ref idref="fl-49"/>
      </object_component>
      <object_component id="oc-1f2">
         <name>.text:wbsl_SpiReadRxFifo</name>
         <load_address>0xe9dc</load_address>
         <run_address>0xe9dc</run_address>
         <size>0xa</size>
         <input_file_ref idref="fl-11"/>
      </object_component>
      <object_component id="oc-1ae">
         <name>.text:USB_handleVbusOffEvent</name>
         <load_address>0xe9e6</load_address>
         <run_address>0xe9e6</run_address>
         <size>0x8</size>
         <input_file_ref idref="fl-6"/>
      </object_component>
      <object_component id="oc-197">
         <name>.text:USB_setEnabledEvents</name>
         <load_address>0xe9ee</load_address>
         <run_address>0xe9ee</run_address>
         <size>0x8</size>
         <input_file_ref idref="fl-e"/>
      </object_component>
      <object_component id="oc-1e3">
         <name>.text:XT2_Stop</name>
         <load_address>0xe9f6</load_address>
         <run_address>0xe9f6</run_address>
         <size>0x8</size>
         <input_file_ref idref="fl-b"/>
      </object_component>
      <object_component id="oc-27e">
         <name>.text:nwk_resetSFMarker</name>
         <load_address>0xe9fe</load_address>
         <run_address>0xe9fe</run_address>
         <size>0x8</size>
         <input_file_ref idref="fl-2b"/>
      </object_component>
      <object_component id="oc-1e7">
         <name>.text:BR_SPI_DeselectChip_v</name>
         <load_address>0xea06</load_address>
         <run_address>0xea06</run_address>
         <size>0x6</size>
         <input_file_ref idref="fl-1f"/>
      </object_component>
      <object_component id="oc-1e5">
         <name>.text:BR_SPI_SelectChip_v</name>
         <load_address>0xea0c</load_address>
         <run_address>0xea0c</run_address>
         <size>0x6</size>
         <input_file_ref idref="fl-1f"/>
      </object_component>
      <object_component id="oc-18f">
         <name>.text:CC_SPI_DeselectChip_v</name>
         <load_address>0xea12</load_address>
         <run_address>0xea12</run_address>
         <size>0x6</size>
         <input_file_ref idref="fl-2"/>
      </object_component>
      <object_component id="oc-212">
[...]
         <name>__TI_int42</name>
         <value>0xffd4</value>
         <object_component_ref idref="oc-69"/>
      </symbol>
      <symbol id="sm-8cf">
         <name>MRFI_RxOn</name>
         <value>0xe02c</value>
         <object_component_ref idref="oc-203"/>
      </symbol>
      <symbol id="sm-8d0">
         <name>mrfiBroadcastAddr</name>
         <value>0xee9e</value>
         <object_component_ref idref="oc-1ee"/>
      </symbol>
      <symbol id="sm-8d1">
         <name>MRFI_ReplyDelay</name>
         <value>0xd162</value>
         <object_component_ref idref="oc-245"/>
      </symbol>
      <symbol id="sm-8d2">
         <name>MRFI_WakeUp</name>
         <value>0xdeac</value>
         <object_component_ref idref="oc-202"/>
      </symbol>
      <symbol id="sm-8d3">
         <name>MRFI_Transmit</name>
         <value>0xaf26</value>
         <object_component_ref idref="oc-267"/>
      </symbol>
      <symbol id="sm-8d4">
         <name>MRFI_RxIdle</name>
         <value>0xd9c8</value>
         <object_component_ref idref="oc-1d8"/>
      </symbol>
      <symbol id="sm-8d5">
         <name>MRFI_GetRadioState</name>
         <value>0xea18</value>
         <object_component_ref idref="oc-212"/>
      </symbol>
      <symbol id="sm-8d6">
         <name>MRFI_DelayMs</name>
         <value>0xe6a4</value>
         <object_component_ref idref="oc-215"/>
      </symbol>
      <symbol id="sm-8d7">
         <name>MRFI_SetRFPwr</name>
         <value>0xd0a8</value>
         <object_component_ref idref="oc-231"/>
      </symbol>
      <symbol id="sm-8d8">
         <name>mrfiSpiInit</name>
         <value>0xddae</value>
         <object_component_ref idref="oc-22d"/>
      </symbol>
      <symbol id="sm-8d9">
         <name>MRFI_Receive</name>
         <value>0xe970</value>
         <object_component_ref idref="oc-1f0"/>
      </symbol>
      <symbol id="sm-8da">
         <name>BSP_GpioPort1Isr</name>
         <value>0xe2fa</value>
         <object_component_ref idref="oc-180"/>
      </symbol>
      <symbol id="sm-91c">
         <name>SMPL_Receive</name>
         <value>0xd7ec</value>
         <object_component_ref idref="oc-1d6"/>
      </symbol>
      <symbol id="sm-91d">
         <name>SMPL_Send</name>
         <value>0xea1e</value>
         <object_component_ref idref="oc-1d7"/>
      </symbol>
      <symbol id="sm-91e">
         <name>sInit_done</name>
         <value>0x27d7</value>
         <object_component_ref idref="oc-ff"/>
      </symbol>
      <symbol id="sm-91f">
         <name>SMPL_Init</name>
         <value>0xe088</value>
         <object_component_ref idref="oc-1d3"/>
      </symbol>
      <symbol id="sm-920">
         <name>SMPL_SendOpt</name>
         <value>0xb51c</value>
         <object_component_ref idref="oc-21a"/>
      </symbol>
      <symbol id="sm-921">
         <name>SMPL_LinkListen</name>
         <value>0xcf7c</value>
         <object_component_ref idref="oc-1d5"/>
      </symbol>
      <symbol id="sm-922">
         <name>SMPL_Ioctl</name>
         <value>0xb404</value>
         <object_component_ref idref="oc-1d4"/>
      </symbol>
      <symbol id="sm-97e">
         <name>nwk_replayFrame</name>
         <value>0xdb08</value>
         <object_component_ref idref="oc-228"/>
      </symbol>
      <symbol id="sm-97f">
         <name>nwk_buildFrame</name>
         <value>0xc59e</value>
         <object_component_ref idref="oc-23e"/>
      </symbol>
      <symbol id="sm-980">
         <name>nwk_SendEmptyPollRspFrame</name>
         <value>0xc972</value>
         <object_component_ref idref="oc-275"/>
      </symbol>
      <symbol id="sm-981">
         <name>nwk_sendFrame</name>
         <value>0xdfcc</value>
         <object_component_ref idref="oc-23f"/>
      </symbol>
      <symbol id="sm-982">
         <name>nwk_getSandFFrame</name>
         <value>0xcc6c</value>
         <object_component_ref idref="oc-274"/>
      </symbol>
      <symbol id="sm-983">
         <name>isDupSandFFrame</name>
         <value>0xc152</value>
         <object_component_ref idref="oc-229"/>
      </symbol>
      <symbol id="sm-984">
         <name>nwk_getMyRxType</name>
         <value>0xea3c</value>
         <object_component_ref idref="oc-27b"/>
      </symbol>
      <symbol id="sm-985">
         <name>nwk_buildAckReqFrame</name>
         <value>0xe48a</value>
         <object_component_ref idref="oc-244"/>
      </symbol>
      <symbol id="sm-986">
         <name>nwk_frameInit</name>
         <value>0xe400</value>
         <object_component_ref idref="oc-233"/>
      </symbol>
      <symbol id="sm-987">
         <name>nwk_retrieveFrame</name>
         <value>0xc340</value>
         <object_component_ref idref="oc-219"/>
      </symbol>
      <symbol id="sm-988">
         <name>nwk_sendAckReply</name>
         <value>0xcafc</value>
         <object_component_ref idref="oc-261"/>
      </symbol>
      <symbol id="sm-989">
         <name>MRFI_RxCompleteISR</name>
         <value>0xe4ee</value>
         <object_component_ref idref="oc-1ba"/>
      </symbol>
      <symbol id="sm-995">
         <name>nwk_freqInit</name>
         <value>0xea88</value>
         <object_component_ref idref="oc-235"/>
      </symbol>
      <symbol id="sm-996">
         <name>nwk_processFreq</name>
         <value>0xea7c</value>
         <object_component_ref idref="oc-25e"/>
      </symbol>
      <symbol id="sm-9b9">
         <name>nwk_getProtocolVersion</name>
         <value>0xea74</value>
         <object_component_ref idref="oc-20b"/>
      </symbol>
      <symbol id="sm-9ba">
         <name>nwk_getFWVersion</name>
         <value>0xea36</value>
         <object_component_ref idref="oc-20c"/>
      </symbol>
      <symbol id="sm-9bb">
         <name>nwk_globalsInit</name>
         <value>0xe1b6</value>
         <object_component_ref idref="oc-232"/>
      </symbol>
      <symbol id="sm-9bc">
         <name>nwk_setMyAddress</name>
         <value>0xe58e</value>
         <object_component_ref idref="oc-23c"/>
      </symbol>
      <symbol id="sm-9bd">
         <name>nwk_getBCastAddress</name>
         <value>0xea30</value>
         <object_component_ref idref="oc-226"/>
      </symbol>
      <symbol id="sm-9be">
         <name>nwk_getMyAddress</name>
         <value>0xe87c</value>
         <object_component_ref idref="oc-23d"/>
      </symbol>
      <symbol id="sm-9e7">
         <name>nwk_joinContext</name>
         <value>0xe7ac</value>
         <object_component_ref idref="oc-210"/>
      </symbol>
      <symbol id="sm-9e8">
         <name>nwk_radioControl</name>
         <value>0xc1f8</value>
         <object_component_ref idref="oc-211"/>
      </symbol>
      <symbol id="sm-9e9">
         <name>nwk_rawSend</name>
         <value>0xd2bc</value>
         <object_component_ref idref="oc-20e"/>
      </symbol>
      <symbol id="sm-9ea">
         <name>nwk_rawReceive</name>
         <value>0xdf9c</value>
         <object_component_ref idref="oc-20f"/>
      </symbol>
      <symbol id="sm-9eb">
         <name>nwk_connectionControl</name>
         <value>0xe52e</value>
         <object_component_ref idref="oc-205"/>
      </symbol>
      <symbol id="sm-9ec">
         <name>nwk_deviceAddress</name>
         <value>0xde48</value>
         <object_component_ref idref="oc-20d"/>
      </symbol>
      <symbol id="sm-a22">
         <name>nwk_getJoinToken</name>
         <value>0xe858</value>
         <object_component_ref idref="oc-20a"/>
      </symbol>
      <symbol id="sm-a23">
         <name>nwk_processJoin</name>
         <value>0xd26a</value>
         <object_component_ref idref="oc-25c"/>
      </symbol>
      <symbol id="sm-a24">
         <name>nwk_setJoinToken</name>
         <value>0xe88e</value>
         <object_component_ref idref="oc-209"/>
      </symbol>
      <symbol id="sm-a25">
         <name>nwk_isSandFClient</name>
         <value>0xd71a</value>
         <object_component_ref idref="oc-227"/>
      </symbol>
      <symbol id="sm-a26">
         <name>nwk_joinInit</name>
         <value>0xdaca</value>
         <object_component_ref idref="oc-237"/>
      </symbol>
      <symbol id="sm-a27">
         <name>nwk_setJoinContext</name>
         <value>0xe922</value>
         <object_component_ref idref="oc-240"/>
      </symbol>
      <symbol id="sm-a28">
         <name>nwk_join</name>
         <value>0xea78</value>
         <object_component_ref idref="oc-204"/>
      </symbol>
      <symbol id="sm-a63">
         <name>nwk_linkInit</name>
         <value>0xe1e0</value>
         <object_component_ref idref="oc-239"/>
      </symbol>
      <symbol id="sm-a64">
         <name>nwk_setLinkToken</name>
         <value>0xe8a0</value>
         <object_component_ref idref="oc-207"/>
      </symbol>
      <symbol id="sm-a65">
         <name>nwk_getLocalLinkID</name>
         <value>0xd8b8</value>
         <object_component_ref idref="oc-214"/>
      </symbol>
      <symbol id="sm-a66">
         <name>nwk_setListenContext</name>
         <value>0xe930</value>
         <object_component_ref idref="oc-213"/>
      </symbol>
      <symbol id="sm-a67">
         <name>nwk_getLinkToken</name>
         <value>0xe86a</value>
         <object_component_ref idref="oc-208"/>
      </symbol>
      <symbol id="sm-a68">
         <name>nwk_processLink</name>
         <value>0xbfee</value>
         <object_component_ref idref="oc-25b"/>
      </symbol>
      <symbol id="sm-a86">
         <name>nwk_mgmtInit</name>
         <value>0xe622</value>
         <object_component_ref idref="oc-238"/>
      </symbol>
      <symbol id="sm-a87">
         <name>nwk_resetSFMarker</name>
         <value>0xe9fe</value>
         <object_component_ref idref="oc-27e"/>
      </symbol>
      <symbol id="sm-a88">
         <name>nwk_processMgmt</name>
         <value>0xbda0</value>
         <object_component_ref idref="oc-25f"/>
      </symbol>
      <symbol id="sm-a9d">
         <name>nwk_processPing</name>
         <value>0xcf10</value>
         <object_component_ref idref="oc-25a"/>
      </symbol>
      <symbol id="sm-a9e">
         <name>nwk_pingInit</name>
         <value>0xe9c8</value>
         <object_component_ref idref="oc-236"/>
      </symbol>
      <symbol id="sm-ad8">
         <name>nwk_QadjustOrder</name>
         <value>0xdf6c</value>
         <object_component_ref idref="oc-224"/>
      </symbol>
      <symbol id="sm-ad9">
         <name>nwk_QfindSlot</name>
         <value>0xca7c</value>
         <object_component_ref idref="oc-1ef"/>
      </symbol>
      <symbol id="sm-ada">
         <name>nwk_QInit</name>
         <value>0xe320</value>
         <object_component_ref idref="oc-234"/>
      </symbol>
      <symbol id="sm-adb">
         <name>nwk_getQ</name>
         <value>0xe904</value>
         <object_component_ref idref="oc-260"/>
      </symbol>
      <symbol id="sm-adc">
         <name>nwk_QfindOldest</name>
         <value>0xa9c8</value>
         <object_component_ref idref="oc-243"/>
      </symbol>
      <symbol id="sm-ae8">
         <name>nwk_securityInit</name>
         <value>0xea8a</value>
         <object_component_ref idref="oc-23a"/>
      </symbol>
      <symbol id="sm-ae9">
         <name>nwk_processSecurity</name>
         <value>0xea80</value>
         <object_component_ref idref="oc-25d"/>
      </symbol>
      <symbol id="sm-b5f">
         <name>nwk_getNextConnection</name>
         <value>0xdbf6</value>
         <object_component_ref idref="oc-279"/>
      </symbol>
      <symbol id="sm-b60">
         <name>nwk_findPeer</name>
         <value>0xd874</value>
         <object_component_ref idref="oc-270"/>
      </symbol>
      <symbol id="sm-b61">
         <name>nwk_freeConnection</name>
         <value>0xea2a</value>
         <object_component_ref idref="oc-23b"/>
      </symbol>
      <symbol id="sm-b62">
         <name>nwk_checkConnInfo</name>
         <value>0xe346</value>
         <object_component_ref idref="oc-218"/>
      </symbol>
      <symbol id="sm-b63">
         <name>nwk_checkAppMsgTID</name>
         <value>0xe0e0</value>
         <object_component_ref idref="oc-273"/>
      </symbol>
      <symbol id="sm-b64">
         <name>nwk_saveJoinedDevice</name>
         <value>0xcfe4</value>
         <object_component_ref idref="oc-27d"/>
      </symbol>
      <symbol id="sm-b65">
         <name>nwk_isLinkDuplicate</name>
         <value>0xd8fc</value>
         <object_component_ref idref="oc-277"/>
      </symbol>
      <symbol id="sm-b66">
         <name>nwk_getSFInfoPtr</name>
         <value>0xea42</value>
         <object_component_ref idref="oc-266"/>
      </symbol>
      <symbol id="sm-b67">
         <name>nwk_isConnectionValid</name>
         <value>0xc50c</value>
         <object_component_ref idref="oc-22a"/>
      </symbol>
      <symbol id="sm-b68">
         <name>nwk_NVObj</name>
         <value>0xea70</value>
         <object_component_ref idref="oc-206"/>
      </symbol>
      <symbol id="sm-b69">
         <name>nwk_isValidReply</name>
         <value>0xd490</value>
         <object_component_ref idref="oc-26f"/>
      </symbol>
      <symbol id="sm-b6a">
         <name>nwk_findAlreadyJoined</name>
         <value>0xd646</value>
         <object_component_ref idref="oc-278"/>
      </symbol>
      <symbol id="sm-b6b">
         <name>nwk_putNumObjectIntoMsg</name>
         <value>0xdca0</value>
         <object_component_ref idref="oc-27c"/>
      </symbol>
      <symbol id="sm-b6c">
         <name>nwk_allocateLocalRxPort</name>
         <value>0xbbfe</value>
         <object_component_ref idref="oc-27a"/>
      </symbol>
      <symbol id="sm-b6d">
         <name>nwk_nwkInit</name>
         <value>0xc8ea</value>
         <object_component_ref idref="oc-201"/>
      </symbol>
      <symbol id="sm-b6e">
         <name>nwk_getConnInfo</name>
         <value>0xe18c</value>
         <object_component_ref idref="oc-217"/>
      </symbol>
      <symbol id="sm-b6f">
         <name>nwk_getNumObjectFromMsg</name>
         <value>0xe97c</value>
         <object_component_ref idref="oc-276"/>
      </symbol>
      <symbol id="sm-b80">
         <name>_c_int00_noexit</name>
         <value>0xe162</value>
         <object_component_ref idref="oc-71"/>
      </symbol>
      <symbol id="sm-b81">
         <name>_c_int00</name>
         <value>0xe162</value>
         <object_component_ref idref="oc-71"/>
      </symbol>
      <symbol id="sm-b82">
         <name>_stack</name>
         <value>0x3360</value>
         <object_component_ref idref="oc-143"/>
      </symbol>
      <symbol id="sm-b83">
         <name>__TI_dtors_ptr</name>
         <value>0x2872</value>
         <object_component_ref idref="oc-141"/>
      </symbol>
      <symbol id="sm-b84">
         <name>__TI_cleanup_ptr</name>
         <value>0x286e</value>
         <object_component_ref idref="oc-141"/>
      </symbol>
      <symbol id="sm-b85">
         <name>_reset_vector</name>
         <value>0xfffe</value>
         <object_component_ref idref="oc-144"/>
      </symbol>
      <symbol id="sm-ba9">
         <name>__remu</name>
         <value>0xe702</value>
         <object_component_ref idref="oc-157"/>
      </symbol>
      <symbol id="sm-baa">
         <name>__divu</name>
         <value>0xe702</value>
         <object_component_ref idref="oc-157"/>
      </symbol>
      <symbol id="sm-bb5">
         <name>C$$EXIT</name>
         <value>0xea6c</value>
         <object_component_ref idref="oc-185"/>
      </symbol>
      <symbol id="sm-bb6">
         <name>abort</name>
         <value>0xea6c</value>
         <object_component_ref idref="oc-185"/>
      </symbol>
      <symbol id="sm-bb7">
         <name>__TI_exit</name>
         <value>0x1</value>
      </symbol>
      <symbol id="sm-bbb">
         <name>__TI_int41</name>
         <value>0xffd2</value>
         <object_component_ref idref="oc-68"/>
      </symbol>
      <symbol id="sm-bbf">
         <name>__TI_int43</name>
         <value>0xffd6</value>
         <object_component_ref idref="oc-6a"/>
      </symbol>
      <symbol id="sm-bc3">
         <name>__TI_int44</name>
         <value>0xffd8</value>
         <object_component_ref idref="oc-6b"/>
      </symbol>
      <symbol id="sm-bc7">
         <name>__TI_int45</name>
         <value>0xffda</value>
         <object_component_ref idref="oc-6c"/>
      </symbol>
      <symbol id="sm-bcb">
         <name>__TI_int46</name>
         <value>0xffdc</value>
         <object_component_ref idref="oc-6d"/>
      </symbol>
      <symbol id="sm-bcf">
         <name>__TI_int47</name>
         <value>0xffde</value>
         <object_component_ref idref="oc-6e"/>
      </symbol>
      <symbol id="sm-bd3">
         <name>__TI_int48</name>
         <value>0xffe0</value>
         <object_component_ref idref="oc-6f"/>
      </symbol>
      <symbol id="sm-bd7">
         <name>__TI_int49</name>
         <value>0xffe2</value>
         <object_component_ref idref="oc-70"/>
      </symbol>
      <symbol id="sm-bdb">
         <name>__TI_int50</name>
         <value>0xffe4</value>
         <object_component_ref idref="oc-72"/>
      </symbol>
      <symbol id="sm-bdf">
         <name>__TI_int54</name>
         <value>0xffec</value>
         <object_component_ref idref="oc-76"/>
      </symbol>
      <symbol id="sm-be3">
         <name>__TI_int55</name>
         <value>0xffee</value>
         <object_component_ref idref="oc-77"/>
      </symbol>
      <symbol id="sm-be7">
         <name>__TI_int56</name>
         <value>0xfff0</value>
         <object_component_ref idref="oc-78"/>
      </symbol>
      <symbol id="sm-beb">
         <name>__TI_int57</name>
         <value>0xfff2</value>
         <object_component_ref idref="oc-79"/>
      </symbol>
      <symbol id="sm-bef">
         <name>__TI_int58</name>
         <value>0xfff4</value>
         <object_component_ref idref="oc-7a"/>
      </symbol>
      <symbol id="sm-bf3">
         <name>__TI_int59</name>
         <value>0xfff6</value>
         <object_component_ref idref="oc-7b"/>
      </symbol>
      <symbol id="sm-bf7">
         <name>__TI_int60</name>
         <value>0xfff8</value>
         <object_component_ref idref="oc-7c"/>
      </symbol>
      <symbol id="sm-bfb">
         <name>__TI_int62</name>
         <value>0xfffc</value>
         <object_component_ref idref="oc-7e"/>
      </symbol>
      <symbol id="sm-c03">
         <name>__TI_ISR_TRAP</name>
         <value>0xea24</value>
         <object_component_ref idref="oc-15f"/>
      </symbol>
      <symbol id="sm-c0c">
         <name>I_LSL</name>
         <value>0xe9d2</value>
         <object_component_ref idref="oc-163"/>
      </symbol>
      <symbol id="sm-c18">
         <name>memcpy</name>
         <value>0xe846</value>
         <object_component_ref idref="oc-18c"/>
      </symbol>
      <symbol id="sm-c25">
         <name>memmove</name>
         <value>0xe50e</value>
         <object_component_ref idref="oc-27f"/>
      </symbol>
      <symbol id="sm-c2d">
         <name>__mpyi_f5hw</name>
         <value>0xe718</value>
         <object_component_ref idref="oc-16f"/>
      </symbol>
      <symbol id="sm-c39">
         <name>_nop</name>
         <value>0xea86</value>
         <object_component_ref idref="oc-181"/>
      </symbol>
      <symbol id="sm-c3a">
         <name>_lock</name>
         <value>0x2866</value>
         <object_component_ref idref="oc-173"/>
      </symbol>
      <symbol id="sm-c3b">
         <name>_unlock</name>
         <value>0x286a</value>
         <object_component_ref idref="oc-173"/>
      </symbol>
      <symbol id="sm-c43">
         <name>__TI_args_main</name>
         <value>0x1</value>
      </symbol>
      <symbol id="sm-c53">
         <name>_auto_init</name>
         <value>0xd5fe</value>
         <object_component_ref idref="oc-183"/>
      </symbol>
      <symbol id="sm-c54">
         <name>__TI_auto_init</name>
         <value>0x1</value>
      </symbol>
   </symbol_table>
   <title>Link successful</title>
</link_info>
