******************************************************************************
                  MSP430 Linker PC v4.2.1                      
******************************************************************************
>> Linked Thu Feb 09 19:09:14 2017

OUTPUT FILE NAME:   <ez430_chronos_access_point_915MHz.out>
ENTRY POINT SYMBOL: "_c_int00"  address: 0000e162


MEMORY CONFIGURATION

         name            origin    length      used     unused   attr    fill
----------------------  --------  ---------  --------  --------  ----  --------
  SFR                   00000000   00000010  00000000  00000010  RWIX
  PERIPHERALS_8BIT      00000010   000000f0  00000000  000000f0  RWIX
  PERIPHERALS_16BIT     00000100   00000100  00000000  00000100  RWIX
  INFOD                 00001800   00000080  00000000  00000080  RWIX
  INFOC                 00001880   00000080  00000000  00000080  RWIX
  INFOB                 00001900   00000080  00000000  00000080  RWIX
  INFOA                 00001980   00000080  00000000  00000080  RWIX
  USBRAM                00001c00   00000800  00000000  00000800  RWIX
  RAM                   00002400   00001000  00000521  00000adf  RWIX
  FLASH                 0000a000   00005f80  00004ffd  00000f83  RWIX
  INT00                 0000ff80   00000002  00000000  00000002  RWIX
  INT01                 0000ff82   00000002  00000000  00000002  RWIX
  INT02                 0000ff84   00000002  00000000  00000002  RWIX
  INT03                 0000ff86   00000002  00000000  00000002  RWIX
  INT04                 0000ff88   00000002  00000000  00000002  RWIX
  INT05                 0000ff8a   00000002  00000000  00000002  RWIX
  INT06                 0000ff8c   00000002  00000000  00000002  RWIX
  INT07                 0000ff8e   00000002  00000000  00000002  RWIX
  INT08                 0000ff90   00000002  00000000  00000002  RWIX
  INT09                 0000ff92   00000002  00000000  00000002  RWIX
  INT10                 0000ff94   00000002  00000000  00000002  RWIX
  INT11                 0000ff96   00000002  00000000  00000002  RWIX
  INT12                 0000ff98   00000002  00000000  00000002  RWIX
  INT13                 0000ff9a   00000002  00000000  00000002  RWIX
  INT14                 0000ff9c   00000002  00000000  00000002  RWIX
  INT15                 0000ff9e   00000002  00000000  00000002  RWIX
  INT16                 0000ffa0   00000002  00000000  00000002  RWIX
  INT17                 0000ffa2   00000002  00000000  00000002  RWIX
  INT18                 0000ffa4   00000002  00000000  00000002  RWIX
  INT19                 0000ffa6   00000002  00000000  00000002  RWIX
  INT20                 0000ffa8   00000002  00000000  00000002  RWIX
  INT21                 0000ffaa   00000002  00000000  00000002  RWIX
  INT22                 0000ffac   00000002  00000000  00000002  RWIX
  INT23                 0000ffae   00000002  00000000  00000002  RWIX
  INT24                 0000ffb0   00000002  00000000  00000002  RWIX
  INT25                 0000ffb2   00000002  00000000  00000002  RWIX
  INT26                 0000ffb4   00000002  00000000  00000002  RWIX
  INT27                 0000ffb6   00000002  00000000  00000002  RWIX
  INT28                 0000ffb8   00000002  00000000  00000002  RWIX
  INT29                 0000ffba   00000002  00000000  00000002  RWIX
  INT30                 0000ffbc   00000002  00000000  00000002  RWIX
  INT31                 0000ffbe   00000002  00000000  00000002  RWIX
  INT32                 0000ffc0   00000002  00000000  00000002  RWIX
  INT33                 0000ffc2   00000002  00000000  00000002  RWIX
  INT34                 0000ffc4   00000002  00000000  00000002  RWIX
  INT35                 0000ffc6   00000002  00000000  00000002  RWIX
  INT36                 0000ffc8   00000002  00000000  00000002  RWIX
  INT37                 0000ffca   00000002  00000000  00000002  RWIX
  INT38                 0000ffcc   00000002  00000000  00000002  RWIX
  INT39                 0000ffce   00000002  00000000  00000002  RWIX
  INT40                 0000ffd0   00000002  00000000  00000002  RWIX
  INT41                 0000ffd2   00000002  00000002  00000000  RWIX
  INT42                 0000ffd4   00000002  00000002  00000000  RWIX
  INT43                 0000ffd6   00000002  00000002  00000000  RWIX
  INT44                 0000ffd8   00000002  00000002  00000000  RWIX
  INT45                 0000ffda   00000002  00000002  00000000  RWIX
  INT46                 0000ffdc   00000002  00000002  00000000  RWIX
  INT47                 0000ffde   00000002  00000002  00000000  RWIX
  INT48                 0000ffe0   00000002  00000002  00000000  RWIX
  INT49                 0000ffe2   00000002  00000002  00000000  RWIX
  INT50                 0000ffe4   00000002  00000002  00000000  RWIX
  INT51                 0000ffe6   00000002  00000002  00000000  RWIX
  INT52                 0000ffe8   00000002  00000002  00000000  RWIX
  INT53                 0000ffea   00000002  00000002  00000000  RWIX
  INT54                 0000ffec   00000002  00000002  00000000  RWIX
  INT55                 0000ffee   00000002  00000002  00000000  RWIX
  INT56                 0000fff0   00000002  00000002  00000000  RWIX
  INT57                 0000fff2   00000002  00000002  00000000  RWIX
  INT58                 0000fff4   00000002  00000002  00000000  RWIX
  INT59                 0000fff6   00000002  00000002  00000000  RWIX
  INT60                 0000fff8   00000002  00000002  00000000  RWIX
  INT61                 0000fffa   00000002  00000002  00000000  RWIX
  INT62                 0000fffc   00000002  00000002  00000000  RWIX
  RESET                 0000fffe   00000002  00000002  00000000  RWIX


SECTION ALLOCATION MAP

 output                                  attributes/
section   page    origin      length       input sections
--------  ----  ----------  ----------   ----------------
.pinit     0    0000a000    00000000     UNINITIALIZED

.bss       0    00002400    00000481     UNINITIALIZED
                  00002400    0000019d     wbsl.obj (.bss)
                  0000259d    00000001     AP_MSP430F5509_CC1101_915MHz.lib : bsp.obj (.bss)
                  0000259e    00000118                                      : nwk_QMgmt.obj (.bss)
                  000026b6    00000046                                      : main_AP_BM.obj (.bss)
                  000026fc    00000044     usb.obj (.bss)
                  00002740    0000003a     cmdHandler.obj (.bss)
                  0000277a    00000030     AP_MSP430F5509_CC1101_915MHz.lib : mrfi.obj (.bss)
                  000027aa    0000002d                                      : nwk.obj (.bss)
                  000027d7    00000001                                      : nwk_api.obj (.bss)
                  000027d8    00000022     UsbCdc.obj (.bss)
                  000027fa    00000017     main.obj (.bss)
                  00002811    00000001     AP_MSP430F5509_CC1101_915MHz.lib : nwk_ping.obj (.bss)
                  00002812    00000015     BlueRobin_TX_915MHz.lib : brtx_irq.obj (.bss)
                  00002827    00000001     usbEventHandling.obj (.bss)
                  00002828    0000000d     AP_MSP430F5509_CC1101_915MHz.lib : nwk_join.obj (.bss)
                  00002835    00000001     --HOLE--
                  00002836    0000000a                                      : nwk_frame.obj (.bss)
                  00002840    0000000a                                      : nwk_link.obj (.bss)
                  0000284a    0000000a     BlueRobin_TX_915MHz.lib : br_common.obj (.bss)
                  00002854    00000009     AP_MSP430F5509_CC1101_915MHz.lib : nwk_globals.obj (.bss)
                  0000285d    00000001     --HOLE--
                  0000285e    00000008     dma.obj (.bss)
                  00002866    00000008     rts430x.lib : _lock.obj (.bss)
                  0000286e    00000008                 : boot.obj (.bss)
                  00002876    00000005     AP_MSP430F5509_CC1101_915MHz.lib : nwk_mgmt.obj (.bss)
                  0000287b    00000001     --HOLE--
                  0000287c    00000005     BlueRobin_TX_915MHz.lib : cc_radio.obj (.bss)

.data      0    00002400    00000000     UNINITIALIZED

.stack     0    00003360    000000a0     UNINITIALIZED
                  00003360    00000002     rts430x.lib : boot.obj (.stack)
                  00003362    0000009e     --HOLE--

.text      0    0000a000    00004a8c     
                  0000a000    00000396     cmdHandler.obj (.text:usb_decode)
                  0000a396    000001b0     UsbCdc.obj (.text:USBCDC_receiveData)
                  0000a546    0000019a     AP_MSP430F5509_CC1101_915MHz.lib : mrfi.obj (.text:MRFI_Init)
                  0000a6e0    0000017e                                      : nwk_link.obj (.text:smpl_send_link_reply)
                  0000a85e    0000016a     main.obj (.text:main)
                  0000a9c8    00000160     AP_MSP430F5509_CC1101_915MHz.lib : nwk_QMgmt.obj (.text:nwk_QfindOldest)
                  0000ab28    0000015e                                      : main_AP_BM.obj (.text:simpliciti_main)
                  0000ac86    00000158     UsbCdc.obj (.text:CdcToHostFromBuffer)
                  0000adde    00000148     UsbIsr.obj (.text:_isr:iUsbInterruptHandler)
                  0000af26    00000146     AP_MSP430F5509_CC1101_915MHz.lib : mrfi.obj (.text:MRFI_Transmit)
                  0000b06c    0000013c     BlueRobin_TX_915MHz.lib : cc_radio.obj (.text:CC_RadioInit_v)
                  0000b1a8    0000013c     AP_MSP430F5509_CC1101_915MHz.lib : nwk_frame.obj (.text:dispatchFrame)
                  0000b2e4    00000120     usb.obj (.text:USB_reset)
                  0000b404    00000118     AP_MSP430F5509_CC1101_915MHz.lib : nwk_api.obj (.text:SMPL_Ioctl)
                  0000b51c    0000010c                                      : nwk_api.obj (.text:SMPL_SendOpt)
                  0000b628    00000106                                      : nwk_join.obj (.text:smpl_send_join_reply)
                  0000b72e    00000102     BlueRobin_TX_915MHz.lib : brtx_irq.obj (.text:StateMachineAndScheduler_v)
                  0000b830    000000fe     UsbCdc.obj (.text:CdcToBufferFromHost)
                  0000b92e    000000fe     wbsl.obj (.text:sendDataPacket)
                  0000ba2c    000000ee     wbsl.obj (.text:wbsl_main)
                  0000bb1a    000000e4     AP_MSP430F5509_CC1101_915MHz.lib : mrfi.obj (.text:Mrfi_SyncPinRxIsr)
                  0000bbfe    000000d4                                      : nwk.obj (.text:nwk_allocateLocalRxPort)
                  0000bcd2    000000ce     HAL_PMM.obj (.text:SetVCoreUp)
                  0000bda0    000000ce     AP_MSP430F5509_CC1101_915MHz.lib : nwk_mgmt.obj (.text:nwk_processMgmt)
                  0000be6e    000000c4     usb.obj (.text:USB_InitSerialStringDescriptor)
                  0000bf32    000000bc     wbsl.obj (.text:sendInitPacket)
                  0000bfee    000000ba     AP_MSP430F5509_CC1101_915MHz.lib : nwk_link.obj (.text:nwk_processLink)
                  0000c0a8    000000aa     wbsl.obj (.text:wbsl_RfIsr)
                  0000c152    000000a6     AP_MSP430F5509_CC1101_915MHz.lib : nwk_frame.obj (.text:isDupSandFFrame)
                  0000c1f8    000000a4                                      : nwk_ioctl.obj (.text:nwk_radioControl)
                  0000c29c    000000a4     wbsl.obj (.text:wbsl_config)
                  0000c340    000000a2     AP_MSP430F5509_CC1101_915MHz.lib : nwk_frame.obj (.text:nwk_retrieveFrame)
                  0000c3e2    00000098     UsbCdc.obj (.text:USBCDC_intfStatus)
                  0000c47a    00000092     main.obj (.text:USB_Handler_v)
                  0000c50c    00000092     AP_MSP430F5509_CC1101_915MHz.lib : nwk.obj (.text:nwk_isConnectionValid)
                  0000c59e    00000090                                      : nwk_frame.obj (.text:nwk_buildFrame)
                  0000c62e    00000090     usb.obj (.text:usbDecodeAndProcessUsbRequest)
                  0000c6be    0000008c     ccSPI.obj (.text:CC_SPI_Init_v)
                  0000c74a    0000008c     HAL_PMM.obj (.text:SetVCoreDown)
                  0000c7d6    0000008a     AP_MSP430F5509_CC1101_915MHz.lib : mrfi.obj (.text:spiBurstFifoAccess)
                  0000c860    0000008a     spi_wbsl.obj (.text:spiBurstFifoAccess)
                  0000c8ea    00000088     AP_MSP430F5509_CC1101_915MHz.lib : nwk.obj (.text:nwk_nwkInit)
                  0000c972    00000086                                      : nwk_frame.obj (.text:nwk_SendEmptyPollRspFrame)
                  0000c9f8    00000084     usb.obj (.text:USB_enable)
                  0000ca7c    00000080     AP_MSP430F5509_CC1101_915MHz.lib : nwk_QMgmt.obj (.text:nwk_QfindSlot)
                  0000cafc    00000080                                      : nwk_frame.obj (.text:nwk_sendAckReply)
                  0000cb7c    00000078     BlueRobin_TX_915MHz.lib : brSPI.obj (.text:BR_SPI_Init_v)
                  0000cbf4    00000078     UsbCdc.obj (.text:USBCDC_bytesInUSBBuffer)
                  0000cc6c    00000074     AP_MSP430F5509_CC1101_915MHz.lib : nwk_frame.obj (.text:nwk_getSandFFrame)
                  0000cce0    00000072     UsbCdc.obj (.text:USBCDC_sendData)
                  0000cd52    00000070     usb.obj (.text:usbGetEndpointStatus)
                  0000cdc2    00000070     usb.obj (.text:usbSendNextPacketOnIEP0)
                  0000ce32    00000070     wbsl.obj (.text:wbsl_link)
                  0000cea2    0000006e     BlueRobin_TX_915MHz.lib : cc_radio.obj (.text:CC_RadioTransmitRegularData_v)
                  0000cf10    0000006c     AP_MSP430F5509_CC1101_915MHz.lib : nwk_ping.obj (.text:nwk_processPing)
                  0000cf7c    00000068                                      : nwk_api.obj (.text:SMPL_LinkListen)
                  0000cfe4    00000066                                      : nwk.obj (.text:nwk_saveJoinedDevice)
                  0000d04a    0000005e     UsbCdc.obj (.text:CopyUsbToBuff)
                  0000d0a8    0000005e     AP_MSP430F5509_CC1101_915MHz.lib : mrfi.obj (.text:MRFI_SetRFPwr)
                  0000d106    0000005c                                      : mrfi.obj (.text:MRFI_SetLogicalChannel)
                  0000d162    0000005a                                      : mrfi.obj (.text:MRFI_ReplyDelay)
                  0000d1bc    00000058     usb.obj (.text:USB_init)
                  0000d214    00000056     usb.obj (.text:usbClearEndpointFeature)
                  0000d26a    00000052     AP_MSP430F5509_CC1101_915MHz.lib : nwk_join.obj (.text:nwk_processJoin)
                  0000d2bc    00000052                                      : nwk_ioctl.obj (.text:nwk_rawSend)
                  0000d30e    00000052     UsbCdc.obj (.text:usbGetLineCoding)
                  0000d360    00000050     usb.obj (.text:usbSetEndpointFeature)
                  0000d3b0    0000004c     UsbCdc.obj (.text:Handler_SetLineCoding)
                  0000d3fc    0000004a     main.obj (.text:InitClock_v)
                  0000d446    0000004a     AP_MSP430F5509_CC1101_915MHz.lib : mrfi.obj (.text:mrfiSpiCmdStrobe)
                  0000d490    0000004a                                      : nwk.obj (.text:nwk_isValidReply)
                  0000d4da    0000004a     usb.obj (.text:usbGetStringDescriptor)
                  0000d524    0000004a     spi_wbsl.obj (.text:wbsl_SpiCmdStrobe)
                  0000d56e    00000048     HAL_TLV.obj (.text:Get_TLV_Info)
                  0000d5b6    00000048     AP_MSP430F5509_CC1101_915MHz.lib : mrfi.obj (.text:MRFI_Rssi)
                  0000d5fe    00000048     rts430x.lib : autoinit.obj (.text:_auto_init)
                  0000d646    00000048     AP_MSP430F5509_CC1101_915MHz.lib : nwk.obj (.text:nwk_findAlreadyJoined)
                  0000d68e    00000046     BlueRobin_TX_915MHz.lib : brtx_packet.obj (.text:BRTX_MakePacket_v)
                  0000d6d4    00000046                             : br_common.obj (.text:BR_CalcRandomTimeOffset_u16)
                  0000d71a    00000046     AP_MSP430F5509_CC1101_915MHz.lib : nwk_join.obj (.text:nwk_isSandFClient)
                  0000d760    00000046     usb.obj (.text:usbReceiveNextPacketOnOEP0)
                  0000d7a6    00000046     wbsl.obj (.text:wbsl_reset)
                  0000d7ec    00000044     AP_MSP430F5509_CC1101_915MHz.lib : nwk_api.obj (.text:SMPL_Receive)
                  0000d830    00000044     UsbIsr.obj (.text:SetupPacketInterruptHandler)
                  0000d874    00000044     AP_MSP430F5509_CC1101_915MHz.lib : nwk.obj (.text:nwk_findPeer)
                  0000d8b8    00000044                                      : nwk_link.obj (.text:nwk_getLocalLinkID)
                  0000d8fc    00000044                                      : nwk.obj (.text:nwk_isLinkDuplicate)
                  0000d940    00000044                                      : mrfi.obj (.text:spiRegAccess)
                  0000d984    00000044     spi_wbsl.obj (.text:spiRegAccess)
                  0000d9c8    00000042     AP_MSP430F5509_CC1101_915MHz.lib : mrfi.obj (.text:MRFI_RxIdle)
                  0000da0a    00000042     UsbIsr.obj (.text:PWRVBUSoffHandler)
                  0000da4c    00000040     BlueRobin_TX_915MHz.lib : cc_radio.obj (.text:CC_RadioIdle_v)
                  0000da8c    0000003e     HAL_PMM.obj (.text:SetVCore)
                  0000daca    0000003e     AP_MSP430F5509_CC1101_915MHz.lib : nwk_join.obj (.text:nwk_joinInit)
                  0000db08    0000003e                                      : nwk_frame.obj (.text:nwk_replayFrame)
                  0000db46    0000003c                                      : nwk.obj (.text:initializeConnection)
                  0000db82    0000003a     UsbCdc.obj (.text:CdcResetData)
                  0000dbbc    0000003a     AP_MSP430F5509_CC1101_915MHz.lib : mrfi.obj (.text:MRFI_RxAddrIsFiltered)
                  0000dbf6    0000003a                                      : nwk.obj (.text:nwk_getNextConnection)
                  0000dc30    00000038     BlueRobin_TX_915MHz.lib : br_api.obj (.text:BRTX_Start_v)
                  0000dc68    00000038                             : brtx_irq.obj (.text:_isr:BRTX_Timing_IRQ_v)
                  0000dca0    00000038     AP_MSP430F5509_CC1101_915MHz.lib : nwk.obj (.text:nwk_putNumObjectIntoMsg)
                  0000dcd8    00000036                                      : mrfi.obj (.text:Mrfi_CalculateRssi)
                  0000dd0e    00000036     main.obj (.text:_isr:UNMI_ISR)
                  0000dd44    00000036     usb.obj (.text:usbSetAddress)
                  0000dd7a    00000034     BlueRobin_TX_915MHz.lib : br_common.obj (.text:BR_CalcCRC_u8)
                  0000ddae    00000034     AP_MSP430F5509_CC1101_915MHz.lib : mrfi.obj (.text:mrfiSpiInit)
                  0000dde2    00000034     spi_wbsl.obj (.text:wbsl_SpiInit)
                  0000de16    00000032     usb.obj (.text:USB_connectionInfo)
                  0000de48    00000032     AP_MSP430F5509_CC1101_915MHz.lib : nwk_ioctl.obj (.text:nwk_deviceAddress)
                  0000de7a    00000032     wbsl.obj (.text:wbsl_transmit)
                  0000deac    00000030     AP_MSP430F5509_CC1101_915MHz.lib : mrfi.obj (.text:MRFI_WakeUp)
                  0000dedc    00000030     UsbIsr.obj (.text:PWRVBUSonHandler)
                  0000df0c    00000030     HAL_UCS.obj (.text:XT2_Start)
                  0000df3c    00000030     dma.obj (.text:memcpyDMA0)
                  0000df6c    00000030     AP_MSP430F5509_CC1101_915MHz.lib : nwk_QMgmt.obj (.text:nwk_QadjustOrder)
                  0000df9c    00000030                                      : nwk_ioctl.obj (.text:nwk_rawReceive)
                  0000dfcc    00000030                                      : nwk_frame.obj (.text:nwk_sendFrame)
                  0000dffc    00000030     wbsl.obj (.text:wbsl_sendPacket)
                  0000e02c    0000002e     AP_MSP430F5509_CC1101_915MHz.lib : mrfi.obj (.text:MRFI_RxOn)
                  0000e05a    0000002e     UsbIsr.obj (.text:OEP0InterruptHandler)
                  0000e088    0000002c     AP_MSP430F5509_CC1101_915MHz.lib : nwk_api.obj (.text:SMPL_Init)
                  0000e0b4    0000002c     usb.obj (.text:USB_suspend)
                  0000e0e0    0000002c     AP_MSP430F5509_CC1101_915MHz.lib : nwk.obj (.text:nwk_checkAppMsgTID)
                  0000e10c    0000002c     wbsl.obj (.text:rxModeOff)
                  0000e138    0000002a     AP_MSP430F5509_CC1101_915MHz.lib : mrfi.obj (.text:MRFI_Sleep)
                  0000e162    0000002a     rts430x.lib : boot.obj (.text:_isr:_c_int00_noexit)
                  0000e18c    0000002a     AP_MSP430F5509_CC1101_915MHz.lib : nwk.obj (.text:nwk_getConnInfo)
                  0000e1b6    0000002a                                      : nwk_globals.obj (.text:nwk_globalsInit)
                  0000e1e0    0000002a                                      : nwk_link.obj (.text:nwk_linkInit)
                  0000e20a    0000002a     usb.obj (.text:usbGetDeviceStatus)
                  0000e234    00000028     cmdHandler.obj (.text:BRTX_DataTransfered_v)
                  0000e25c    00000028     dma.obj (.text:USB_initMemcpy)
                  0000e284    00000028     AP_MSP430F5509_CC1101_915MHz.lib : nwk.obj (.text:map_lid2idx)
                  0000e2ac    00000028     usb.obj (.text:usbSetConfiguration)
                  0000e2d4    00000026     AP_MSP430F5509_CC1101_915MHz.lib : mrfi.obj (.text:Mrfi_DelayUsec)
                  0000e2fa    00000026                                      : mrfi.obj (.text:_isr:BSP_GpioPort1Isr)
                  0000e320    00000026                                      : nwk_QMgmt.obj (.text:nwk_QInit)
                  0000e346    00000026                                      : nwk.obj (.text:nwk_checkConnInfo)
                  0000e36c    00000026     usb.obj (.text:usbClearDeviceFeature)
                  0000e392    00000026     usb.obj (.text:usbSetDeviceFeature)
                  0000e3b8    00000024     AP_MSP430F5509_CC1101_915MHz.lib : bsp.obj (.text:BSP_Delay)
                  0000e3dc    00000024                                      : bsp.obj (.text:BSP_Init)
                  0000e400    00000024                                      : nwk_frame.obj (.text:nwk_frameInit)
                  0000e424    00000022     BlueRobin_TX_915MHz.lib : br_api.obj (.text:BR_Init_v)
                  0000e446    00000022     usb.obj (.text:USB_disable)
                  0000e468    00000022     usb.obj (.text:USB_disconnect)
                  0000e48a    00000022     AP_MSP430F5509_CC1101_915MHz.lib : nwk_frame.obj (.text:nwk_buildAckReqFrame)
                  0000e4ac    00000022     wbsl.obj (.text:wbsl_DelayUsec)
                  0000e4ce    00000020     BlueRobin_TX_915MHz.lib : cc_radio.obj (.text:CC_RadioPowerdown_v)
                  0000e4ee    00000020     AP_MSP430F5509_CC1101_915MHz.lib : nwk_frame.obj (.text:MRFI_RxCompleteISR)
                  0000e50e    00000020     rts430x.lib : memmov.obj (.text:memmove)
                  0000e52e    00000020     AP_MSP430F5509_CC1101_915MHz.lib : nwk_ioctl.obj (.text:nwk_connectionControl)
                  0000e54e    00000020     usb.obj (.text:usbSendDataPacketOnEP0)
                  0000e56e    00000020     cmdHandler.obj (.text:usb_handler_init)
                  0000e58e    0000001e     AP_MSP430F5509_CC1101_915MHz.lib : nwk_globals.obj (.text:nwk_setMyAddress)
                  0000e5ac    0000001e     usb.obj (.text:usbGetInterface)
                  0000e5ca    0000001e     usb.obj (.text:usbGetInterfaceStatus)
                  0000e5e8    0000001e     spi_wbsl.obj (.text:wbsl_SpiReadReg)
                  0000e606    0000001c     UsbIsr.obj (.text:IEP0InterruptHandler)
                  0000e622    0000001c     AP_MSP430F5509_CC1101_915MHz.lib : nwk_mgmt.obj (.text:nwk_mgmtInit)
                  0000e63e    0000001a     usb.obj (.text:USB_connect)
                  0000e658    0000001a     usb.obj (.text:usbSetInterface)
                  0000e672    0000001a     wbsl.obj (.text:wbsl_setTimer)
                  0000e68c    00000018     BlueRobin_TX_915MHz.lib : brSPI.obj (.text:BR_SPI_SingleWriteRead_u8)
                  0000e6a4    00000018     AP_MSP430F5509_CC1101_915MHz.lib : mrfi.obj (.text:MRFI_DelayMs)
                  0000e6bc    00000018     usb.obj (.text:USB_resume)
                  0000e6d4    00000018     spi_wbsl.obj (.text:wbsl_SpiWriteReg)
                  0000e6ec    00000016     AP_MSP430F5509_CC1101_915MHz.lib : mrfi.obj (.text:MRFI_RandomByte)
                  0000e702    00000016     rts430x.lib : div16u.obj (.text)
                  0000e718    00000016                 : mult16_f5hw.obj (.text)
                  0000e72e    00000016     usb.obj (.text:usbGetConfigurationDescriptor)
                  0000e744    00000016     usb.obj (.text:usbGetDeviceDescriptor)
                  0000e75a    00000016     wbsl.obj (.text:wbsl_GpioIsr)
                  0000e770    00000014     AP_MSP430F5509_CC1101_915MHz.lib : bsp.obj (.text:BSP_InitBoard)
                  0000e784    00000014     usbEventHandling.obj (.text:USB_handleVbusOnEvent)
                  0000e798    00000014     main.obj (.text:bluerobin_stop)
                  0000e7ac    00000014     AP_MSP430F5509_CC1101_915MHz.lib : nwk_ioctl.obj (.text:nwk_joinContext)
                  0000e7c0    00000014                                      : main_AP_BM.obj (.text:sCB)
                  0000e7d4    00000014     usb.obj (.text:usbGetConfiguration)
                  0000e7e8    00000014     usb.obj (.text:usbReceiveDataPacketOnEP0)
                  0000e7fc    00000014     UsbCdc.obj (.text:usbSetControlLineState)
                  0000e810    00000012     BlueRobin_TX_915MHz.lib : br_common.obj (.text:BR_CalcRandomChannel_u8)
                  0000e822    00000012                             : cc_radio.obj (.text:CC_OscOn_v)
                  0000e834    00000012     UsbCdc.obj (.text:CdcIsReceiveInProgress)
                  0000e846    00000012     rts430x.lib : memcpy.obj (.text:memcpy)
                  0000e858    00000012     AP_MSP430F5509_CC1101_915MHz.lib : nwk_join.obj (.text:nwk_getJoinToken)
                  0000e86a    00000012                                      : nwk_link.obj (.text:nwk_getLinkToken)
                  0000e87c    00000012                                      : nwk_globals.obj (.text:nwk_getMyAddress)
                  0000e88e    00000012                                      : nwk_join.obj (.text:nwk_setJoinToken)
                  0000e8a0    00000012                                      : nwk_link.obj (.text:nwk_setLinkToken)
                  0000e8b2    00000012     usb.obj (.text:usbInvalidRequest)
                  0000e8c4    00000010     BlueRobin_TX_915MHz.lib : brSPI.obj (.text:BR_SPI_WriteRead_u8)
                  0000e8d4    00000010     ccSPI.obj (.text:CC_SPI_WriteRead_u8)
                  0000e8e4    00000010     usbEventHandling.obj (.text:USBCDC_handleDataReceived)
                  0000e8f4    00000010     timer.obj (.text:_isr:TIMER0_A1_ISR)
                  0000e904    00000010     AP_MSP430F5509_CC1101_915MHz.lib : nwk_QMgmt.obj (.text:nwk_getQ)
                  0000e914    0000000e     BlueRobin_TX_915MHz.lib : br_api.obj (.text:BRTX_WriteData_v)
                  0000e922    0000000e     AP_MSP430F5509_CC1101_915MHz.lib : nwk_join.obj (.text:nwk_setJoinContext)
                  0000e930    0000000e                                      : nwk_link.obj (.text:nwk_setListenContext)
                  0000e93e    0000000e     usb.obj (.text:usbSendZeroLengthPacketOnIEP0)
                  0000e94c    0000000c     BlueRobin_TX_915MHz.lib : brtx_irq.obj (.text:BRTX_GetTimer_u16)
                  0000e958    0000000c                             : brSPI.obj (.text:BR_SPI_SelectChipWaitUntilReady_v)
                  0000e964    0000000c     AP_MSP430F5509_CC1101_915MHz.lib : mrfi.obj (.text:MRFI_PostKillSem)
                  0000e970    0000000c                                      : mrfi.obj (.text:MRFI_Receive)
                  0000e97c    0000000c                                      : nwk.obj (.text:nwk_getNumObjectFromMsg)
                  0000e988    0000000c     UsbCdc.obj (.text:usbSetLineCoding)
                  0000e994    0000000c     spi_wbsl.obj (.text:wbsl_SpiWriteTxFifo)
                  0000e9a0    0000000a     BlueRobin_TX_915MHz.lib : br_api.obj (.text:BRTX_GetID_u32)
                  0000e9aa    0000000a                             : br_api.obj (.text:BRTX_SetID_v)
                  0000e9b4    0000000a                             : br_api.obj (.text:BRTX_Stop_v)
                  0000e9be    0000000a     AP_MSP430F5509_CC1101_915MHz.lib : bsp.obj (.text:_system_pre_init)
                  0000e9c8    0000000a                                      : nwk_ping.obj (.text:nwk_pingInit)
                  0000e9d2    0000000a     rts430x.lib : lsl16.obj (.text)
                  0000e9dc    0000000a     spi_wbsl.obj (.text:wbsl_SpiReadRxFifo)
                  0000e9e6    00000008     usbEventHandling.obj (.text:USB_handleVbusOffEvent)
                  0000e9ee    00000008     usb.obj (.text:USB_setEnabledEvents)
                  0000e9f6    00000008     HAL_UCS.obj (.text:XT2_Stop)
                  0000e9fe    00000008     AP_MSP430F5509_CC1101_915MHz.lib : nwk_mgmt.obj (.text:nwk_resetSFMarker)
                  0000ea06    00000006     BlueRobin_TX_915MHz.lib : brSPI.obj (.text:BR_SPI_DeselectChip_v)
                  0000ea0c    00000006                             : brSPI.obj (.text:BR_SPI_SelectChip_v)
                  0000ea12    00000006     ccSPI.obj (.text:CC_SPI_DeselectChip_v)
                  0000ea18    00000006     AP_MSP430F5509_CC1101_915MHz.lib : mrfi.obj (.text:MRFI_GetRadioState)
                  0000ea1e    00000006                                      : nwk_api.obj (.text:SMPL_Send)
                  0000ea24    00000006     rts430x.lib : isr_trap.obj (.text:__TI_ISR_TRAP)
                  0000ea2a    00000006     AP_MSP430F5509_CC1101_915MHz.lib : nwk.obj (.text:nwk_freeConnection)
                  0000ea30    00000006                                      : nwk_globals.obj (.text:nwk_getBCastAddress)
                  0000ea36    00000006                                      : nwk_globals.obj (.text:nwk_getFWVersion)
                  0000ea3c    00000006                                      : nwk_frame.obj (.text:nwk_getMyRxType)
                  0000ea42    00000006                                      : nwk.obj (.text:nwk_getSFInfoPtr)
                  0000ea48    00000004     usbEventHandling.obj (.text:USBCDC_handleReceiveCompleted)
                  0000ea4c    00000004     usbEventHandling.obj (.text:USBCDC_handleSendCompleted)
                  0000ea50    00000004     usbEventHandling.obj (.text:USBCDC_handleSetControlLineState)
                  0000ea54    00000004     usbEventHandling.obj (.text:USBCDC_handleSetLineCoding)
                  0000ea58    00000004     usbEventHandling.obj (.text:USB_handleClockEvent)
                  0000ea5c    00000004     usbEventHandling.obj (.text:USB_handleEnumCompleteEvent)
                  0000ea60    00000004     usbEventHandling.obj (.text:USB_handleResetEvent)
                  0000ea64    00000004     usbEventHandling.obj (.text:USB_handleResumeEvent)
                  0000ea68    00000004     usbEventHandling.obj (.text:USB_handleSuspendEvent)
                  0000ea6c    00000004     rts430x.lib : exit.obj (.text:abort)
                  0000ea70    00000004     AP_MSP430F5509_CC1101_915MHz.lib : nwk.obj (.text:nwk_NVObj)
                  0000ea74    00000004                                      : nwk_globals.obj (.text:nwk_getProtocolVersion)
                  0000ea78    00000004                                      : nwk_join.obj (.text:nwk_join)
                  0000ea7c    00000004                                      : nwk_freq.obj (.text:nwk_processFreq)
                  0000ea80    00000004                                      : nwk_security.obj (.text:nwk_processSecurity)
                  0000ea84    00000002     cmdHandler.obj (.text:BRTX_PrepareData_v)
                  0000ea86    00000002     rts430x.lib : _lock.obj (.text:_nop)
                  0000ea88    00000002     AP_MSP430F5509_CC1101_915MHz.lib : nwk_freq.obj (.text:nwk_freqInit)
                  0000ea8a    00000002                                      : nwk_security.obj (.text:nwk_securityInit)

.const     0    0000ea8c    0000041d     
                  0000ea8c    0000010a     descriptors.obj (.const:tUsbRequestList)
                  0000eb96    00000100     BlueRobin_TX_915MHz.lib : br_common.obj (.const:.string:RandomValue_u8)
                  0000ec96    00000090     descriptors.obj (.const:.string:abromStringDescriptor)
                  0000ed26    00000054     wbsl.obj (.const:wbslRadioCfg)
                  0000ed7a    00000043     descriptors.obj (.const)
                  0000edbd    00000001     --HOLE-- [fill = 0]
                  0000edbe    00000042     AP_MSP430F5509_CC1101_915MHz.lib : mrfi.obj (.const:mrfiRadioCfg)
                  0000ee00    00000032     wbsl.obj (.const:ResetRadioCfg)
                  0000ee32    00000027     BlueRobin_TX_915MHz.lib : cc_radio.obj (.const:.string:RadioSettings_t)
                  0000ee59    00000001     --HOLE-- [fill = 0]
                  0000ee5a    00000018     AP_MSP430F5509_CC1101_915MHz.lib : nwk_frame.obj (.const:func)
                  0000ee72    00000012     descriptors.obj (.const:.string:abromDeviceDescriptor)
                  0000ee84    00000010     descriptors.obj (.const:stUsbHandle)
                  0000ee94    00000009     AP_MSP430F5509_CC1101_915MHz.lib : nwk_globals.obj (.const)
                  0000ee9d    00000001     --HOLE-- [fill = 0]
                  0000ee9e    00000004                                      : mrfi.obj (.const:.string:mrfiBroadcastAddr)
                  0000eea2    00000004                                      : mrfi.obj (.const:.string:mrfiLogicalChanTable)
                  0000eea6    00000003                                      : mrfi.obj (.const:.string:mrfiRFPowerTable)

.cinit     0    0000eeaa    00000154     
                  0000eeaa    0000003c     wbsl.obj (.cinit)
                  0000eee6    00000030     cmdHandler.obj (.cinit)
                  0000ef16    0000002f     AP_MSP430F5509_CC1101_915MHz.lib : mrfi.obj (.cinit)
                  0000ef45    00000001     --HOLE-- [fill = 0]
                  0000ef46    00000021                                      : nwk_join.obj (.cinit)
                  0000ef67    00000001     --HOLE-- [fill = 0]
                  0000ef68    00000020                                      : nwk_frame.obj (.cinit)
                  0000ef88    00000019                                      : nwk_link.obj (.cinit)
                  0000efa1    00000001     --HOLE-- [fill = 0]
                  0000efa2    00000011                                      : main_AP_BM.obj (.cinit)
                  0000efb3    00000001     --HOLE-- [fill = 0]
                  0000efb4    00000011     usb.obj (.cinit)
                  0000efc5    00000001     --HOLE-- [fill = 0]
                  0000efc6    0000000b     AP_MSP430F5509_CC1101_915MHz.lib : nwk_mgmt.obj (.cinit)
                  0000efd1    00000001     --HOLE-- [fill = 0]
                  0000efd2    00000005                                      : bsp.obj (.cinit)
                  0000efd7    00000001     --HOLE-- [fill = 0]
                  0000efd8    00000005                                      : nwk.obj (.cinit)
                  0000efdd    00000001     --HOLE-- [fill = 0]
                  0000efde    00000005                                      : nwk_api.obj (.cinit)
                  0000efe3    00000001     --HOLE-- [fill = 0]
                  0000efe4    00000005                                      : nwk_globals.obj (.cinit)
                  0000efe9    00000001     --HOLE-- [fill = 0]
                  0000efea    00000005                                      : nwk_ping.obj (.cinit)
                  0000efef    00000001     --HOLE-- [fill = 0]
                  0000eff0    00000005     main.obj (.cinit)
                  0000eff5    00000001     --HOLE-- [fill = 0]
                  0000eff6    00000005     usbEventHandling.obj (.cinit)
                  0000effb    00000001     --HOLE-- [fill = 0]
                  0000effc    00000002     (.pad.cinit) [fill = 0]

RTC        0    0000ffd2    00000002     
                  0000ffd2    00000002     rts430x.lib : int41.obj (.int41)

PORT2      0    0000ffd4    00000002     
                  0000ffd4    00000002     AP_MSP430F5509_CC1101_915MHz.lib : mrfi.obj (.int42)

TIMER2_A1 
*          0    0000ffd6    00000002     
                  0000ffd6    00000002     rts430x.lib : int43.obj (.int43)

TIMER2_A0 
*          0    0000ffd8    00000002     
                  0000ffd8    00000002     rts430x.lib : int44.obj (.int44)

USCI_B1    0    0000ffda    00000002     
                  0000ffda    00000002     rts430x.lib : int45.obj (.int45)

USCI_A1    0    0000ffdc    00000002     
                  0000ffdc    00000002     rts430x.lib : int46.obj (.int46)

PORT1      0    0000ffde    00000002     
                  0000ffde    00000002     rts430x.lib : int47.obj (.int47)

TIMER1_A1 
*          0    0000ffe0    00000002     
                  0000ffe0    00000002     rts430x.lib : int48.obj (.int48)

TIMER1_A0 
*          0    0000ffe2    00000002     
                  0000ffe2    00000002     rts430x.lib : int49.obj (.int49)

DMA        0    0000ffe4    00000002     
                  0000ffe4    00000002     rts430x.lib : int50.obj (.int50)

USB_UBM    0    0000ffe6    00000002     
                  0000ffe6    00000002     UsbIsr.obj (.int51)

TIMER0_A1 
*          0    0000ffe8    00000002     
                  0000ffe8    00000002     timer.obj (.int52)

TIMER0_A0 
*          0    0000ffea    00000002     
                  0000ffea    00000002     BlueRobin_TX_915MHz.lib : brtx_irq.obj (.int53)

ADC10      0    0000ffec    00000002     
                  0000ffec    00000002     rts430x.lib : int54.obj (.int54)

USCI_B0    0    0000ffee    00000002     
                  0000ffee    00000002     rts430x.lib : int55.obj (.int55)

USCI_A0    0    0000fff0    00000002     
                  0000fff0    00000002     rts430x.lib : int56.obj (.int56)

WDT        0    0000fff2    00000002     
                  0000fff2    00000002     rts430x.lib : int57.obj (.int57)

TIMER0_B1 
*          0    0000fff4    00000002     
                  0000fff4    00000002     rts430x.lib : int58.obj (.int58)

TIMER0_B0 
*          0    0000fff6    00000002     
                  0000fff6    00000002     rts430x.lib : int59.obj (.int59)

COMP_B     0    0000fff8    00000002     
                  0000fff8    00000002     rts430x.lib : int60.obj (.int60)

UNMI       0    0000fffa    00000002     
                  0000fffa    00000002     main.obj (.int61)

SYSNMI     0    0000fffc    00000002     
                  0000fffc    00000002     rts430x.lib : int62.obj (.int62)

.reset     0    0000fffe    00000002     
                  0000fffe    00000002     rts430x.lib : boot.obj (.reset)


GLOBAL SYMBOLS: SORTED ALPHABETICALLY BY Name 

address    name
--------   ----
00002400   .bss
00002400   .data
0000a000   .text
00000740   ADC10CTL0
00000741   ADC10CTL0_H
00000740   ADC10CTL0_L
00000742   ADC10CTL1
00000743   ADC10CTL1_H
00000742   ADC10CTL1_L
00000744   ADC10CTL2
00000745   ADC10CTL2_H
00000744   ADC10CTL2_L
00000748   ADC10HI
00000749   ADC10HI_H
00000748   ADC10HI_L
0000075a   ADC10IE
0000075b   ADC10IE_H
0000075a   ADC10IE_L
0000075c   ADC10IFG
0000075d   ADC10IFG_H
0000075c   ADC10IFG_L
0000075e   ADC10IV
0000075f   ADC10IV_H
0000075e   ADC10IV_L
00000746   ADC10LO
00000747   ADC10LO_H
00000746   ADC10LO_L
0000074a   ADC10MCTL0
0000074b   ADC10MCTL0_H
0000074a   ADC10MCTL0_L
00000752   ADC10MEM0
00000753   ADC10MEM0_H
00000752   ADC10MEM0_L
0000281a   BRTX_BasicPeriodTime_u16
00002816   BRTX_ConfigFlags_t
0000e234   BRTX_DataTransfered_v
00002822   BRTX_FirstData_u32
00002818   BRTX_FirstPacketTime_u16
0000e9a0   BRTX_GetID_u32
0000e94c   BRTX_GetTimer_u16
0000281c   BRTX_ID_u32
0000d68e   BRTX_MakePacket_v
0000284a   BRTX_PacketBits_t
00002817   BRTX_PacketChannel_u8
00002812   BRTX_PacketState_u8
0000ea84   BRTX_PrepareData_v
00002820   BRTX_SC_u8
00002826   BRTX_SecondData_u8
0000e9aa   BRTX_SetID_v
0000dc30   BRTX_Start_v
00002814   BRTX_StatusFlags_t
0000e9b4   BRTX_Stop_v
0000dc68   BRTX_Timing_IRQ_v
0000e914   BRTX_WriteData_v
0000dd7a   BR_CalcCRC_u8
0000e810   BR_CalcRandomChannel_u8
0000d6d4   BR_CalcRandomTimeOffset_u16
0000e424   BR_Init_v
0000ea06   BR_SPI_DeselectChip_v
0000cb7c   BR_SPI_Init_v
0000e958   BR_SPI_SelectChipWaitUntilReady_v
0000ea0c   BR_SPI_SelectChip_v
0000e68c   BR_SPI_SingleWriteRead_u8
0000e8c4   BR_SPI_WriteRead_u8
0000e3b8   BSP_Delay
0000e2fa   BSP_GpioPort1Isr
0000e3dc   BSP_Init
0000e770   BSP_InitBoard
0000e4ce   BlueRobin_RadioISR_v
0000ea6c   C$$EXIT
000008c0   CBCTL0
000008c1   CBCTL0_H
000008c0   CBCTL0_L
000008c2   CBCTL1
000008c3   CBCTL1_H
000008c2   CBCTL1_L
000008c4   CBCTL2
000008c5   CBCTL2_H
000008c4   CBCTL2_L
000008c6   CBCTL3
000008c7   CBCTL3_H
000008c6   CBCTL3_L
000008cc   CBINT
000008cd   CBINT_H
000008cc   CBINT_L
000008ce   CBIV
0000287e   CC_256ByteWriteTime_u16
0000e822   CC_OscOn_v
0000287c   CC_OscStartupTime_u16
0000da4c   CC_RadioIdle_v
0000b06c   CC_RadioInit_v
0000e4ce   CC_RadioPowerdown_v
0000e4ce   CC_RadioStop_v
0000cea2   CC_RadioTransmitRegularData_v
0000ea12   CC_SPI_DeselectChip_v
0000c6be   CC_SPI_Init_v
0000e8d4   CC_SPI_WriteRead_u8
00000150   CRCDI
00000152   CRCDIRB
00000153   CRCDIRB_H
00000152   CRCDIRB_L
00000151   CRCDI_H
00000150   CRCDI_L
00000154   CRCINIRES
00000155   CRCINIRES_H
00000154   CRCINIRES_L
00000156   CRCRESR
00000157   CRCRESR_H
00000156   CRCRESR_L
0000e834   CdcIsReceiveInProgress
0000db82   CdcResetData
0000b830   CdcToBufferFromHost
0000ac86   CdcToHostFromBuffer
0000d04a   CopyUsbToBuff
00000510   DMA0CTL
00000511   DMA0CTL_H
00000510   DMA0CTL_L
00000516   DMA0DA
00000518   DMA0DAH
00000516   DMA0DAL
00000512   DMA0SA
00000514   DMA0SAH
00000512   DMA0SAL
0000051a   DMA0SZ
00000520   DMA1CTL
00000521   DMA1CTL_H
00000520   DMA1CTL_L
00000526   DMA1DA
00000528   DMA1DAH
00000526   DMA1DAL
00000522   DMA1SA
00000524   DMA1SAH
00000522   DMA1SAL
0000052a   DMA1SZ
00000530   DMA2CTL
00000531   DMA2CTL_H
00000530   DMA2CTL_L
00000536   DMA2DA
00000538   DMA2DAH
00000536   DMA2DAL
00000532   DMA2SA
00000534   DMA2SAH
00000532   DMA2SAL
0000053a   DMA2SZ
00000500   DMACTL0
00000501   DMACTL0_H
00000500   DMACTL0_L
00000502   DMACTL1
00000503   DMACTL1_H
00000502   DMACTL1_L
00000504   DMACTL2
00000505   DMACTL2_H
00000504   DMACTL2_L
00000506   DMACTL3
00000507   DMACTL3_H
00000506   DMACTL3_L
00000508   DMACTL4
00000509   DMACTL4_H
00000508   DMACTL4_L
0000050e   DMAIV
0000050f   DMAIV_H
0000050e   DMAIV_L
00001800   DeviceConfig_t
00002776   Distance_u16
00000140   FCTL1
00000141   FCTL1_H
00000140   FCTL1_L
00000144   FCTL3
00000145   FCTL3_H
00000144   FCTL3_L
00000146   FCTL4
00000147   FCTL4_H
00000146   FCTL4_L
0000d56e   Get_TLV_Info
0000d3b0   Handler_SetLineCoding
00002773   HeartRate_u8
0000e606   IEP0InterruptHandler
0000e9d2   I_LSL
0000d3fc   InitClock_v
000004c4   MAC
000004da   MAC32H
000004db   MAC32H_H
000004da   MAC32H_L
000004d8   MAC32L
000004d9   MAC32L_H
000004d8   MAC32L_L
000004c6   MACS
000004de   MACS32H
000004df   MACS32H_H
000004de   MACS32H_L
000004dc   MACS32L
000004dd   MACS32L_H
000004dc   MACS32L_L
000004c7   MACS_H
000004c6   MACS_L
000004c5   MAC_H
000004c4   MAC_L
000004c0   MPY
000004ec   MPY32CTL0
000004ed   MPY32CTL0_H
000004ec   MPY32CTL0_L
000004d2   MPY32H
000004d3   MPY32H_H
000004d2   MPY32H_L
000004d0   MPY32L
000004d1   MPY32L_H
000004d0   MPY32L_L
000004c2   MPYS
000004d6   MPYS32H
000004d7   MPYS32H_H
000004d6   MPYS32H_L
000004d4   MPYS32L
000004d5   MPYS32L_H
000004d4   MPYS32L_L
000004c3   MPYS_H
000004c2   MPYS_L
000004c1   MPY_H
000004c0   MPY_L
0000e6a4   MRFI_DelayMs
0000ea18   MRFI_GetRadioState
0000a546   MRFI_Init
0000e964   MRFI_PostKillSem
0000e6ec   MRFI_RandomByte
0000e970   MRFI_Receive
0000d162   MRFI_ReplyDelay
0000d5b6   MRFI_Rssi
0000dbbc   MRFI_RxAddrIsFiltered
0000e4ee   MRFI_RxCompleteISR
0000d9c8   MRFI_RxIdle
0000e02c   MRFI_RxOn
0000d106   MRFI_SetLogicalChannel
0000d0a8   MRFI_SetRFPwr
0000e138   MRFI_Sleep
0000af26   MRFI_Transmit
0000deac   MRFI_WakeUp
0000e05a   OEP0InterruptHandler
000004c8   OP2
000004e2   OP2H
000004e3   OP2H_H
000004e2   OP2H_L
000004e0   OP2L
000004e1   OP2L_H
000004e0   OP2L_L
000004c9   OP2_H
000004c8   OP2_L
0000020e   P1IV
0000021e   P2IV
000001e0   P4MAP01
000001e1   P4MAP01_H
000001e0   P4MAP01_L
000001e2   P4MAP23
000001e3   P4MAP23_H
000001e2   P4MAP23_L
000001e4   P4MAP45
000001e5   P4MAP45_H
000001e4   P4MAP45_L
000001e6   P4MAP67
000001e7   P4MAP67_H
000001e6   P4MAP67_L
00000204   PADIR
00000205   PADIR_H
00000204   PADIR_L
00000208   PADS
00000209   PADS_H
00000208   PADS_L
0000021a   PAIE
00000218   PAIES
00000219   PAIES_H
00000218   PAIES_L
0000021b   PAIE_H
0000021a   PAIE_L
0000021c   PAIFG
0000021d   PAIFG_H
0000021c   PAIFG_L
00000200   PAIN
00000201   PAIN_H
00000200   PAIN_L
00000202   PAOUT
00000203   PAOUT_H
00000202   PAOUT_L
00000206   PAREN
00000207   PAREN_H
00000206   PAREN_L
0000020a   PASEL
0000020b   PASEL_H
0000020a   PASEL_L
00000224   PBDIR
00000225   PBDIR_H
00000224   PBDIR_L
00000228   PBDS
00000229   PBDS_H
00000228   PBDS_L
00000220   PBIN
00000221   PBIN_H
00000220   PBIN_L
00000222   PBOUT
00000223   PBOUT_H
00000222   PBOUT_L
00000226   PBREN
00000227   PBREN_H
00000226   PBREN_L
0000022a   PBSEL
0000022b   PBSEL_H
0000022a   PBSEL_L
00000244   PCDIR
00000245   PCDIR_H
00000244   PCDIR_L
00000248   PCDS
00000249   PCDS_H
00000248   PCDS_L
00000240   PCIN
00000241   PCIN_H
00000240   PCIN_L
00000242   PCOUT
00000243   PCOUT_H
00000242   PCOUT_L
00000246   PCREN
00000247   PCREN_H
00000246   PCREN_L
0000024a   PCSEL
0000024b   PCSEL_H
0000024a   PCSEL_L
00000324   PJDIR
00000325   PJDIR_H
00000324   PJDIR_L
00000328   PJDS
00000329   PJDS_H
00000328   PJDS_L
00000320   PJIN
00000321   PJIN_H
00000320   PJIN_L
00000322   PJOUT
00000323   PJOUT_H
00000322   PJOUT_L
00000326   PJREN
00000327   PJREN_H
00000326   PJREN_L
00000130   PM5CTL0
00000131   PM5CTL0_H
00000130   PM5CTL0_L
000001c2   PMAPCTL
000001c3   PMAPCTL_H
000001c2   PMAPCTL_L
000001c0   PMAPKEYID
000001c1   PMAPKEYID_H
000001c0   PMAPKEYID_L
00000120   PMMCTL0
00000121   PMMCTL0_H
00000120   PMMCTL0_L
00000122   PMMCTL1
00000123   PMMCTL1_H
00000122   PMMCTL1_L
0000012c   PMMIFG
0000012d   PMMIFG_H
0000012c   PMMIFG_L
0000012e   PMMRIE
0000012f   PMMRIE_H
0000012e   PMMRIE_L
0000da0a   PWRVBUSoffHandler
0000dedc   PWRVBUSonHandler
00000158   RCCTL0
00000159   RCCTL0_H
00000158   RCCTL0_L
000001b0   REFCTL0
000001b1   REFCTL0_H
000001b0   REFCTL0_L
000004e4   RES0
000004e5   RES0_H
000004e4   RES0_L
000004e6   RES1
000004e7   RES1_H
000004e6   RES1_L
000004e8   RES2
000004e9   RES2_H
000004e8   RES2_L
000004ea   RES3
000004eb   RES3_H
000004ea   RES3_L
000004cc   RESHI
000004cd   RESHI_H
000004cc   RESHI_L
000004ca   RESLO
000004cb   RESLO_H
000004ca   RESLO_L
000004ba   RTCADOWDAY
000004bb   RTCADOWDAY_H
000004ba   RTCADOWDAY_L
000004b8   RTCAMINHR
000004b9   RTCAMINHR_H
000004b8   RTCAMINHR_L
000004a0   RTCCTL01
000004a1   RTCCTL01_H
000004a0   RTCCTL01_L
000004a2   RTCCTL23
000004a3   RTCCTL23_H
000004a2   RTCCTL23_L
000004b4   RTCDATE
000004b5   RTCDATE_H
000004b4   RTCDATE_L
000004ae   RTCIV
000004ac   RTCPS
000004a8   RTCPS0CTL
000004a9   RTCPS0CTL_H
000004a8   RTCPS0CTL_L
000004aa   RTCPS1CTL
000004ab   RTCPS1CTL_H
000004aa   RTCPS1CTL_L
000004ad   RTCPS_H
000004ac   RTCPS_L
000004b0   RTCTIM0
000004b1   RTCTIM0_H
000004b0   RTCTIM0_L
000004b2   RTCTIM1
000004b3   RTCTIM1_H
000004b2   RTCTIM1_L
000004b6   RTCYEAR
000004b7   RTCYEAR_H
000004b6   RTCYEAR_L
0000eb96   RandomValue_u8
00000100   SFRIE1
00000101   SFRIE1_H
00000100   SFRIE1_L
00000102   SFRIFG1
00000103   SFRIFG1_H
00000102   SFRIFG1_L
00000104   SFRRPCR
00000105   SFRRPCR_H
00000104   SFRRPCR_L
0000e088   SMPL_Init
0000b404   SMPL_Ioctl
0000cf7c   SMPL_LinkListen
0000d7ec   SMPL_Receive
0000ea1e   SMPL_Send
0000b51c   SMPL_SendOpt
000004ce   SUMEXT
000004cf   SUMEXT_H
000004ce   SUMEXT_L
00000124   SVSMHCTL
00000125   SVSMHCTL_H
00000124   SVSMHCTL_L
00000128   SVSMIO
00000129   SVSMIO_H
00000128   SVSMIO_L
00000126   SVSMLCTL
00000127   SVSMLCTL_H
00000126   SVSMLCTL_L
00000198   SYSBERRIV
00000199   SYSBERRIV_H
00000198   SYSBERRIV_L
00000182   SYSBSLC
00000183   SYSBSLC_H
00000182   SYSBSLC_L
00000180   SYSCTL
00000181   SYSCTL_H
00000180   SYSCTL_L
00000186   SYSJMBC
00000187   SYSJMBC_H
00000186   SYSJMBC_L
00000188   SYSJMBI0
00000189   SYSJMBI0_H
00000188   SYSJMBI0_L
0000018a   SYSJMBI1
0000018b   SYSJMBI1_H
0000018a   SYSJMBI1_L
0000018c   SYSJMBO0
0000018d   SYSJMBO0_H
0000018c   SYSJMBO0_L
0000018e   SYSJMBO1
0000018f   SYSJMBO1_H
0000018e   SYSJMBO1_L
0000019e   SYSRSTIV
0000019f   SYSRSTIV_H
0000019e   SYSRSTIV_L
0000019c   SYSSNIV
0000019d   SYSSNIV_H
0000019c   SYSSNIV_L
0000019a   SYSUNIV
0000019b   SYSUNIV_H
0000019a   SYSUNIV_L
0000da8c   SetVCore
0000d830   SetupPacketInterruptHandler
00002774   Speed_u8
00000352   TA0CCR0
00000354   TA0CCR1
00000356   TA0CCR2
00000358   TA0CCR3
0000035a   TA0CCR4
00000342   TA0CCTL0
00000344   TA0CCTL1
00000346   TA0CCTL2
00000348   TA0CCTL3
0000034a   TA0CCTL4
00000340   TA0CTL
00000360   TA0EX0
0000036e   TA0IV
00000350   TA0R
00000392   TA1CCR0
00000394   TA1CCR1
00000396   TA1CCR2
00000382   TA1CCTL0
00000384   TA1CCTL1
00000386   TA1CCTL2
00000380   TA1CTL
000003a0   TA1EX0
000003ae   TA1IV
00000390   TA1R
00000412   TA2CCR0
00000414   TA2CCR1
00000416   TA2CCR2
00000402   TA2CCTL0
00000404   TA2CCTL1
00000406   TA2CCTL2
00000400   TA2CTL
00000420   TA2EX0
0000042e   TA2IV
00000410   TA2R
000003d2   TB0CCR0
000003d4   TB0CCR1
000003d6   TB0CCR2
000003d8   TB0CCR3
000003da   TB0CCR4
000003dc   TB0CCR5
000003de   TB0CCR6
000003c2   TB0CCTL0
000003c4   TB0CCTL1
000003c6   TB0CCTL2
000003c8   TB0CCTL3
000003ca   TB0CCTL4
000003cc   TB0CCTL5
000003ce   TB0CCTL6
000003c0   TB0CTL
000003e0   TB0EX0
000003ee   TB0IV
000003d0   TB0R
0000e8f4   TIMER0_A1_ISR
0000e4ce   TX_PacketEnd
00002556   TxBuffer
000005d0   UCA0ABCTL
000005c6   UCA0BRW
000005c7   UCA0BRW_H
000005c6   UCA0BRW_L
000005c0   UCA0CTLW0
000005c1   UCA0CTLW0_H
000005c0   UCA0CTLW0_L
000005dc   UCA0ICTL
000005dd   UCA0ICTL_H
000005dc   UCA0ICTL_L
000005d2   UCA0IRCTL
000005d3   UCA0IRCTL_H
000005d2   UCA0IRCTL_L
000005de   UCA0IV
000005c8   UCA0MCTL
000005cc   UCA0RXBUF
000005ca   UCA0STAT
000005ce   UCA0TXBUF
00000610   UCA1ABCTL
00000606   UCA1BRW
00000607   UCA1BRW_H
00000606   UCA1BRW_L
00000600   UCA1CTLW0
00000601   UCA1CTLW0_H
00000600   UCA1CTLW0_L
0000061c   UCA1ICTL
0000061d   UCA1ICTL_H
0000061c   UCA1ICTL_L
00000612   UCA1IRCTL
00000613   UCA1IRCTL_H
00000612   UCA1IRCTL_L
0000061e   UCA1IV
00000608   UCA1MCTL
0000060c   UCA1RXBUF
0000060a   UCA1STAT
0000060e   UCA1TXBUF
000005e6   UCB0BRW
000005e7   UCB0BRW_H
000005e6   UCB0BRW_L
000005e0   UCB0CTLW0
000005e1   UCB0CTLW0_H
000005e0   UCB0CTLW0_L
000005f0   UCB0I2COA
000005f1   UCB0I2COA_H
000005f0   UCB0I2COA_L
000005f2   UCB0I2CSA
000005f3   UCB0I2CSA_H
000005f2   UCB0I2CSA_L
000005fc   UCB0ICTL
000005fd   UCB0ICTL_H
000005fc   UCB0ICTL_L
000005fe   UCB0IV
000005ec   UCB0RXBUF
000005ea   UCB0STAT
000005ee   UCB0TXBUF
00000626   UCB1BRW
00000627   UCB1BRW_H
00000626   UCB1BRW_L
00000620   UCB1CTLW0
00000621   UCB1CTLW0_H
00000620   UCB1CTLW0_L
00000630   UCB1I2COA
00000631   UCB1I2COA_H
00000630   UCB1I2COA_L
00000632   UCB1I2CSA
00000633   UCB1I2CSA_H
00000632   UCB1I2CSA_L
0000063c   UCB1ICTL
0000063d   UCB1ICTL_H
0000063c   UCB1ICTL_L
0000063e   UCB1IV
0000062c   UCB1RXBUF
0000062a   UCB1STAT
0000062e   UCB1TXBUF
00000160   UCSCTL0
00000161   UCSCTL0_H
00000160   UCSCTL0_L
00000162   UCSCTL1
00000163   UCSCTL1_H
00000162   UCSCTL1_L
00000164   UCSCTL2
00000165   UCSCTL2_H
00000164   UCSCTL2_L
00000166   UCSCTL3
00000167   UCSCTL3_H
00000166   UCSCTL3_L
00000168   UCSCTL4
00000169   UCSCTL4_H
00000168   UCSCTL4_L
0000016a   UCSCTL5
0000016b   UCSCTL5_H
0000016a   UCSCTL5_L
0000016c   UCSCTL6
0000016d   UCSCTL6_H
0000016c   UCSCTL6_L
0000016e   UCSCTL7
0000016f   UCSCTL7_H
0000016e   UCSCTL7_L
00000170   UCSCTL8
00000171   UCSCTL8_H
00000170   UCSCTL8_L
0000dd0e   UNMI_ISR
0000cbf4   USBCDC_bytesInUSBBuffer
0000e8e4   USBCDC_handleDataReceived
0000ea48   USBCDC_handleReceiveCompleted
0000ea4c   USBCDC_handleSendCompleted
0000ea50   USBCDC_handleSetControlLineState
0000ea54   USBCDC_handleSetLineCoding
0000c3e2   USBCDC_intfStatus
0000a396   USBCDC_receiveData
0000cce0   USBCDC_sendData
00000902   USBCNF
00000903   USBCNF_H
00000902   USBCNF_L
0000093c   USBCTL
0000093a   USBFN
0000093b   USBFN_H
0000093a   USBFN_L
0000093f   USBFUNADR
0000093d   USBIE
00002378   USBIEP0BUF
000023c9   USBIEPBBAX_1
000023d1   USBIEPBBAX_2
000023d9   USBIEPBBAX_3
000023e1   USBIEPBBAX_4
000023e9   USBIEPBBAX_5
000023f1   USBIEPBBAX_6
000023f9   USBIEPBBAX_7
000023cd   USBIEPBBAY_1
000023d5   USBIEPBBAY_2
000023dd   USBIEPBBAY_3
000023e5   USBIEPBBAY_4
000023ed   USBIEPBBAY_5
000023f5   USBIEPBBAY_6
000023fd   USBIEPBBAY_7
000023ca   USBIEPBCTX_1
000023d2   USBIEPBCTX_2
000023da   USBIEPBCTX_3
000023e2   USBIEPBCTX_4
000023ea   USBIEPBCTX_5
000023f2   USBIEPBCTX_6
000023fa   USBIEPBCTX_7
000023ce   USBIEPBCTY_1
000023d6   USBIEPBCTY_2
000023de   USBIEPBCTY_3
000023e6   USBIEPBCTY_4
000023ee   USBIEPBCTY_5
000023f6   USBIEPBCTY_6
000023fe   USBIEPBCTY_7
00000920   USBIEPCNF_0
000023c8   USBIEPCNF_1
000023d0   USBIEPCNF_2
000023d8   USBIEPCNF_3
000023e0   USBIEPCNF_4
000023e8   USBIEPCNF_5
000023f0   USBIEPCNF_6
000023f8   USBIEPCNF_7
00000921   USBIEPCNT_0
0000092e   USBIEPIE
00000930   USBIEPIFG
000023cf   USBIEPSIZXY_1
000023d7   USBIEPSIZXY_2
000023df   USBIEPSIZXY_3
000023e7   USBIEPSIZXY_4
000023ef   USBIEPSIZXY_5
000023f7   USBIEPSIZXY_6
000023ff   USBIEPSIZXY_7
0000093e   USBIFG
00000900   USBKEYID
00000901   USBKEYID_H
00000900   USBKEYID_L
00000936   USBMAINT
00000937   USBMAINT_H
00000936   USBMAINT_L
00002370   USBOEP0BUF
00002389   USBOEPBBAX_1
00002391   USBOEPBBAX_2
00002399   USBOEPBBAX_3
000023a1   USBOEPBBAX_4
000023a9   USBOEPBBAX_5
000023b1   USBOEPBBAX_6
000023b9   USBOEPBBAX_7
0000238d   USBOEPBBAY_1
00002395   USBOEPBBAY_2
0000239d   USBOEPBBAY_3
000023a5   USBOEPBBAY_4
000023ad   USBOEPBBAY_5
000023b5   USBOEPBBAY_6
000023bd   USBOEPBBAY_7
0000238a   USBOEPBCTX_1
00002392   USBOEPBCTX_2
0000239a   USBOEPBCTX_3
000023a2   USBOEPBCTX_4
000023aa   USBOEPBCTX_5
000023b2   USBOEPBCTX_6
000023ba   USBOEPBCTX_7
0000238e   USBOEPBCTY_1
00002396   USBOEPBCTY_2
0000239e   USBOEPBCTY_3
000023a6   USBOEPBCTY_4
000023ae   USBOEPBCTY_5
000023b6   USBOEPBCTY_6
000023be   USBOEPBCTY_7
00000922   USBOEPCNF_0
00002388   USBOEPCNF_1
00002390   USBOEPCNF_2
00002398   USBOEPCNF_3
000023a0   USBOEPCNF_4
000023a8   USBOEPCNF_5
000023b0   USBOEPCNF_6
000023b8   USBOEPCNF_7
00000923   USBOEPCNT_0
0000092f   USBOEPIE
00000931   USBOEPIFG
0000238f   USBOEPSIZXY_1
00002397   USBOEPSIZXY_2
0000239f   USBOEPSIZXY_3
000023a7   USBOEPSIZXY_4
000023af   USBOEPSIZXY_5
000023b7   USBOEPSIZXY_6
000023bf   USBOEPSIZXY_7
00000904   USBPHYCTL
00000905   USBPHYCTL_H
00000904   USBPHYCTL_L
00000910   USBPLLCTL
00000911   USBPLLCTL_H
00000910   USBPLLCTL_L
00000912   USBPLLDIVB
00000913   USBPLLDIVB_H
00000912   USBPLLDIVB_L
00000914   USBPLLIR
00000915   USBPLLIR_H
00000914   USBPLLIR_L
00000908   USBPWRCTL
00000909   USBPWRCTL_H
00000908   USBPWRCTL_L
00001c00   USBSTABUFF
00002380   USBSUBLK
0000236f   USBTOPBUFF
00000938   USBTSREG
00000939   USBTSREG_H
00000938   USBTSREG_L
00000932   USBVECINT
00000933   USBVECINT_H
00000932   USBVECINT_L
0000c47a   USB_Handler_v
0000be6e   USB_InitSerialStringDescriptor
00002862   USB_RX_memcpy
0000285e   USB_TX_memcpy
0000e63e   USB_connect
0000de16   USB_connectionInfo
0000e446   USB_disable
0000e468   USB_disconnect
0000c9f8   USB_enable
0000ea58   USB_handleClockEvent
0000ea5c   USB_handleEnumCompleteEvent
0000ea60   USB_handleResetEvent
0000ea64   USB_handleResumeEvent
0000ea68   USB_handleSuspendEvent
0000e9e6   USB_handleVbusOffEvent
0000e784   USB_handleVbusOnEvent
0000d1bc   USB_init
0000e25c   USB_initMemcpy
0000b2e4   USB_reset
0000e6bc   USB_resume
0000e9ee   USB_setEnabledEvents
0000e0b4   USB_suspend
0000015c   WDTCTL
0000015d   WDTCTL_H
0000015c   WDTCTL_L
0000df0c   XT2_Start
0000e9f6   XT2_Stop
00003400   __STACK_END
000000a0   __STACK_SIZE
0000ea24   __TI_ISR_TRAP
00000001   __TI_args_main
00000001   __TI_auto_init
0000286e   __TI_cleanup_ptr
00002872   __TI_dtors_ptr
00000001   __TI_exit
0000ffd2   __TI_int41
0000ffd4   __TI_int42
0000ffd6   __TI_int43
0000ffd8   __TI_int44
0000ffda   __TI_int45
0000ffdc   __TI_int46
0000ffde   __TI_int47
0000ffe0   __TI_int48
0000ffe2   __TI_int49
0000ffe4   __TI_int50
0000ffe6   __TI_int51
0000ffe8   __TI_int52
0000ffea   __TI_int53
0000ffec   __TI_int54
0000ffee   __TI_int55
0000fff0   __TI_int56
0000fff2   __TI_int57
0000fff4   __TI_int58
0000fff6   __TI_int59
0000fff8   __TI_int60
0000fffa   __TI_int61
0000fffc   __TI_int62
ffffffff   __binit__
00002400   __bss__
ffffffff   __c_args__
0000eeaa   __cinit__
00002400   __data__
0000e702   __divu
00002400   __edata__
00002881   __end__
0000ea8c   __etext__
0000e718   __mpyi_f5hw
ffffffff   __pinit__
0000e702   __remu
0000a000   __text__
0000d5fe   _auto_init
0000e162   _c_int00
0000e162   _c_int00_noexit
00002866   _lock
0000ea86   _nop
0000fffe   _reset_vector
00003360   _stack
0000e9be   _system_pre_init
0000286a   _unlock
00002378   abIEP0Buffer
00002370   abOEP0Buffer
00002710   abUsbRequestIncomingData
00002708   abUsbRequestReturnData
0000ea6c   abort
00002718   abramSerialStringDescriptor
0000ed7a   abromConfigurationDescriptorGroup
0000ee72   abromDeviceDescriptor
0000ec96   abromStringDescriptor
000027fa   bCDCDataReceived_event
0000273c   bEnumerationStatus
0000273b   bFunctionSuspended
0000273a   bStatusAction
ffffffff   binit
00002742   bluerobin_on
00002743   bluerobin_start_now
0000e798   bluerobin_stop
0000eeaa   cinit
0000274a   current_packet_size
0000259c   ed_address
000026dc   ed_data
00002400   edata
00002881   end
0000ea8c   etext
0000adde   iUsbInterruptHandler
00002596   initPacket
0000c152   isDupSandFFrame
0000a85e   main
0000e846   memcpy
0000df3c   memcpyDMA0
0000e50e   memmove
0000ee9e   mrfiBroadcastAddr
0000d446   mrfiSpiCmdStrobe
0000ddae   mrfiSpiInit
00002827   numUSbEvent
0000ea70   nwk_NVObj
0000e320   nwk_QInit
0000df6c   nwk_QadjustOrder
0000a9c8   nwk_QfindOldest
0000ca7c   nwk_QfindSlot
0000c972   nwk_SendEmptyPollRspFrame
0000bbfe   nwk_allocateLocalRxPort
0000e48a   nwk_buildAckReqFrame
0000c59e   nwk_buildFrame
0000e0e0   nwk_checkAppMsgTID
0000e346   nwk_checkConnInfo
0000e52e   nwk_connectionControl
0000de48   nwk_deviceAddress
0000d646   nwk_findAlreadyJoined
0000d874   nwk_findPeer
0000e400   nwk_frameInit
0000ea2a   nwk_freeConnection
0000ea88   nwk_freqInit
0000ea30   nwk_getBCastAddress
0000e18c   nwk_getConnInfo
0000ea36   nwk_getFWVersion
0000e858   nwk_getJoinToken
0000e86a   nwk_getLinkToken
0000d8b8   nwk_getLocalLinkID
0000e87c   nwk_getMyAddress
0000ea3c   nwk_getMyRxType
0000dbf6   nwk_getNextConnection
0000e97c   nwk_getNumObjectFromMsg
0000ea74   nwk_getProtocolVersion
0000e904   nwk_getQ
0000ea42   nwk_getSFInfoPtr
0000cc6c   nwk_getSandFFrame
0000e1b6   nwk_globalsInit
0000c50c   nwk_isConnectionValid
0000d8fc   nwk_isLinkDuplicate
0000d71a   nwk_isSandFClient
0000d490   nwk_isValidReply
0000ea78   nwk_join
0000e7ac   nwk_joinContext
0000daca   nwk_joinInit
0000e1e0   nwk_linkInit
0000e622   nwk_mgmtInit
0000c8ea   nwk_nwkInit
0000e9c8   nwk_pingInit
0000ea7c   nwk_processFreq
0000d26a   nwk_processJoin
0000bfee   nwk_processLink
0000bda0   nwk_processMgmt
0000cf10   nwk_processPing
0000ea80   nwk_processSecurity
0000dca0   nwk_putNumObjectIntoMsg
0000c1f8   nwk_radioControl
0000df9c   nwk_rawReceive
0000d2bc   nwk_rawSend
0000db08   nwk_replayFrame
0000e9fe   nwk_resetSFMarker
0000c340   nwk_retrieveFrame
0000cfe4   nwk_saveJoinedDevice
0000ea8a   nwk_securityInit
0000cafc   nwk_sendAckReply
0000dfcc   nwk_sendFrame
0000e922   nwk_setJoinContext
0000e88e   nwk_setJoinToken
0000e8a0   nwk_setLinkToken
0000e930   nwk_setListenContext
0000e58e   nwk_setMyAddress
00002518   packet_ready_flag
00001c00   pbXBufferAddressEp1
00001d00   pbXBufferAddressEp2
00001e00   pbXBufferAddressEp3
00001f00   pbXBufferAddressEp4
00002000   pbXBufferAddressEp5
00002100   pbXBufferAddressEp6
00002200   pbXBufferAddressEp7
00001c80   pbXBufferAddressEp81
00001d80   pbXBufferAddressEp82
00001e80   pbXBufferAddressEp83
00001f80   pbXBufferAddressEp84
00002080   pbXBufferAddressEp85
00002180   pbXBufferAddressEp86
00002280   pbXBufferAddressEp87
00001c40   pbYBufferAddressEp1
00001d40   pbYBufferAddressEp2
00001e40   pbYBufferAddressEp3
00001f40   pbYBufferAddressEp4
00002040   pbYBufferAddressEp5
00002140   pbYBufferAddressEp6
00002240   pbYBufferAddressEp7
00001cc0   pbYBufferAddressEp81
00001dc0   pbYBufferAddressEp82
00001ec0   pbYBufferAddressEp83
00001fc0   pbYBufferAddressEp84
000020c0   pbYBufferAddressEp85
000021c0   pbYBufferAddressEp86
000022c0   pbYBufferAddressEp87
ffffffff   pinit
00002747   ptrTX
00002519   rxtx_flag
0000e7c0   sCB
000027d7   sInit_done
000026bc   simpliciti_data
000026ba   simpliciti_flag
0000ab28   simpliciti_main
00002741   simpliciti_on
00002744   simpliciti_start_now
000027fc   simpliciti_sync_buffer
00002810   simpliciti_sync_buffer_status
0000ee84   stUsbHandle
00002740   system_status
00000920   tEndPoint0DescriptorBlock
000023c8   tInputEndPointDescriptorBlock
00002388   tOutputEndPointDescriptorBlock
00002380   tSetupPacket
0000ea8c   tUsbRequestList
0000251a   total_packets
0000e36c   usbClearDeviceFeature
0000d214   usbClearEndpointFeature
0000c62e   usbDecodeAndProcessUsbRequest
0000e7d4   usbGetConfiguration
0000e72e   usbGetConfigurationDescriptor
0000e744   usbGetDeviceDescriptor
0000e20a   usbGetDeviceStatus
0000cd52   usbGetEndpointStatus
0000e5ac   usbGetInterface
0000e5ca   usbGetInterfaceStatus
0000d30e   usbGetLineCoding
0000d4da   usbGetStringDescriptor
0000e8b2   usbInvalidRequest
0000e7e8   usbReceiveDataPacketOnEP0
0000d760   usbReceiveNextPacketOnOEP0
0000e54e   usbSendDataPacketOnEP0
0000cdc2   usbSendNextPacketOnIEP0
0000e93e   usbSendZeroLengthPacketOnIEP0
0000dd44   usbSetAddress
0000e2ac   usbSetConfiguration
0000e7fc   usbSetControlLineState
0000e392   usbSetDeviceFeature
0000d360   usbSetEndpointFeature
0000e658   usbSetInterface
0000e988   usbSetLineCoding
0000274e   usb_buffer
00002770   usb_bufferIndex
0000a000   usb_decode
0000e56e   usb_handler_init
00002771   usb_newdata
00002772   usb_sendack
000026fe   wBytesRemainingOnIEP0
00002700   wBytesRemainingOnOEP0
0000273e   wUsbEventMask
0000e75a   wbsl_GpioIsr
0000274b   wbsl_OPCode
0000c0a8   wbsl_RfIsr
0000d524   wbsl_SpiCmdStrobe
0000dde2   wbsl_SpiInit
0000e5e8   wbsl_SpiReadReg
0000e9dc   wbsl_SpiReadRxFifo
0000e6d4   wbsl_SpiWriteReg
0000e994   wbsl_SpiWriteTxFifo
0000c29c   wbsl_config
0000251c   wbsl_data
00002554   wbsl_data_length
00002516   wbsl_flag
00002749   wbsl_inc
0000ce32   wbsl_link
0000ba2c   wbsl_main
00002745   wbsl_on
0000274c   wbsl_packetLength
00002517   wbsl_packet_flag
0000d7a6   wbsl_reset
0000dffc   wbsl_sendPacket
0000e672   wbsl_setTimer
00002748   wbsl_size
00002746   wbsl_start_now
00002594   wbsl_status
0000de7a   wbsl_transmit


GLOBAL SYMBOLS: SORTED BY Symbol Address 

address    name
--------   ----
00000001   __TI_args_main
00000001   __TI_auto_init
00000001   __TI_exit
000000a0   __STACK_SIZE
00000100   SFRIE1
00000100   SFRIE1_L
00000101   SFRIE1_H
00000102   SFRIFG1
00000102   SFRIFG1_L
00000103   SFRIFG1_H
00000104   SFRRPCR
00000104   SFRRPCR_L
00000105   SFRRPCR_H
00000120   PMMCTL0
00000120   PMMCTL0_L
00000121   PMMCTL0_H
00000122   PMMCTL1
00000122   PMMCTL1_L
00000123   PMMCTL1_H
00000124   SVSMHCTL
00000124   SVSMHCTL_L
00000125   SVSMHCTL_H
00000126   SVSMLCTL
00000126   SVSMLCTL_L
00000127   SVSMLCTL_H
00000128   SVSMIO
00000128   SVSMIO_L
00000129   SVSMIO_H
0000012c   PMMIFG
0000012c   PMMIFG_L
0000012d   PMMIFG_H
0000012e   PMMRIE
0000012e   PMMRIE_L
0000012f   PMMRIE_H
00000130   PM5CTL0
00000130   PM5CTL0_L
00000131   PM5CTL0_H
00000140   FCTL1
00000140   FCTL1_L
00000141   FCTL1_H
00000144   FCTL3
00000144   FCTL3_L
00000145   FCTL3_H
00000146   FCTL4
00000146   FCTL4_L
00000147   FCTL4_H
00000150   CRCDI
00000150   CRCDI_L
00000151   CRCDI_H
00000152   CRCDIRB
00000152   CRCDIRB_L
00000153   CRCDIRB_H
00000154   CRCINIRES
00000154   CRCINIRES_L
00000155   CRCINIRES_H
00000156   CRCRESR
00000156   CRCRESR_L
00000157   CRCRESR_H
00000158   RCCTL0
00000158   RCCTL0_L
00000159   RCCTL0_H
0000015c   WDTCTL
0000015c   WDTCTL_L
0000015d   WDTCTL_H
00000160   UCSCTL0
00000160   UCSCTL0_L
00000161   UCSCTL0_H
00000162   UCSCTL1
00000162   UCSCTL1_L
00000163   UCSCTL1_H
00000164   UCSCTL2
00000164   UCSCTL2_L
00000165   UCSCTL2_H
00000166   UCSCTL3
00000166   UCSCTL3_L
00000167   UCSCTL3_H
00000168   UCSCTL4
00000168   UCSCTL4_L
00000169   UCSCTL4_H
0000016a   UCSCTL5
0000016a   UCSCTL5_L
0000016b   UCSCTL5_H
0000016c   UCSCTL6
0000016c   UCSCTL6_L
0000016d   UCSCTL6_H
0000016e   UCSCTL7
0000016e   UCSCTL7_L
0000016f   UCSCTL7_H
00000170   UCSCTL8
00000170   UCSCTL8_L
00000171   UCSCTL8_H
00000180   SYSCTL
00000180   SYSCTL_L
00000181   SYSCTL_H
00000182   SYSBSLC
00000182   SYSBSLC_L
00000183   SYSBSLC_H
00000186   SYSJMBC
00000186   SYSJMBC_L
00000187   SYSJMBC_H
00000188   SYSJMBI0
00000188   SYSJMBI0_L
00000189   SYSJMBI0_H
0000018a   SYSJMBI1
0000018a   SYSJMBI1_L
0000018b   SYSJMBI1_H
0000018c   SYSJMBO0
0000018c   SYSJMBO0_L
0000018d   SYSJMBO0_H
0000018e   SYSJMBO1
0000018e   SYSJMBO1_L
0000018f   SYSJMBO1_H
00000198   SYSBERRIV
00000198   SYSBERRIV_L
00000199   SYSBERRIV_H
0000019a   SYSUNIV
0000019a   SYSUNIV_L
0000019b   SYSUNIV_H
0000019c   SYSSNIV
0000019c   SYSSNIV_L
0000019d   SYSSNIV_H
0000019e   SYSRSTIV
0000019e   SYSRSTIV_L
0000019f   SYSRSTIV_H
000001b0   REFCTL0
000001b0   REFCTL0_L
000001b1   REFCTL0_H
000001c0   PMAPKEYID
000001c0   PMAPKEYID_L
000001c1   PMAPKEYID_H
000001c2   PMAPCTL
000001c2   PMAPCTL_L
000001c3   PMAPCTL_H
000001e0   P4MAP01
000001e0   P4MAP01_L
000001e1   P4MAP01_H
000001e2   P4MAP23
000001e2   P4MAP23_L
000001e3   P4MAP23_H
000001e4   P4MAP45
000001e4   P4MAP45_L
000001e5   P4MAP45_H
000001e6   P4MAP67
000001e6   P4MAP67_L
000001e7   P4MAP67_H
00000200   PAIN
00000200   PAIN_L
00000201   PAIN_H
00000202   PAOUT
00000202   PAOUT_L
00000203   PAOUT_H
00000204   PADIR
00000204   PADIR_L
00000205   PADIR_H
00000206   PAREN
00000206   PAREN_L
00000207   PAREN_H
00000208   PADS
00000208   PADS_L
00000209   PADS_H
0000020a   PASEL
0000020a   PASEL_L
0000020b   PASEL_H
0000020e   P1IV
00000218   PAIES
00000218   PAIES_L
00000219   PAIES_H
0000021a   PAIE
0000021a   PAIE_L
0000021b   PAIE_H
0000021c   PAIFG
0000021c   PAIFG_L
0000021d   PAIFG_H
0000021e   P2IV
00000220   PBIN
00000220   PBIN_L
00000221   PBIN_H
00000222   PBOUT
00000222   PBOUT_L
00000223   PBOUT_H
00000224   PBDIR
00000224   PBDIR_L
00000225   PBDIR_H
00000226   PBREN
00000226   PBREN_L
00000227   PBREN_H
00000228   PBDS
00000228   PBDS_L
00000229   PBDS_H
0000022a   PBSEL
0000022a   PBSEL_L
0000022b   PBSEL_H
00000240   PCIN
00000240   PCIN_L
00000241   PCIN_H
00000242   PCOUT
00000242   PCOUT_L
00000243   PCOUT_H
00000244   PCDIR
00000244   PCDIR_L
00000245   PCDIR_H
00000246   PCREN
00000246   PCREN_L
00000247   PCREN_H
00000248   PCDS
00000248   PCDS_L
00000249   PCDS_H
0000024a   PCSEL
0000024a   PCSEL_L
0000024b   PCSEL_H
00000320   PJIN
00000320   PJIN_L
00000321   PJIN_H
00000322   PJOUT
00000322   PJOUT_L
00000323   PJOUT_H
00000324   PJDIR
00000324   PJDIR_L
00000325   PJDIR_H
00000326   PJREN
00000326   PJREN_L
00000327   PJREN_H
00000328   PJDS
00000328   PJDS_L
00000329   PJDS_H
00000340   TA0CTL
00000342   TA0CCTL0
00000344   TA0CCTL1
00000346   TA0CCTL2
00000348   TA0CCTL3
0000034a   TA0CCTL4
00000350   TA0R
00000352   TA0CCR0
00000354   TA0CCR1
00000356   TA0CCR2
00000358   TA0CCR3
0000035a   TA0CCR4
00000360   TA0EX0
0000036e   TA0IV
00000380   TA1CTL
00000382   TA1CCTL0
00000384   TA1CCTL1
00000386   TA1CCTL2
00000390   TA1R
00000392   TA1CCR0
00000394   TA1CCR1
00000396   TA1CCR2
000003a0   TA1EX0
000003ae   TA1IV
000003c0   TB0CTL
000003c2   TB0CCTL0
000003c4   TB0CCTL1
000003c6   TB0CCTL2
000003c8   TB0CCTL3
000003ca   TB0CCTL4
000003cc   TB0CCTL5
000003ce   TB0CCTL6
000003d0   TB0R
000003d2   TB0CCR0
000003d4   TB0CCR1
000003d6   TB0CCR2
000003d8   TB0CCR3
000003da   TB0CCR4
000003dc   TB0CCR5
000003de   TB0CCR6
000003e0   TB0EX0
000003ee   TB0IV
00000400   TA2CTL
00000402   TA2CCTL0
00000404   TA2CCTL1
00000406   TA2CCTL2
00000410   TA2R
00000412   TA2CCR0
00000414   TA2CCR1
00000416   TA2CCR2
00000420   TA2EX0
0000042e   TA2IV
000004a0   RTCCTL01
000004a0   RTCCTL01_L
000004a1   RTCCTL01_H
000004a2   RTCCTL23
000004a2   RTCCTL23_L
000004a3   RTCCTL23_H
000004a8   RTCPS0CTL
000004a8   RTCPS0CTL_L
000004a9   RTCPS0CTL_H
000004aa   RTCPS1CTL
000004aa   RTCPS1CTL_L
000004ab   RTCPS1CTL_H
000004ac   RTCPS
000004ac   RTCPS_L
000004ad   RTCPS_H
000004ae   RTCIV
000004b0   RTCTIM0
000004b0   RTCTIM0_L
000004b1   RTCTIM0_H
000004b2   RTCTIM1
000004b2   RTCTIM1_L
000004b3   RTCTIM1_H
000004b4   RTCDATE
000004b4   RTCDATE_L
000004b5   RTCDATE_H
000004b6   RTCYEAR
000004b6   RTCYEAR_L
000004b7   RTCYEAR_H
000004b8   RTCAMINHR
000004b8   RTCAMINHR_L
000004b9   RTCAMINHR_H
000004ba   RTCADOWDAY
000004ba   RTCADOWDAY_L
000004bb   RTCADOWDAY_H
000004c0   MPY
000004c0   MPY_L
000004c1   MPY_H
000004c2   MPYS
000004c2   MPYS_L
000004c3   MPYS_H
000004c4   MAC
000004c4   MAC_L
000004c5   MAC_H
000004c6   MACS
000004c6   MACS_L
000004c7   MACS_H
000004c8   OP2
000004c8   OP2_L
000004c9   OP2_H
000004ca   RESLO
000004ca   RESLO_L
000004cb   RESLO_H
000004cc   RESHI
000004cc   RESHI_L
000004cd   RESHI_H
000004ce   SUMEXT
000004ce   SUMEXT_L
000004cf   SUMEXT_H
000004d0   MPY32L
000004d0   MPY32L_L
000004d1   MPY32L_H
000004d2   MPY32H
000004d2   MPY32H_L
000004d3   MPY32H_H
000004d4   MPYS32L
000004d4   MPYS32L_L
000004d5   MPYS32L_H
000004d6   MPYS32H
000004d6   MPYS32H_L
000004d7   MPYS32H_H
000004d8   MAC32L
000004d8   MAC32L_L
000004d9   MAC32L_H
000004da   MAC32H
000004da   MAC32H_L
000004db   MAC32H_H
000004dc   MACS32L
000004dc   MACS32L_L
000004dd   MACS32L_H
000004de   MACS32H
000004de   MACS32H_L
000004df   MACS32H_H
000004e0   OP2L
000004e0   OP2L_L
000004e1   OP2L_H
000004e2   OP2H
000004e2   OP2H_L
000004e3   OP2H_H
000004e4   RES0
000004e4   RES0_L
000004e5   RES0_H
000004e6   RES1
000004e6   RES1_L
000004e7   RES1_H
000004e8   RES2
000004e8   RES2_L
000004e9   RES2_H
000004ea   RES3
000004ea   RES3_L
000004eb   RES3_H
000004ec   MPY32CTL0
000004ec   MPY32CTL0_L
000004ed   MPY32CTL0_H
00000500   DMACTL0
00000500   DMACTL0_L
00000501   DMACTL0_H
00000502   DMACTL1
00000502   DMACTL1_L
00000503   DMACTL1_H
00000504   DMACTL2
00000504   DMACTL2_L
00000505   DMACTL2_H
00000506   DMACTL3
00000506   DMACTL3_L
00000507   DMACTL3_H
00000508   DMACTL4
00000508   DMACTL4_L
00000509   DMACTL4_H
0000050e   DMAIV
0000050e   DMAIV_L
0000050f   DMAIV_H
00000510   DMA0CTL
00000510   DMA0CTL_L
00000511   DMA0CTL_H
00000512   DMA0SA
00000512   DMA0SAL
00000514   DMA0SAH
00000516   DMA0DA
00000516   DMA0DAL
00000518   DMA0DAH
0000051a   DMA0SZ
00000520   DMA1CTL
00000520   DMA1CTL_L
00000521   DMA1CTL_H
00000522   DMA1SA
00000522   DMA1SAL
00000524   DMA1SAH
00000526   DMA1DA
00000526   DMA1DAL
00000528   DMA1DAH
0000052a   DMA1SZ
00000530   DMA2CTL
00000530   DMA2CTL_L
00000531   DMA2CTL_H
00000532   DMA2SA
00000532   DMA2SAL
00000534   DMA2SAH
00000536   DMA2DA
00000536   DMA2DAL
00000538   DMA2DAH
0000053a   DMA2SZ
000005c0   UCA0CTLW0
000005c0   UCA0CTLW0_L
000005c1   UCA0CTLW0_H
000005c6   UCA0BRW
000005c6   UCA0BRW_L
000005c7   UCA0BRW_H
000005c8   UCA0MCTL
000005ca   UCA0STAT
000005cc   UCA0RXBUF
000005ce   UCA0TXBUF
000005d0   UCA0ABCTL
000005d2   UCA0IRCTL
000005d2   UCA0IRCTL_L
000005d3   UCA0IRCTL_H
000005dc   UCA0ICTL
000005dc   UCA0ICTL_L
000005dd   UCA0ICTL_H
000005de   UCA0IV
000005e0   UCB0CTLW0
000005e0   UCB0CTLW0_L
000005e1   UCB0CTLW0_H
000005e6   UCB0BRW
000005e6   UCB0BRW_L
000005e7   UCB0BRW_H
000005ea   UCB0STAT
000005ec   UCB0RXBUF
000005ee   UCB0TXBUF
000005f0   UCB0I2COA
000005f0   UCB0I2COA_L
000005f1   UCB0I2COA_H
000005f2   UCB0I2CSA
000005f2   UCB0I2CSA_L
000005f3   UCB0I2CSA_H
000005fc   UCB0ICTL
000005fc   UCB0ICTL_L
000005fd   UCB0ICTL_H
000005fe   UCB0IV
00000600   UCA1CTLW0
00000600   UCA1CTLW0_L
00000601   UCA1CTLW0_H
00000606   UCA1BRW
00000606   UCA1BRW_L
00000607   UCA1BRW_H
00000608   UCA1MCTL
0000060a   UCA1STAT
0000060c   UCA1RXBUF
0000060e   UCA1TXBUF
00000610   UCA1ABCTL
00000612   UCA1IRCTL
00000612   UCA1IRCTL_L
00000613   UCA1IRCTL_H
0000061c   UCA1ICTL
0000061c   UCA1ICTL_L
0000061d   UCA1ICTL_H
0000061e   UCA1IV
00000620   UCB1CTLW0
00000620   UCB1CTLW0_L
00000621   UCB1CTLW0_H
00000626   UCB1BRW
00000626   UCB1BRW_L
00000627   UCB1BRW_H
0000062a   UCB1STAT
0000062c   UCB1RXBUF
0000062e   UCB1TXBUF
00000630   UCB1I2COA
00000630   UCB1I2COA_L
00000631   UCB1I2COA_H
00000632   UCB1I2CSA
00000632   UCB1I2CSA_L
00000633   UCB1I2CSA_H
0000063c   UCB1ICTL
0000063c   UCB1ICTL_L
0000063d   UCB1ICTL_H
0000063e   UCB1IV
00000740   ADC10CTL0
00000740   ADC10CTL0_L
00000741   ADC10CTL0_H
00000742   ADC10CTL1
00000742   ADC10CTL1_L
00000743   ADC10CTL1_H
00000744   ADC10CTL2
00000744   ADC10CTL2_L
00000745   ADC10CTL2_H
00000746   ADC10LO
00000746   ADC10LO_L
00000747   ADC10LO_H
00000748   ADC10HI
00000748   ADC10HI_L
00000749   ADC10HI_H
0000074a   ADC10MCTL0
0000074a   ADC10MCTL0_L
0000074b   ADC10MCTL0_H
00000752   ADC10MEM0
00000752   ADC10MEM0_L
00000753   ADC10MEM0_H
0000075a   ADC10IE
0000075a   ADC10IE_L
0000075b   ADC10IE_H
0000075c   ADC10IFG
0000075c   ADC10IFG_L
0000075d   ADC10IFG_H
0000075e   ADC10IV
0000075e   ADC10IV_L
0000075f   ADC10IV_H
000008c0   CBCTL0
000008c0   CBCTL0_L
000008c1   CBCTL0_H
000008c2   CBCTL1
000008c2   CBCTL1_L
000008c3   CBCTL1_H
000008c4   CBCTL2
000008c4   CBCTL2_L
000008c5   CBCTL2_H
000008c6   CBCTL3
000008c6   CBCTL3_L
000008c7   CBCTL3_H
000008cc   CBINT
000008cc   CBINT_L
000008cd   CBINT_H
000008ce   CBIV
00000900   USBKEYID
00000900   USBKEYID_L
00000901   USBKEYID_H
00000902   USBCNF
00000902   USBCNF_L
00000903   USBCNF_H
00000904   USBPHYCTL
00000904   USBPHYCTL_L
00000905   USBPHYCTL_H
00000908   USBPWRCTL
00000908   USBPWRCTL_L
00000909   USBPWRCTL_H
00000910   USBPLLCTL
00000910   USBPLLCTL_L
00000911   USBPLLCTL_H
00000912   USBPLLDIVB
00000912   USBPLLDIVB_L
00000913   USBPLLDIVB_H
00000914   USBPLLIR
00000914   USBPLLIR_L
00000915   USBPLLIR_H
00000920   USBIEPCNF_0
00000920   tEndPoint0DescriptorBlock
00000921   USBIEPCNT_0
00000922   USBOEPCNF_0
00000923   USBOEPCNT_0
0000092e   USBIEPIE
0000092f   USBOEPIE
00000930   USBIEPIFG
00000931   USBOEPIFG
00000932   USBVECINT
00000932   USBVECINT_L
00000933   USBVECINT_H
00000936   USBMAINT
00000936   USBMAINT_L
00000937   USBMAINT_H
00000938   USBTSREG
00000938   USBTSREG_L
00000939   USBTSREG_H
0000093a   USBFN
0000093a   USBFN_L
0000093b   USBFN_H
0000093c   USBCTL
0000093d   USBIE
0000093e   USBIFG
0000093f   USBFUNADR
00001800   DeviceConfig_t
00001c00   USBSTABUFF
00001c00   pbXBufferAddressEp1
00001c40   pbYBufferAddressEp1
00001c80   pbXBufferAddressEp81
00001cc0   pbYBufferAddressEp81
00001d00   pbXBufferAddressEp2
00001d40   pbYBufferAddressEp2
00001d80   pbXBufferAddressEp82
00001dc0   pbYBufferAddressEp82
00001e00   pbXBufferAddressEp3
00001e40   pbYBufferAddressEp3
00001e80   pbXBufferAddressEp83
00001ec0   pbYBufferAddressEp83
00001f00   pbXBufferAddressEp4
00001f40   pbYBufferAddressEp4
00001f80   pbXBufferAddressEp84
00001fc0   pbYBufferAddressEp84
00002000   pbXBufferAddressEp5
00002040   pbYBufferAddressEp5
00002080   pbXBufferAddressEp85
000020c0   pbYBufferAddressEp85
00002100   pbXBufferAddressEp6
00002140   pbYBufferAddressEp6
00002180   pbXBufferAddressEp86
000021c0   pbYBufferAddressEp86
00002200   pbXBufferAddressEp7
00002240   pbYBufferAddressEp7
00002280   pbXBufferAddressEp87
000022c0   pbYBufferAddressEp87
0000236f   USBTOPBUFF
00002370   USBOEP0BUF
00002370   abOEP0Buffer
00002378   USBIEP0BUF
00002378   abIEP0Buffer
00002380   USBSUBLK
00002380   tSetupPacket
00002388   USBOEPCNF_1
00002388   tOutputEndPointDescriptorBlock
00002389   USBOEPBBAX_1
0000238a   USBOEPBCTX_1
0000238d   USBOEPBBAY_1
0000238e   USBOEPBCTY_1
0000238f   USBOEPSIZXY_1
00002390   USBOEPCNF_2
00002391   USBOEPBBAX_2
00002392   USBOEPBCTX_2
00002395   USBOEPBBAY_2
00002396   USBOEPBCTY_2
00002397   USBOEPSIZXY_2
00002398   USBOEPCNF_3
00002399   USBOEPBBAX_3
0000239a   USBOEPBCTX_3
0000239d   USBOEPBBAY_3
0000239e   USBOEPBCTY_3
0000239f   USBOEPSIZXY_3
000023a0   USBOEPCNF_4
000023a1   USBOEPBBAX_4
000023a2   USBOEPBCTX_4
000023a5   USBOEPBBAY_4
000023a6   USBOEPBCTY_4
000023a7   USBOEPSIZXY_4
000023a8   USBOEPCNF_5
000023a9   USBOEPBBAX_5
000023aa   USBOEPBCTX_5
000023ad   USBOEPBBAY_5
000023ae   USBOEPBCTY_5
000023af   USBOEPSIZXY_5
000023b0   USBOEPCNF_6
000023b1   USBOEPBBAX_6
000023b2   USBOEPBCTX_6
000023b5   USBOEPBBAY_6
000023b6   USBOEPBCTY_6
000023b7   USBOEPSIZXY_6
000023b8   USBOEPCNF_7
000023b9   USBOEPBBAX_7
000023ba   USBOEPBCTX_7
000023bd   USBOEPBBAY_7
000023be   USBOEPBCTY_7
000023bf   USBOEPSIZXY_7
000023c8   USBIEPCNF_1
000023c8   tInputEndPointDescriptorBlock
000023c9   USBIEPBBAX_1
000023ca   USBIEPBCTX_1
000023cd   USBIEPBBAY_1
000023ce   USBIEPBCTY_1
000023cf   USBIEPSIZXY_1
000023d0   USBIEPCNF_2
000023d1   USBIEPBBAX_2
000023d2   USBIEPBCTX_2
000023d5   USBIEPBBAY_2
000023d6   USBIEPBCTY_2
000023d7   USBIEPSIZXY_2
000023d8   USBIEPCNF_3
000023d9   USBIEPBBAX_3
000023da   USBIEPBCTX_3
000023dd   USBIEPBBAY_3
000023de   USBIEPBCTY_3
000023df   USBIEPSIZXY_3
000023e0   USBIEPCNF_4
000023e1   USBIEPBBAX_4
000023e2   USBIEPBCTX_4
000023e5   USBIEPBBAY_4
000023e6   USBIEPBCTY_4
000023e7   USBIEPSIZXY_4
000023e8   USBIEPCNF_5
000023e9   USBIEPBBAX_5
000023ea   USBIEPBCTX_5
000023ed   USBIEPBBAY_5
000023ee   USBIEPBCTY_5
000023ef   USBIEPSIZXY_5
000023f0   USBIEPCNF_6
000023f1   USBIEPBBAX_6
000023f2   USBIEPBCTX_6
000023f5   USBIEPBBAY_6
000023f6   USBIEPBCTY_6
000023f7   USBIEPSIZXY_6
000023f8   USBIEPCNF_7
000023f9   USBIEPBBAX_7
000023fa   USBIEPBCTX_7
000023fd   USBIEPBBAY_7
000023fe   USBIEPBCTY_7
000023ff   USBIEPSIZXY_7
00002400   .bss
00002400   .data
00002400   __bss__
00002400   __data__
00002400   __edata__
00002400   edata
00002516   wbsl_flag
00002517   wbsl_packet_flag
00002518   packet_ready_flag
00002519   rxtx_flag
0000251a   total_packets
0000251c   wbsl_data
00002554   wbsl_data_length
00002556   TxBuffer
00002594   wbsl_status
00002596   initPacket
0000259c   ed_address
000026ba   simpliciti_flag
000026bc   simpliciti_data
000026dc   ed_data
000026fe   wBytesRemainingOnIEP0
00002700   wBytesRemainingOnOEP0
00002708   abUsbRequestReturnData
00002710   abUsbRequestIncomingData
00002718   abramSerialStringDescriptor
0000273a   bStatusAction
0000273b   bFunctionSuspended
0000273c   bEnumerationStatus
0000273e   wUsbEventMask
00002740   system_status
00002741   simpliciti_on
00002742   bluerobin_on
00002743   bluerobin_start_now
00002744   simpliciti_start_now
00002745   wbsl_on
00002746   wbsl_start_now
00002747   ptrTX
00002748   wbsl_size
00002749   wbsl_inc
0000274a   current_packet_size
0000274b   wbsl_OPCode
0000274c   wbsl_packetLength
0000274e   usb_buffer
00002770   usb_bufferIndex
00002771   usb_newdata
00002772   usb_sendack
00002773   HeartRate_u8
00002774   Speed_u8
00002776   Distance_u16
000027d7   sInit_done
000027fa   bCDCDataReceived_event
000027fc   simpliciti_sync_buffer
00002810   simpliciti_sync_buffer_status
00002812   BRTX_PacketState_u8
00002814   BRTX_StatusFlags_t
00002816   BRTX_ConfigFlags_t
00002817   BRTX_PacketChannel_u8
00002818   BRTX_FirstPacketTime_u16
0000281a   BRTX_BasicPeriodTime_u16
0000281c   BRTX_ID_u32
00002820   BRTX_SC_u8
00002822   BRTX_FirstData_u32
00002826   BRTX_SecondData_u8
00002827   numUSbEvent
0000284a   BRTX_PacketBits_t
0000285e   USB_TX_memcpy
00002862   USB_RX_memcpy
00002866   _lock
0000286a   _unlock
0000286e   __TI_cleanup_ptr
00002872   __TI_dtors_ptr
0000287c   CC_OscStartupTime_u16
0000287e   CC_256ByteWriteTime_u16
00002881   __end__
00002881   end
00003360   _stack
00003400   __STACK_END
0000a000   .text
0000a000   __text__
0000a000   usb_decode
0000a396   USBCDC_receiveData
0000a546   MRFI_Init
0000a85e   main
0000a9c8   nwk_QfindOldest
0000ab28   simpliciti_main
0000ac86   CdcToHostFromBuffer
0000adde   iUsbInterruptHandler
0000af26   MRFI_Transmit
0000b06c   CC_RadioInit_v
0000b2e4   USB_reset
0000b404   SMPL_Ioctl
0000b51c   SMPL_SendOpt
0000b830   CdcToBufferFromHost
0000ba2c   wbsl_main
0000bbfe   nwk_allocateLocalRxPort
0000bda0   nwk_processMgmt
0000be6e   USB_InitSerialStringDescriptor
0000bfee   nwk_processLink
0000c0a8   wbsl_RfIsr
0000c152   isDupSandFFrame
0000c1f8   nwk_radioControl
0000c29c   wbsl_config
0000c340   nwk_retrieveFrame
0000c3e2   USBCDC_intfStatus
0000c47a   USB_Handler_v
0000c50c   nwk_isConnectionValid
0000c59e   nwk_buildFrame
0000c62e   usbDecodeAndProcessUsbRequest
0000c6be   CC_SPI_Init_v
0000c8ea   nwk_nwkInit
0000c972   nwk_SendEmptyPollRspFrame
0000c9f8   USB_enable
0000ca7c   nwk_QfindSlot
0000cafc   nwk_sendAckReply
0000cb7c   BR_SPI_Init_v
0000cbf4   USBCDC_bytesInUSBBuffer
0000cc6c   nwk_getSandFFrame
0000cce0   USBCDC_sendData
0000cd52   usbGetEndpointStatus
0000cdc2   usbSendNextPacketOnIEP0
0000ce32   wbsl_link
0000cea2   CC_RadioTransmitRegularData_v
0000cf10   nwk_processPing
0000cf7c   SMPL_LinkListen
0000cfe4   nwk_saveJoinedDevice
0000d04a   CopyUsbToBuff
0000d0a8   MRFI_SetRFPwr
0000d106   MRFI_SetLogicalChannel
0000d162   MRFI_ReplyDelay
0000d1bc   USB_init
0000d214   usbClearEndpointFeature
0000d26a   nwk_processJoin
0000d2bc   nwk_rawSend
0000d30e   usbGetLineCoding
0000d360   usbSetEndpointFeature
0000d3b0   Handler_SetLineCoding
0000d3fc   InitClock_v
0000d446   mrfiSpiCmdStrobe
0000d490   nwk_isValidReply
0000d4da   usbGetStringDescriptor
0000d524   wbsl_SpiCmdStrobe
0000d56e   Get_TLV_Info
0000d5b6   MRFI_Rssi
0000d5fe   _auto_init
0000d646   nwk_findAlreadyJoined
0000d68e   BRTX_MakePacket_v
0000d6d4   BR_CalcRandomTimeOffset_u16
0000d71a   nwk_isSandFClient
0000d760   usbReceiveNextPacketOnOEP0
0000d7a6   wbsl_reset
0000d7ec   SMPL_Receive
0000d830   SetupPacketInterruptHandler
0000d874   nwk_findPeer
0000d8b8   nwk_getLocalLinkID
0000d8fc   nwk_isLinkDuplicate
0000d9c8   MRFI_RxIdle
0000da0a   PWRVBUSoffHandler
0000da4c   CC_RadioIdle_v
0000da8c   SetVCore
0000daca   nwk_joinInit
0000db08   nwk_replayFrame
0000db82   CdcResetData
0000dbbc   MRFI_RxAddrIsFiltered
0000dbf6   nwk_getNextConnection
0000dc30   BRTX_Start_v
0000dc68   BRTX_Timing_IRQ_v
0000dca0   nwk_putNumObjectIntoMsg
0000dd0e   UNMI_ISR
0000dd44   usbSetAddress
0000dd7a   BR_CalcCRC_u8
0000ddae   mrfiSpiInit
0000dde2   wbsl_SpiInit
0000de16   USB_connectionInfo
0000de48   nwk_deviceAddress
0000de7a   wbsl_transmit
0000deac   MRFI_WakeUp
0000dedc   PWRVBUSonHandler
0000df0c   XT2_Start
0000df3c   memcpyDMA0
0000df6c   nwk_QadjustOrder
0000df9c   nwk_rawReceive
0000dfcc   nwk_sendFrame
0000dffc   wbsl_sendPacket
0000e02c   MRFI_RxOn
0000e05a   OEP0InterruptHandler
0000e088   SMPL_Init
0000e0b4   USB_suspend
0000e0e0   nwk_checkAppMsgTID
0000e138   MRFI_Sleep
0000e162   _c_int00
0000e162   _c_int00_noexit
0000e18c   nwk_getConnInfo
0000e1b6   nwk_globalsInit
0000e1e0   nwk_linkInit
0000e20a   usbGetDeviceStatus
0000e234   BRTX_DataTransfered_v
0000e25c   USB_initMemcpy
0000e2ac   usbSetConfiguration
0000e2fa   BSP_GpioPort1Isr
0000e320   nwk_QInit
0000e346   nwk_checkConnInfo
0000e36c   usbClearDeviceFeature
0000e392   usbSetDeviceFeature
0000e3b8   BSP_Delay
0000e3dc   BSP_Init
0000e400   nwk_frameInit
0000e424   BR_Init_v
0000e446   USB_disable
0000e468   USB_disconnect
0000e48a   nwk_buildAckReqFrame
0000e4ce   BlueRobin_RadioISR_v
0000e4ce   CC_RadioPowerdown_v
0000e4ce   CC_RadioStop_v
0000e4ce   TX_PacketEnd
0000e4ee   MRFI_RxCompleteISR
0000e50e   memmove
0000e52e   nwk_connectionControl
0000e54e   usbSendDataPacketOnEP0
0000e56e   usb_handler_init
0000e58e   nwk_setMyAddress
0000e5ac   usbGetInterface
0000e5ca   usbGetInterfaceStatus
0000e5e8   wbsl_SpiReadReg
0000e606   IEP0InterruptHandler
0000e622   nwk_mgmtInit
0000e63e   USB_connect
0000e658   usbSetInterface
0000e672   wbsl_setTimer
0000e68c   BR_SPI_SingleWriteRead_u8
0000e6a4   MRFI_DelayMs
0000e6bc   USB_resume
0000e6d4   wbsl_SpiWriteReg
0000e6ec   MRFI_RandomByte
0000e702   __divu
0000e702   __remu
0000e718   __mpyi_f5hw
0000e72e   usbGetConfigurationDescriptor
0000e744   usbGetDeviceDescriptor
0000e75a   wbsl_GpioIsr
0000e770   BSP_InitBoard
0000e784   USB_handleVbusOnEvent
0000e798   bluerobin_stop
0000e7ac   nwk_joinContext
0000e7c0   sCB
0000e7d4   usbGetConfiguration
0000e7e8   usbReceiveDataPacketOnEP0
0000e7fc   usbSetControlLineState
0000e810   BR_CalcRandomChannel_u8
0000e822   CC_OscOn_v
0000e834   CdcIsReceiveInProgress
0000e846   memcpy
0000e858   nwk_getJoinToken
0000e86a   nwk_getLinkToken
0000e87c   nwk_getMyAddress
0000e88e   nwk_setJoinToken
0000e8a0   nwk_setLinkToken
0000e8b2   usbInvalidRequest
0000e8c4   BR_SPI_WriteRead_u8
0000e8d4   CC_SPI_WriteRead_u8
0000e8e4   USBCDC_handleDataReceived
0000e8f4   TIMER0_A1_ISR
0000e904   nwk_getQ
0000e914   BRTX_WriteData_v
0000e922   nwk_setJoinContext
0000e930   nwk_setListenContext
0000e93e   usbSendZeroLengthPacketOnIEP0
0000e94c   BRTX_GetTimer_u16
0000e958   BR_SPI_SelectChipWaitUntilReady_v
0000e964   MRFI_PostKillSem
0000e970   MRFI_Receive
0000e97c   nwk_getNumObjectFromMsg
0000e988   usbSetLineCoding
0000e994   wbsl_SpiWriteTxFifo
0000e9a0   BRTX_GetID_u32
0000e9aa   BRTX_SetID_v
0000e9b4   BRTX_Stop_v
0000e9be   _system_pre_init
0000e9c8   nwk_pingInit
0000e9d2   I_LSL
0000e9dc   wbsl_SpiReadRxFifo
0000e9e6   USB_handleVbusOffEvent
0000e9ee   USB_setEnabledEvents
0000e9f6   XT2_Stop
0000e9fe   nwk_resetSFMarker
0000ea06   BR_SPI_DeselectChip_v
0000ea0c   BR_SPI_SelectChip_v
0000ea12   CC_SPI_DeselectChip_v
0000ea18   MRFI_GetRadioState
0000ea1e   SMPL_Send
0000ea24   __TI_ISR_TRAP
0000ea2a   nwk_freeConnection
0000ea30   nwk_getBCastAddress
0000ea36   nwk_getFWVersion
0000ea3c   nwk_getMyRxType
0000ea42   nwk_getSFInfoPtr
0000ea48   USBCDC_handleReceiveCompleted
0000ea4c   USBCDC_handleSendCompleted
0000ea50   USBCDC_handleSetControlLineState
0000ea54   USBCDC_handleSetLineCoding
0000ea58   USB_handleClockEvent
0000ea5c   USB_handleEnumCompleteEvent
0000ea60   USB_handleResetEvent
0000ea64   USB_handleResumeEvent
0000ea68   USB_handleSuspendEvent
0000ea6c   C$$EXIT
0000ea6c   abort
0000ea70   nwk_NVObj
0000ea74   nwk_getProtocolVersion
0000ea78   nwk_join
0000ea7c   nwk_processFreq
0000ea80   nwk_processSecurity
0000ea84   BRTX_PrepareData_v
0000ea86   _nop
0000ea88   nwk_freqInit
0000ea8a   nwk_securityInit
0000ea8c   __etext__
0000ea8c   etext
0000ea8c   tUsbRequestList
0000eb96   RandomValue_u8
0000ec96   abromStringDescriptor
0000ed7a   abromConfigurationDescriptorGroup
0000ee72   abromDeviceDescriptor
0000ee84   stUsbHandle
0000ee9e   mrfiBroadcastAddr
0000eeaa   __cinit__
0000eeaa   cinit
0000ffd2   __TI_int41
0000ffd4   __TI_int42
0000ffd6   __TI_int43
0000ffd8   __TI_int44
0000ffda   __TI_int45
0000ffdc   __TI_int46
0000ffde   __TI_int47
0000ffe0   __TI_int48
0000ffe2   __TI_int49
0000ffe4   __TI_int50
0000ffe6   __TI_int51
0000ffe8   __TI_int52
0000ffea   __TI_int53
0000ffec   __TI_int54
0000ffee   __TI_int55
0000fff0   __TI_int56
0000fff2   __TI_int57
0000fff4   __TI_int58
0000fff6   __TI_int59
0000fff8   __TI_int60
0000fffa   __TI_int61
0000fffc   __TI_int62
0000fffe   _reset_vector
ffffffff   __binit__
ffffffff   __c_args__
ffffffff   __pinit__
ffffffff   binit
ffffffff   pinit

[1071 symbols]
