<?xml version="1.0"?>
<link_info>
   <banner>MSP430 Linker PC v4.2.1</banner>
   <copyright>Copyright (c) 2003-2013 Texas Instruments Incorporated</copyright>
   <link_time>0x5949951a</link_time>
   <link_errors>0x0</link_errors>
   <output_file>ez430_chronos_access_point_915MHz.out</output_file>
   <entry_point>
      <name>_c_int00</name>
      <address>0xe4dc</address>
   </entry_point>
   <input_file_list>
      <input_file id="fl-2">
         <path>.\</path>
         <kind>object</kind>
         <file>RTC.obj</file>
         <name>RTC.obj</name>
      </input_file>
      <input_file id="fl-3">
         <path>.\</path>
         <kind>object</kind>
         <file>UART.obj</file>
         <name>UART.obj</name>
      </input_file>
      <input_file id="fl-4">
         <path>.\</path>
         <kind>object</kind>
         <file>ccSPI.obj</file>
         <name>ccSPI.obj</name>
      </input_file>
      <input_file id="fl-5">
         <path>.\</path>
         <kind>object</kind>
         <file>cmdHandler.obj</file>
         <name>cmdHandler.obj</name>
      </input_file>
      <input_file id="fl-6">
         <path>.\</path>
         <kind>object</kind>
         <file>main.obj</file>
         <name>main.obj</name>
      </input_file>
      <input_file id="fl-7">
         <path>.\</path>
         <kind>object</kind>
         <file>usbConstructs.obj</file>
         <name>usbConstructs.obj</name>
      </input_file>
      <input_file id="fl-8">
         <path>.\</path>
         <kind>object</kind>
         <file>usbEventHandling.obj</file>
         <name>usbEventHandling.obj</name>
      </input_file>
      <input_file id="fl-9">
         <path>.\F5xx_F6xx_Core_Lib\</path>
         <kind>object</kind>
         <file>HAL_FLASH.obj</file>
         <name>HAL_FLASH.obj</name>
      </input_file>
      <input_file id="fl-a">
         <path>.\F5xx_F6xx_Core_Lib\</path>
         <kind>object</kind>
         <file>HAL_PMAP.obj</file>
         <name>HAL_PMAP.obj</name>
      </input_file>
      <input_file id="fl-b">
         <path>.\F5xx_F6xx_Core_Lib\</path>
         <kind>object</kind>
         <file>HAL_PMM.obj</file>
         <name>HAL_PMM.obj</name>
      </input_file>
      <input_file id="fl-c">
         <path>.\F5xx_F6xx_Core_Lib\</path>
         <kind>object</kind>
         <file>HAL_TLV.obj</file>
         <name>HAL_TLV.obj</name>
      </input_file>
      <input_file id="fl-d">
         <path>.\F5xx_F6xx_Core_Lib\</path>
         <kind>object</kind>
         <file>HAL_UCS.obj</file>
         <name>HAL_UCS.obj</name>
      </input_file>
      <input_file id="fl-e">
         <path>.\USB_API\USB_CDC_API\</path>
         <kind>object</kind>
         <file>UsbCdc.obj</file>
         <name>UsbCdc.obj</name>
      </input_file>
      <input_file id="fl-f">
         <path>.\USB_API\USB_Common\</path>
         <kind>object</kind>
         <file>dma.obj</file>
         <name>dma.obj</name>
      </input_file>
      <input_file id="fl-10">
         <path>.\USB_API\USB_Common\</path>
         <kind>object</kind>
         <file>usb.obj</file>
         <name>usb.obj</name>
      </input_file>
      <input_file id="fl-11">
         <path>.\USB_config\</path>
         <kind>object</kind>
         <file>UsbIsr.obj</file>
         <name>UsbIsr.obj</name>
      </input_file>
      <input_file id="fl-12">
         <path>.\USB_config\</path>
         <kind>object</kind>
         <file>descriptors.obj</file>
         <name>descriptors.obj</name>
      </input_file>
      <input_file id="fl-13">
         <path>.\WBSL\</path>
         <kind>object</kind>
         <file>spi_wbsl.obj</file>
         <name>spi_wbsl.obj</name>
      </input_file>
      <input_file id="fl-14">
         <path>.\WBSL\</path>
         <kind>object</kind>
         <file>wbsl.obj</file>
         <name>wbsl.obj</name>
      </input_file>
      <input_file id="fl-15">
         <path>.\bluerobin\</path>
         <kind>object</kind>
         <file>timer.obj</file>
         <name>timer.obj</name>
      </input_file>
      <input_file id="fl-16">
         <path>.\simpliciti\Applications\</path>
         <kind>object</kind>
         <file>main_AP_BM.obj</file>
         <name>main_AP_BM.obj</name>
      </input_file>
      <input_file id="fl-1e">
         <path>..\bluerobin\</path>
         <kind>archive</kind>
         <file>BlueRobin_TX_915MHz.lib</file>
         <name>brtx_irq.obj</name>
      </input_file>
      <input_file id="fl-1f">
         <path>..\bluerobin\</path>
         <kind>archive</kind>
         <file>BlueRobin_TX_915MHz.lib</file>
         <name>br_api.obj</name>
      </input_file>
      <input_file id="fl-20">
         <path>..\bluerobin\</path>
         <kind>archive</kind>
         <file>BlueRobin_TX_915MHz.lib</file>
         <name>cc_radio.obj</name>
      </input_file>
      <input_file id="fl-21">
         <path>..\bluerobin\</path>
         <kind>archive</kind>
         <file>BlueRobin_TX_915MHz.lib</file>
         <name>br_common.obj</name>
      </input_file>
      <input_file id="fl-22">
         <path>..\bluerobin\</path>
         <kind>archive</kind>
         <file>BlueRobin_TX_915MHz.lib</file>
         <name>brSPI.obj</name>
      </input_file>
      <input_file id="fl-23">
         <path>..\bluerobin\</path>
         <kind>archive</kind>
         <file>BlueRobin_TX_915MHz.lib</file>
         <name>brtx_packet.obj</name>
      </input_file>
      <input_file id="fl-24">
         <path>..\simpliciti\</path>
         <kind>archive</kind>
         <file>AP_MSP430F5509_CC1101_915MHz.lib</file>
         <name>bsp.obj</name>
      </input_file>
      <input_file id="fl-25">
         <path>..\simpliciti\</path>
         <kind>archive</kind>
         <file>AP_MSP430F5509_CC1101_915MHz.lib</file>
         <name>mrfi.obj</name>
      </input_file>
      <input_file id="fl-26">
         <path>..\simpliciti\</path>
         <kind>archive</kind>
         <file>AP_MSP430F5509_CC1101_915MHz.lib</file>
         <name>nwk_api.obj</name>
      </input_file>
      <input_file id="fl-27">
         <path>..\simpliciti\</path>
         <kind>archive</kind>
         <file>AP_MSP430F5509_CC1101_915MHz.lib</file>
         <name>nwk_frame.obj</name>
      </input_file>
      <input_file id="fl-28">
         <path>..\simpliciti\</path>
         <kind>archive</kind>
         <file>AP_MSP430F5509_CC1101_915MHz.lib</file>
         <name>nwk_freq.obj</name>
      </input_file>
      <input_file id="fl-29">
         <path>..\simpliciti\</path>
         <kind>archive</kind>
         <file>AP_MSP430F5509_CC1101_915MHz.lib</file>
         <name>nwk_globals.obj</name>
      </input_file>
      <input_file id="fl-2a">
         <path>..\simpliciti\</path>
         <kind>archive</kind>
         <file>AP_MSP430F5509_CC1101_915MHz.lib</file>
         <name>nwk_ioctl.obj</name>
      </input_file>
      <input_file id="fl-2b">
         <path>..\simpliciti\</path>
         <kind>archive</kind>
         <file>AP_MSP430F5509_CC1101_915MHz.lib</file>
         <name>nwk_join.obj</name>
      </input_file>
      <input_file id="fl-2c">
         <path>..\simpliciti\</path>
         <kind>archive</kind>
         <file>AP_MSP430F5509_CC1101_915MHz.lib</file>
         <name>nwk_link.obj</name>
      </input_file>
      <input_file id="fl-2d">
         <path>..\simpliciti\</path>
         <kind>archive</kind>
         <file>AP_MSP430F5509_CC1101_915MHz.lib</file>
         <name>nwk_mgmt.obj</name>
      </input_file>
      <input_file id="fl-2e">
         <path>..\simpliciti\</path>
         <kind>archive</kind>
         <file>AP_MSP430F5509_CC1101_915MHz.lib</file>
         <name>nwk_ping.obj</name>
      </input_file>
      <input_file id="fl-2f">
         <path>..\simpliciti\</path>
         <kind>archive</kind>
         <file>AP_MSP430F5509_CC1101_915MHz.lib</file>
         <name>nwk_QMgmt.obj</name>
      </input_file>
      <input_file id="fl-30">
         <path>..\simpliciti\</path>
         <kind>archive</kind>
         <file>AP_MSP430F5509_CC1101_915MHz.lib</file>
         <name>nwk_security.obj</name>
      </input_file>
      <input_file id="fl-31">
         <path>..\simpliciti\</path>
         <kind>archive</kind>
         <file>AP_MSP430F5509_CC1101_915MHz.lib</file>
         <name>nwk.obj</name>
      </input_file>
      <input_file id="fl-32">
         <path>C:\ti\ccs620\ccsv6\tools\compiler\msp430_4.2.1\lib\</path>
         <kind>archive</kind>
         <file>rts430x.lib</file>
         <name>boot.obj</name>
      </input_file>
      <input_file id="fl-33">
         <path>C:\ti\ccs620\ccsv6\tools\compiler\msp430_4.2.1\lib\</path>
         <kind>archive</kind>
         <file>rts430x.lib</file>
         <name>copy_decompress_none.obj</name>
      </input_file>
      <input_file id="fl-34">
         <path>C:\ti\ccs620\ccsv6\tools\compiler\msp430_4.2.1\lib\</path>
         <kind>archive</kind>
         <file>rts430x.lib</file>
         <name>copy_decompress_rle.obj</name>
      </input_file>
      <input_file id="fl-35">
         <path>C:\ti\ccs620\ccsv6\tools\compiler\msp430_4.2.1\lib\</path>
         <kind>archive</kind>
         <file>rts430x.lib</file>
         <name>copy_zero_init.obj</name>
      </input_file>
      <input_file id="fl-36">
         <path>C:\ti\ccs620\ccsv6\tools\compiler\msp430_4.2.1\lib\</path>
         <kind>archive</kind>
         <file>rts430x.lib</file>
         <name>cpy_util.obj</name>
      </input_file>
      <input_file id="fl-37">
         <path>C:\ti\ccs620\ccsv6\tools\compiler\msp430_4.2.1\lib\</path>
         <kind>archive</kind>
         <file>rts430x.lib</file>
         <name>div16s.obj</name>
      </input_file>
      <input_file id="fl-38">
         <path>C:\ti\ccs620\ccsv6\tools\compiler\msp430_4.2.1\lib\</path>
         <kind>archive</kind>
         <file>rts430x.lib</file>
         <name>div16u.obj</name>
      </input_file>
      <input_file id="fl-39">
         <path>C:\ti\ccs620\ccsv6\tools\compiler\msp430_4.2.1\lib\</path>
         <kind>archive</kind>
         <file>rts430x.lib</file>
         <name>exit.obj</name>
      </input_file>
      <input_file id="fl-3a">
         <path>C:\ti\ccs620\ccsv6\tools\compiler\msp430_4.2.1\lib\</path>
         <kind>archive</kind>
         <file>rts430x.lib</file>
         <name>int41.obj</name>
      </input_file>
      <input_file id="fl-3b">
         <path>C:\ti\ccs620\ccsv6\tools\compiler\msp430_4.2.1\lib\</path>
         <kind>archive</kind>
         <file>rts430x.lib</file>
         <name>int43.obj</name>
      </input_file>
      <input_file id="fl-3c">
         <path>C:\ti\ccs620\ccsv6\tools\compiler\msp430_4.2.1\lib\</path>
         <kind>archive</kind>
         <file>rts430x.lib</file>
         <name>int44.obj</name>
      </input_file>
      <input_file id="fl-3d">
         <path>C:\ti\ccs620\ccsv6\tools\compiler\msp430_4.2.1\lib\</path>
         <kind>archive</kind>
         <file>rts430x.lib</file>
         <name>int45.obj</name>
      </input_file>
      <input_file id="fl-3e">
         <path>C:\ti\ccs620\ccsv6\tools\compiler\msp430_4.2.1\lib\</path>
         <kind>archive</kind>
         <file>rts430x.lib</file>
         <name>int47.obj</name>
      </input_file>
      <input_file id="fl-3f">
         <path>C:\ti\ccs620\ccsv6\tools\compiler\msp430_4.2.1\lib\</path>
         <kind>archive</kind>
         <file>rts430x.lib</file>
         <name>int48.obj</name>
      </input_file>
      <input_file id="fl-40">
         <path>C:\ti\ccs620\ccsv6\tools\compiler\msp430_4.2.1\lib\</path>
         <kind>archive</kind>
         <file>rts430x.lib</file>
         <name>int49.obj</name>
      </input_file>
      <input_file id="fl-41">
         <path>C:\ti\ccs620\ccsv6\tools\compiler\msp430_4.2.1\lib\</path>
         <kind>archive</kind>
         <file>rts430x.lib</file>
         <name>int50.obj</name>
      </input_file>
      <input_file id="fl-42">
         <path>C:\ti\ccs620\ccsv6\tools\compiler\msp430_4.2.1\lib\</path>
         <kind>archive</kind>
         <file>rts430x.lib</file>
         <name>int54.obj</name>
      </input_file>
      <input_file id="fl-43">
         <path>C:\ti\ccs620\ccsv6\tools\compiler\msp430_4.2.1\lib\</path>
         <kind>archive</kind>
         <file>rts430x.lib</file>
         <name>int55.obj</name>
      </input_file>
      <input_file id="fl-44">
         <path>C:\ti\ccs620\ccsv6\tools\compiler\msp430_4.2.1\lib\</path>
         <kind>archive</kind>
         <file>rts430x.lib</file>
         <name>int56.obj</name>
      </input_file>
      <input_file id="fl-45">
         <path>C:\ti\ccs620\ccsv6\tools\compiler\msp430_4.2.1\lib\</path>
         <kind>archive</kind>
         <file>rts430x.lib</file>
         <name>int57.obj</name>
      </input_file>
      <input_file id="fl-46">
         <path>C:\ti\ccs620\ccsv6\tools\compiler\msp430_4.2.1\lib\</path>
         <kind>archive</kind>
         <file>rts430x.lib</file>
         <name>int58.obj</name>
      </input_file>
      <input_file id="fl-47">
         <path>C:\ti\ccs620\ccsv6\tools\compiler\msp430_4.2.1\lib\</path>
         <kind>archive</kind>
         <file>rts430x.lib</file>
         <name>int59.obj</name>
      </input_file>
      <input_file id="fl-48">
         <path>C:\ti\ccs620\ccsv6\tools\compiler\msp430_4.2.1\lib\</path>
         <kind>archive</kind>
         <file>rts430x.lib</file>
         <name>int60.obj</name>
      </input_file>
      <input_file id="fl-49">
         <path>C:\ti\ccs620\ccsv6\tools\compiler\msp430_4.2.1\lib\</path>
         <kind>archive</kind>
         <file>rts430x.lib</file>
         <name>int62.obj</name>
      </input_file>
      <input_file id="fl-4a">
         <path>C:\ti\ccs620\ccsv6\tools\compiler\msp430_4.2.1\lib\</path>
         <kind>archive</kind>
         <file>rts430x.lib</file>
         <name>isr_trap.obj</name>
      </input_file>
      <input_file id="fl-4b">
         <path>C:\ti\ccs620\ccsv6\tools\compiler\msp430_4.2.1\lib\</path>
         <kind>archive</kind>
         <file>rts430x.lib</file>
         <name>lsl16.obj</name>
      </input_file>
      <input_file id="fl-4c">
         <path>C:\ti\ccs620\ccsv6\tools\compiler\msp430_4.2.1\lib\</path>
         <kind>archive</kind>
         <file>rts430x.lib</file>
         <name>memcpy.obj</name>
      </input_file>
      <input_file id="fl-4d">
         <path>C:\ti\ccs620\ccsv6\tools\compiler\msp430_4.2.1\lib\</path>
         <kind>archive</kind>
         <file>rts430x.lib</file>
         <name>memmov.obj</name>
      </input_file>
      <input_file id="fl-4e">
         <path>C:\ti\ccs620\ccsv6\tools\compiler\msp430_4.2.1\lib\</path>
         <kind>archive</kind>
         <file>rts430x.lib</file>
         <name>mult16_f5hw.obj</name>
      </input_file>
      <input_file id="fl-4f">
         <path>C:\ti\ccs620\ccsv6\tools\compiler\msp430_4.2.1\lib\</path>
         <kind>archive</kind>
         <file>rts430x.lib</file>
         <name>_lock.obj</name>
      </input_file>
      <input_file id="fl-50">
         <path>C:\ti\ccs620\ccsv6\tools\compiler\msp430_4.2.1\lib\</path>
         <kind>archive</kind>
         <file>rts430x.lib</file>
         <name>args_main.obj</name>
      </input_file>
      <input_file id="fl-51">
         <path>C:\ti\ccs620\ccsv6\tools\compiler\msp430_4.2.1\lib\</path>
         <kind>archive</kind>
         <file>rts430x.lib</file>
         <name>autoinit.obj</name>
      </input_file>
   </input_file_list>
   <object_component_list>
      <object_component id="oc-83">
         <name>.bss</name>
         <uninitialized>true</uninitialized>
         <run_address>0x277e</run_address>
         <size>0x69</size>
         <input_file_ref idref="fl-3"/>
      </object_component>
      <object_component id="oc-8d">
         <name>.bss</name>
         <uninitialized>true</uninitialized>
         <run_address>0x282c</run_address>
         <size>0x3a</size>
         <input_file_ref idref="fl-5"/>
      </object_component>
      <object_component id="oc-93">
         <name>.bss</name>
         <uninitialized>true</uninitialized>
         <run_address>0x28e6</run_address>
         <size>0x17</size>
         <input_file_ref idref="fl-6"/>
      </object_component>
      <object_component id="oc-9d">
         <name>.bss</name>
         <uninitialized>true</uninitialized>
         <run_address>0x28fd</run_address>
         <size>0x1</size>
         <input_file_ref idref="fl-8"/>
      </object_component>
      <object_component id="oc-b7">
         <name>.bss</name>
         <uninitialized>true</uninitialized>
         <run_address>0x28c4</run_address>
         <size>0x22</size>
         <input_file_ref idref="fl-e"/>
      </object_component>
      <object_component id="oc-bc">
         <name>.bss</name>
         <uninitialized>true</uninitialized>
         <run_address>0x294a</run_address>
         <size>0x8</size>
         <input_file_ref idref="fl-f"/>
      </object_component>
      <object_component id="oc-c1">
         <name>.bss</name>
         <uninitialized>true</uninitialized>
         <run_address>0x27e8</run_address>
         <size>0x44</size>
         <input_file_ref idref="fl-10"/>
      </object_component>
      <object_component id="oc-d2">
         <name>.bss</name>
         <uninitialized>true</uninitialized>
         <run_address>0x2400</run_address>
         <size>0x19d</size>
         <input_file_ref idref="fl-14"/>
      </object_component>
      <object_component id="oc-dc">
         <name>.bss</name>
         <uninitialized>true</uninitialized>
         <run_address>0x26b6</run_address>
         <size>0xc8</size>
         <input_file_ref idref="fl-16"/>
      </object_component>
      <object_component id="oc-e2">
         <name>.bss</name>
         <uninitialized>true</uninitialized>
         <run_address>0x28fe</run_address>
         <size>0x15</size>
         <input_file_ref idref="fl-1e"/>
      </object_component>
      <object_component id="oc-eb">
         <name>.bss</name>
         <uninitialized>true</uninitialized>
         <run_address>0x2968</run_address>
         <size>0x5</size>
         <input_file_ref idref="fl-20"/>
      </object_component>
      <object_component id="oc-f0">
         <name>.bss</name>
         <uninitialized>true</uninitialized>
         <run_address>0x2936</run_address>
         <size>0xa</size>
         <input_file_ref idref="fl-21"/>
      </object_component>
      <object_component id="oc-fd">
         <name>.bss</name>
         <uninitialized>true</uninitialized>
         <run_address>0x259d</run_address>
         <size>0x1</size>
         <input_file_ref idref="fl-24"/>
      </object_component>
      <object_component id="oc-103">
         <name>.bss</name>
         <uninitialized>true</uninitialized>
         <run_address>0x2866</run_address>
         <size>0x30</size>
         <input_file_ref idref="fl-25"/>
      </object_component>
      <object_component id="oc-109">
         <name>.bss</name>
         <uninitialized>true</uninitialized>
         <run_address>0x27e7</run_address>
         <size>0x1</size>
         <input_file_ref idref="fl-26"/>
      </object_component>
      <object_component id="oc-10f">
         <name>.bss</name>
         <uninitialized>true</uninitialized>
         <run_address>0x2922</run_address>
         <size>0xa</size>
         <input_file_ref idref="fl-27"/>
      </object_component>
      <object_component id="oc-119">
         <name>.bss</name>
         <uninitialized>true</uninitialized>
         <run_address>0x2940</run_address>
         <size>0x9</size>
         <input_file_ref idref="fl-29"/>
      </object_component>
      <object_component id="oc-124">
         <name>.bss</name>
         <uninitialized>true</uninitialized>
         <run_address>0x2914</run_address>
         <size>0xd</size>
         <input_file_ref idref="fl-2b"/>
      </object_component>
      <object_component id="oc-12a">
         <name>.bss</name>
         <uninitialized>true</uninitialized>
         <run_address>0x292c</run_address>
         <size>0xa</size>
         <input_file_ref idref="fl-2c"/>
      </object_component>
      <object_component id="oc-130">
         <name>.bss</name>
         <uninitialized>true</uninitialized>
         <run_address>0x2962</run_address>
         <size>0x5</size>
         <input_file_ref idref="fl-2d"/>
      </object_component>
      <object_component id="oc-136">
         <name>.bss</name>
         <uninitialized>true</uninitialized>
         <run_address>0x28c3</run_address>
         <size>0x1</size>
         <input_file_ref idref="fl-2e"/>
      </object_component>
      <object_component id="oc-13c">
         <name>.bss</name>
         <uninitialized>true</uninitialized>
         <run_address>0x259e</run_address>
         <size>0x118</size>
         <input_file_ref idref="fl-2f"/>
      </object_component>
      <object_component id="oc-145">
         <name>.bss</name>
         <uninitialized>true</uninitialized>
         <run_address>0x2896</run_address>
         <size>0x2d</size>
         <input_file_ref idref="fl-31"/>
      </object_component>
      <object_component id="oc-14b">
         <name>.bss</name>
         <uninitialized>true</uninitialized>
         <run_address>0x295a</run_address>
         <size>0x8</size>
         <input_file_ref idref="fl-32"/>
      </object_component>
      <object_component id="oc-181">
         <name>.bss</name>
         <uninitialized>true</uninitialized>
         <run_address>0x2952</run_address>
         <size>0x8</size>
         <input_file_ref idref="fl-4f"/>
      </object_component>
      <object_component id="oc-14d">
         <name>.stack</name>
         <uninitialized>true</uninitialized>
         <run_address>0x3360</run_address>
         <size>0x2</size>
         <input_file_ref idref="fl-32"/>
      </object_component>
      <object_component id="oc-2ce">
         <name>.stack</name>
         <uninitialized>true</uninitialized>
         <run_address>0x3360</run_address>
         <size>0x0</size>
      </object_component>
      <object_component id="oc-1a3">
         <name>.text:simpliciti_main</name>
         <load_address>0xa000</load_address>
         <run_address>0xa000</run_address>
         <size>0xc8e</size>
         <input_file_ref idref="fl-16"/>
      </object_component>
      <object_component id="oc-20d">
         <name>.text:usb_decode</name>
         <load_address>0xac8e</load_address>
         <run_address>0xac8e</run_address>
         <size>0x396</size>
         <input_file_ref idref="fl-5"/>
      </object_component>
      <object_component id="oc-20c">
         <name>.text:USBCDC_receiveData</name>
         <load_address>0xb024</load_address>
         <run_address>0xb024</run_address>
         <size>0x1b0</size>
         <input_file_ref idref="fl-e"/>
      </object_component>
      <object_component id="oc-1ee">
         <name>.text:MRFI_Init</name>
         <load_address>0xb1d4</load_address>
         <run_address>0xb1d4</run_address>
         <size>0x19a</size>
         <input_file_ref idref="fl-25"/>
      </object_component>
      <object_component id="oc-265">
         <name>.text:smpl_send_link_reply</name>
         <load_address>0xb36e</load_address>
         <run_address>0xb36e</run_address>
         <size>0x17e</size>
         <input_file_ref idref="fl-2c"/>
      </object_component>
      <object_component id="oc-234">
         <name>.text:nwk_QfindOldest</name>
         <load_address>0xb4ec</load_address>
         <run_address>0xb4ec</run_address>
         <size>0x160</size>
         <input_file_ref idref="fl-2f"/>
      </object_component>
      <object_component id="oc-1a9">
         <name>.text:CdcToHostFromBuffer</name>
         <load_address>0xb64c</load_address>
         <run_address>0xb64c</run_address>
         <size>0x158</size>
         <input_file_ref idref="fl-e"/>
      </object_component>
      <object_component id="oc-195">
         <name>.text:_isr:iUsbInterruptHandler</name>
         <load_address>0xb7a4</load_address>
         <run_address>0xb7a4</run_address>
         <size>0x148</size>
         <input_file_ref idref="fl-11"/>
      </object_component>
      <object_component id="oc-25b">
         <name>.text:MRFI_Transmit</name>
         <load_address>0xb8ec</load_address>
         <run_address>0xb8ec</run_address>
         <size>0x146</size>
         <input_file_ref idref="fl-25"/>
      </object_component>
      <object_component id="oc-1e9">
         <name>.text:dispatchFrame</name>
         <load_address>0xba32</load_address>
         <run_address>0xba32</run_address>
         <size>0x13c</size>
         <input_file_ref idref="fl-27"/>
      </object_component>
      <object_component id="oc-1ae">
         <name>.text:USB_reset</name>
         <load_address>0xbb6e</load_address>
         <run_address>0xbb6e</run_address>
         <size>0x120</size>
         <input_file_ref idref="fl-10"/>
      </object_component>
      <object_component id="oc-1c8">
         <name>.text:SMPL_Ioctl</name>
         <load_address>0xbc8e</load_address>
         <run_address>0xbc8e</run_address>
         <size>0x118</size>
         <input_file_ref idref="fl-26"/>
      </object_component>
      <object_component id="oc-208">
         <name>.text:SMPL_SendOpt</name>
         <load_address>0xbda6</load_address>
         <run_address>0xbda6</run_address>
         <size>0x10c</size>
         <input_file_ref idref="fl-26"/>
      </object_component>
      <object_component id="oc-266">
         <name>.text:smpl_send_join_reply</name>
         <load_address>0xbeb2</load_address>
         <run_address>0xbeb2</run_address>
         <size>0x106</size>
         <input_file_ref idref="fl-2b"/>
      </object_component>
      <object_component id="oc-1b9">
         <name>.text:StateMachineAndScheduler_v</name>
         <load_address>0xbfb8</load_address>
         <run_address>0xbfb8</run_address>
         <size>0x102</size>
         <input_file_ref idref="fl-1e"/>
      </object_component>
      <object_component id="oc-1a8">
         <name>.text:CdcToBufferFromHost</name>
         <load_address>0xc0ba</load_address>
         <run_address>0xc0ba</run_address>
         <size>0xfe</size>
         <input_file_ref idref="fl-e"/>
      </object_component>
      <object_component id="oc-199">
         <name>.text:Mrfi_SyncPinRxIsr</name>
         <load_address>0xc1b8</load_address>
         <run_address>0xc1b8</run_address>
         <size>0xe4</size>
         <input_file_ref idref="fl-25"/>
      </object_component>
      <object_component id="oc-26e">
         <name>.text:nwk_allocateLocalRxPort</name>
         <load_address>0xc29c</load_address>
         <run_address>0xc29c</run_address>
         <size>0xd4</size>
         <input_file_ref idref="fl-31"/>
      </object_component>
      <object_component id="oc-1c4">
         <name>.text:SetVCoreUp</name>
         <load_address>0xc370</load_address>
         <run_address>0xc370</run_address>
         <size>0xce</size>
         <input_file_ref idref="fl-b"/>
      </object_component>
      <object_component id="oc-252">
         <name>.text:nwk_processMgmt</name>
         <load_address>0xc43e</load_address>
         <run_address>0xc43e</run_address>
         <size>0xce</size>
         <input_file_ref idref="fl-2d"/>
      </object_component>
      <object_component id="oc-24e">
         <name>.text:nwk_processLink</name>
         <load_address>0xc50c</load_address>
         <run_address>0xc50c</run_address>
         <size>0xba</size>
         <input_file_ref idref="fl-2c"/>
      </object_component>
      <object_component id="oc-1c2">
         <name>.text:wbsl_RfIsr</name>
         <load_address>0xc5c6</load_address>
         <run_address>0xc5c6</run_address>
         <size>0xaa</size>
         <input_file_ref idref="fl-14"/>
      </object_component>
      <object_component id="oc-21a">
         <name>.text:isDupSandFFrame</name>
         <load_address>0xc670</load_address>
         <run_address>0xc670</run_address>
         <size>0xa6</size>
         <input_file_ref idref="fl-27"/>
      </object_component>
      <object_component id="oc-1ff">
         <name>.text:nwk_radioControl</name>
         <load_address>0xc716</load_address>
         <run_address>0xc716</run_address>
         <size>0xa4</size>
         <input_file_ref idref="fl-2a"/>
      </object_component>
      <object_component id="oc-207">
         <name>.text:nwk_retrieveFrame</name>
         <load_address>0xc7ba</load_address>
         <run_address>0xc7ba</run_address>
         <size>0xa2</size>
         <input_file_ref idref="fl-27"/>
      </object_component>
      <object_component id="oc-193">
         <name>.text:main</name>
         <load_address>0xc85c</load_address>
         <run_address>0xc85c</run_address>
         <size>0xa0</size>
         <input_file_ref idref="fl-6"/>
      </object_component>
      <object_component id="oc-20e">
         <name>.text:USBCDC_intfStatus</name>
         <load_address>0xc8fc</load_address>
         <run_address>0xc8fc</run_address>
         <size>0x98</size>
         <input_file_ref idref="fl-e"/>
      </object_component>
      <object_component id="oc-1d1">
         <name>.text:USB_Handler_v</name>
         <load_address>0xc994</load_address>
         <run_address>0xc994</run_address>
         <size>0x92</size>
         <input_file_ref idref="fl-6"/>
      </object_component>
      <object_component id="oc-21b">
         <name>.text:nwk_isConnectionValid</name>
         <load_address>0xca26</load_address>
         <run_address>0xca26</run_address>
         <size>0x92</size>
         <input_file_ref idref="fl-31"/>
      </object_component>
      <object_component id="oc-22f">
         <name>.text:nwk_buildFrame</name>
         <load_address>0xcab8</load_address>
         <run_address>0xcab8</run_address>
         <size>0x90</size>
         <input_file_ref idref="fl-27"/>
      </object_component>
      <object_component id="oc-1cf">
         <name>.text:usbDecodeAndProcessUsbRequest</name>
         <load_address>0xcb48</load_address>
         <run_address>0xcb48</run_address>
         <size>0x90</size>
         <input_file_ref idref="fl-10"/>
      </object_component>
      <object_component id="oc-19c">
         <name>.text:CC_SPI_Init_v</name>
         <load_address>0xcbd8</load_address>
         <run_address>0xcbd8</run_address>
         <size>0x8c</size>
         <input_file_ref idref="fl-4"/>
      </object_component>
      <object_component id="oc-1c3">
         <name>.text:SetVCoreDown</name>
         <load_address>0xcc64</load_address>
         <run_address>0xcc64</run_address>
         <size>0x8c</size>
         <input_file_ref idref="fl-b"/>
      </object_component>
      <object_component id="oc-1bd">
         <name>.text:spiBurstFifoAccess</name>
         <load_address>0xccf0</load_address>
         <run_address>0xccf0</run_address>
         <size>0x8a</size>
         <input_file_ref idref="fl-25"/>
      </object_component>
      <object_component id="oc-21d">
         <name>.text:spiBurstFifoAccess</name>
         <load_address>0xcd7a</load_address>
         <run_address>0xcd7a</run_address>
         <size>0x8a</size>
         <input_file_ref idref="fl-13"/>
      </object_component>
      <object_component id="oc-1ef">
         <name>.text:nwk_nwkInit</name>
         <load_address>0xce04</load_address>
         <run_address>0xce04</run_address>
         <size>0x88</size>
         <input_file_ref idref="fl-31"/>
      </object_component>
      <object_component id="oc-269">
         <name>.text:nwk_SendEmptyPollRspFrame</name>
         <load_address>0xce8c</load_address>
         <run_address>0xce8c</run_address>
         <size>0x86</size>
         <input_file_ref idref="fl-27"/>
      </object_component>
      <object_component id="oc-1d5">
         <name>.text:USB_enable</name>
         <load_address>0xcf12</load_address>
         <run_address>0xcf12</run_address>
         <size>0x84</size>
         <input_file_ref idref="fl-10"/>
      </object_component>
      <object_component id="oc-1e7">
         <name>.text:nwk_QfindSlot</name>
         <load_address>0xcf96</load_address>
         <run_address>0xcf96</run_address>
         <size>0x80</size>
         <input_file_ref idref="fl-2f"/>
      </object_component>
      <object_component id="oc-254">
         <name>.text:nwk_sendAckReply</name>
         <load_address>0xd016</load_address>
         <run_address>0xd016</run_address>
         <size>0x80</size>
         <input_file_ref idref="fl-27"/>
      </object_component>
      <object_component id="oc-1a6">
         <name>.text:USBCDC_bytesInUSBBuffer</name>
         <load_address>0xd096</load_address>
         <run_address>0xd096</run_address>
         <size>0x78</size>
         <input_file_ref idref="fl-e"/>
      </object_component>
      <object_component id="oc-268">
         <name>.text:nwk_getSandFFrame</name>
         <load_address>0xd10e</load_address>
         <run_address>0xd10e</run_address>
         <size>0x74</size>
         <input_file_ref idref="fl-27"/>
      </object_component>
      <object_component id="oc-20f">
         <name>.text:USBCDC_sendData</name>
         <load_address>0xd182</load_address>
         <run_address>0xd182</run_address>
         <size>0x72</size>
         <input_file_ref idref="fl-e"/>
      </object_component>
      <object_component id="oc-243">
         <name>.text:usbGetEndpointStatus</name>
         <load_address>0xd1f4</load_address>
         <run_address>0xd1f4</run_address>
         <size>0x70</size>
         <input_file_ref idref="fl-10"/>
      </object_component>
      <object_component id="oc-1d9">
         <name>.text:usbSendNextPacketOnIEP0</name>
         <load_address>0xd264</load_address>
         <run_address>0xd264</run_address>
         <size>0x70</size>
         <input_file_ref idref="fl-10"/>
      </object_component>
      <object_component id="oc-1b8">
         <name>.text:CC_RadioTransmitRegularData_v</name>
         <load_address>0xd2d4</load_address>
         <run_address>0xd2d4</run_address>
         <size>0x6e</size>
         <input_file_ref idref="fl-20"/>
      </object_component>
      <object_component id="oc-18f">
         <name>.text:_isr:USCI_A1_ISR</name>
         <load_address>0xd342</load_address>
         <run_address>0xd342</run_address>
         <size>0x6e</size>
         <input_file_ref idref="fl-3"/>
      </object_component>
      <object_component id="oc-24d">
         <name>.text:nwk_processPing</name>
         <load_address>0xd3b0</load_address>
         <run_address>0xd3b0</run_address>
         <size>0x6c</size>
         <input_file_ref idref="fl-2e"/>
      </object_component>
      <object_component id="oc-1c9">
         <name>.text:SMPL_LinkListen</name>
         <load_address>0xd41c</load_address>
         <run_address>0xd41c</run_address>
         <size>0x68</size>
         <input_file_ref idref="fl-26"/>
      </object_component>
      <object_component id="oc-271">
         <name>.text:nwk_saveJoinedDevice</name>
         <load_address>0xd484</load_address>
         <run_address>0xd484</run_address>
         <size>0x66</size>
         <input_file_ref idref="fl-31"/>
      </object_component>
      <object_component id="oc-1d2">
         <name>.text:CopyUsbToBuff</name>
         <load_address>0xd4ea</load_address>
         <run_address>0xd4ea</run_address>
         <size>0x5e</size>
         <input_file_ref idref="fl-e"/>
      </object_component>
      <object_component id="oc-222">
         <name>.text:MRFI_SetRFPwr</name>
         <load_address>0xd548</load_address>
         <run_address>0xd548</run_address>
         <size>0x5e</size>
         <input_file_ref idref="fl-25"/>
      </object_component>
      <object_component id="oc-221">
         <name>.text:MRFI_SetLogicalChannel</name>
         <load_address>0xd5a6</load_address>
         <run_address>0xd5a6</run_address>
         <size>0x5c</size>
         <input_file_ref idref="fl-25"/>
      </object_component>
      <object_component id="oc-236">
         <name>.text:MRFI_ReplyDelay</name>
         <load_address>0xd602</load_address>
         <run_address>0xd602</run_address>
         <size>0x5a</size>
         <input_file_ref idref="fl-25"/>
      </object_component>
      <object_component id="oc-23b">
         <name>.text:usbClearEndpointFeature</name>
         <load_address>0xd65c</load_address>
         <run_address>0xd65c</run_address>
         <size>0x56</size>
         <input_file_ref idref="fl-10"/>
      </object_component>
      <object_component id="oc-24f">
         <name>.text:nwk_processJoin</name>
         <load_address>0xd6b2</load_address>
         <run_address>0xd6b2</run_address>
         <size>0x52</size>
         <input_file_ref idref="fl-2b"/>
      </object_component>
      <object_component id="oc-1fc">
         <name>.text:nwk_rawSend</name>
         <load_address>0xd704</load_address>
         <run_address>0xd704</run_address>
         <size>0x52</size>
         <input_file_ref idref="fl-2a"/>
      </object_component>
      <object_component id="oc-237">
         <name>.text:usbGetLineCoding</name>
         <load_address>0xd756</load_address>
         <run_address>0xd756</run_address>
         <size>0x52</size>
         <input_file_ref idref="fl-e"/>
      </object_component>
      <object_component id="oc-246">
         <name>.text:usbSetEndpointFeature</name>
         <load_address>0xd7a8</load_address>
         <run_address>0xd7a8</run_address>
         <size>0x50</size>
         <input_file_ref idref="fl-10"/>
      </object_component>
      <object_component id="oc-1d8">
         <name>.text:Handler_SetLineCoding</name>
         <load_address>0xd7f8</load_address>
         <run_address>0xd7f8</run_address>
         <size>0x4c</size>
         <input_file_ref idref="fl-e"/>
      </object_component>
      <object_component id="oc-1a1">
         <name>.text:InitClock_v</name>
         <load_address>0xd844</load_address>
         <run_address>0xd844</run_address>
         <size>0x4a</size>
         <input_file_ref idref="fl-6"/>
      </object_component>
      <object_component id="oc-1c1">
         <name>.text:mrfiSpiCmdStrobe</name>
         <load_address>0xd88e</load_address>
         <run_address>0xd88e</run_address>
         <size>0x4a</size>
         <input_file_ref idref="fl-25"/>
      </object_component>
      <object_component id="oc-263">
         <name>.text:nwk_isValidReply</name>
         <load_address>0xd8d8</load_address>
         <run_address>0xd8d8</run_address>
         <size>0x4a</size>
         <input_file_ref idref="fl-31"/>
      </object_component>
      <object_component id="oc-23f">
         <name>.text:usbGetStringDescriptor</name>
         <load_address>0xd922</load_address>
         <run_address>0xd922</run_address>
         <size>0x4a</size>
         <input_file_ref idref="fl-10"/>
      </object_component>
      <object_component id="oc-1ec">
         <name>.text:wbsl_SpiCmdStrobe</name>
         <load_address>0xd96c</load_address>
         <run_address>0xd96c</run_address>
         <size>0x4a</size>
         <input_file_ref idref="fl-13"/>
      </object_component>
      <object_component id="oc-232">
         <name>.text:MRFI_Rssi</name>
         <load_address>0xd9b6</load_address>
         <run_address>0xd9b6</run_address>
         <size>0x48</size>
         <input_file_ref idref="fl-25"/>
      </object_component>
      <object_component id="oc-192">
         <name>.text:_auto_init</name>
         <load_address>0xd9fe</load_address>
         <run_address>0xd9fe</run_address>
         <size>0x48</size>
         <input_file_ref idref="fl-51"/>
      </object_component>
      <object_component id="oc-26c">
         <name>.text:nwk_findAlreadyJoined</name>
         <load_address>0xda46</load_address>
         <run_address>0xda46</run_address>
         <size>0x48</size>
         <input_file_ref idref="fl-31"/>
      </object_component>
      <object_component id="oc-1e5">
         <name>.text:BRTX_MakePacket_v</name>
         <load_address>0xda8e</load_address>
         <run_address>0xda8e</run_address>
         <size>0x46</size>
         <input_file_ref idref="fl-23"/>
      </object_component>
      <object_component id="oc-1e1">
         <name>.text:BR_CalcRandomTimeOffset_u16</name>
         <load_address>0xdad4</load_address>
         <run_address>0xdad4</run_address>
         <size>0x46</size>
         <input_file_ref idref="fl-21"/>
      </object_component>
      <object_component id="oc-218">
         <name>.text:nwk_isSandFClient</name>
         <load_address>0xdb1a</load_address>
         <run_address>0xdb1a</run_address>
         <size>0x46</size>
         <input_file_ref idref="fl-2b"/>
      </object_component>
      <object_component id="oc-1d7">
         <name>.text:usbReceiveNextPacketOnOEP0</name>
         <load_address>0xdb60</load_address>
         <run_address>0xdb60</run_address>
         <size>0x46</size>
         <input_file_ref idref="fl-10"/>
      </object_component>
      <object_component id="oc-1ca">
         <name>.text:SMPL_Receive</name>
         <load_address>0xdba6</load_address>
         <run_address>0xdba6</run_address>
         <size>0x44</size>
         <input_file_ref idref="fl-26"/>
      </object_component>
      <object_component id="oc-1a4">
         <name>.text:SetupPacketInterruptHandler</name>
         <load_address>0xdbea</load_address>
         <run_address>0xdbea</run_address>
         <size>0x44</size>
         <input_file_ref idref="fl-11"/>
      </object_component>
      <object_component id="oc-264">
         <name>.text:nwk_findPeer</name>
         <load_address>0xdc2e</load_address>
         <run_address>0xdc2e</run_address>
         <size>0x44</size>
         <input_file_ref idref="fl-31"/>
      </object_component>
      <object_component id="oc-202">
         <name>.text:nwk_getLocalLinkID</name>
         <load_address>0xdc72</load_address>
         <run_address>0xdc72</run_address>
         <size>0x44</size>
         <input_file_ref idref="fl-2c"/>
      </object_component>
      <object_component id="oc-26b">
         <name>.text:nwk_isLinkDuplicate</name>
         <load_address>0xdcb6</load_address>
         <run_address>0xdcb6</run_address>
         <size>0x44</size>
         <input_file_ref idref="fl-31"/>
      </object_component>
      <object_component id="oc-1bc">
         <name>.text:spiRegAccess</name>
         <load_address>0xdcfa</load_address>
         <run_address>0xdcfa</run_address>
         <size>0x44</size>
         <input_file_ref idref="fl-25"/>
      </object_component>
      <object_component id="oc-21c">
         <name>.text:spiRegAccess</name>
         <load_address>0xdd3e</load_address>
         <run_address>0xdd3e</run_address>
         <size>0x44</size>
         <input_file_ref idref="fl-13"/>
      </object_component>
      <object_component id="oc-1ce">
         <name>.text:MRFI_RxIdle</name>
         <load_address>0xdd82</load_address>
         <run_address>0xdd82</run_address>
         <size>0x42</size>
         <input_file_ref idref="fl-25"/>
      </object_component>
      <object_component id="oc-1b2">
         <name>.text:PWRVBUSoffHandler</name>
         <load_address>0xddc4</load_address>
         <run_address>0xddc4</run_address>
         <size>0x42</size>
         <input_file_ref idref="fl-11"/>
      </object_component>
      <object_component id="oc-1cc">
         <name>.text:UART_recv_async</name>
         <load_address>0xde06</load_address>
         <run_address>0xde06</run_address>
         <size>0x42</size>
         <input_file_ref idref="fl-3"/>
      </object_component>
      <object_component id="oc-1dc">
         <name>.text:CC_RadioIdle_v</name>
         <load_address>0xde48</load_address>
         <run_address>0xde48</run_address>
         <size>0x40</size>
         <input_file_ref idref="fl-20"/>
      </object_component>
      <object_component id="oc-19f">
         <name>.text:UART_Init_v</name>
         <load_address>0xde88</load_address>
         <run_address>0xde88</run_address>
         <size>0x40</size>
         <input_file_ref idref="fl-3"/>
      </object_component>
      <object_component id="oc-1a0">
         <name>.text:SetVCore</name>
         <load_address>0xdec8</load_address>
         <run_address>0xdec8</run_address>
         <size>0x3e</size>
         <input_file_ref idref="fl-b"/>
      </object_component>
      <object_component id="oc-228">
         <name>.text:nwk_joinInit</name>
         <load_address>0xdf06</load_address>
         <run_address>0xdf06</run_address>
         <size>0x3e</size>
         <input_file_ref idref="fl-2b"/>
      </object_component>
      <object_component id="oc-219">
         <name>.text:nwk_replayFrame</name>
         <load_address>0xdf44</load_address>
         <run_address>0xdf44</run_address>
         <size>0x3e</size>
         <input_file_ref idref="fl-27"/>
      </object_component>
      <object_component id="oc-274">
         <name>.text:initializeConnection</name>
         <load_address>0xdf82</load_address>
         <run_address>0xdf82</run_address>
         <size>0x3c</size>
         <input_file_ref idref="fl-31"/>
      </object_component>
      <object_component id="oc-1d6">
         <name>.text:CdcResetData</name>
         <load_address>0xdfbe</load_address>
         <run_address>0xdfbe</run_address>
         <size>0x3a</size>
         <input_file_ref idref="fl-e"/>
      </object_component>
      <object_component id="oc-1be">
         <name>.text:MRFI_RxAddrIsFiltered</name>
         <load_address>0xdff8</load_address>
         <run_address>0xdff8</run_address>
         <size>0x3a</size>
         <input_file_ref idref="fl-25"/>
      </object_component>
      <object_component id="oc-1a2">
         <name>.text:RTC_Init_v</name>
         <load_address>0xe032</load_address>
         <run_address>0xe032</run_address>
         <size>0x3a</size>
         <input_file_ref idref="fl-2"/>
      </object_component>
      <object_component id="oc-26d">
         <name>.text:nwk_getNextConnection</name>
         <load_address>0xe06c</load_address>
         <run_address>0xe06c</run_address>
         <size>0x3a</size>
         <input_file_ref idref="fl-31"/>
      </object_component>
      <object_component id="oc-197">
         <name>.text:_isr:BRTX_Timing_IRQ_v</name>
         <load_address>0xe0a6</load_address>
         <run_address>0xe0a6</run_address>
         <size>0x38</size>
         <input_file_ref idref="fl-1e"/>
      </object_component>
      <object_component id="oc-270">
         <name>.text:nwk_putNumObjectIntoMsg</name>
         <load_address>0xe0de</load_address>
         <run_address>0xe0de</run_address>
         <size>0x38</size>
         <input_file_ref idref="fl-31"/>
      </object_component>
      <object_component id="oc-1bf">
         <name>.text:Mrfi_CalculateRssi</name>
         <load_address>0xe116</load_address>
         <run_address>0xe116</run_address>
         <size>0x36</size>
         <input_file_ref idref="fl-25"/>
      </object_component>
      <object_component id="oc-198">
         <name>.text:_isr:UNMI_ISR</name>
         <load_address>0xe14c</load_address>
         <run_address>0xe14c</run_address>
         <size>0x36</size>
         <input_file_ref idref="fl-6"/>
      </object_component>
      <object_component id="oc-20a">
         <name>.text:usbSetAddress</name>
         <load_address>0xe182</load_address>
         <run_address>0xe182</run_address>
         <size>0x36</size>
         <input_file_ref idref="fl-10"/>
      </object_component>
      <object_component id="oc-214">
         <name>.text:BR_CalcCRC_u8</name>
         <load_address>0xe1b8</load_address>
         <run_address>0xe1b8</run_address>
         <size>0x34</size>
         <input_file_ref idref="fl-21"/>
      </object_component>
      <object_component id="oc-1cd">
         <name>.text:UART_send_async</name>
         <load_address>0xe1ec</load_address>
         <run_address>0xe1ec</run_address>
         <size>0x34</size>
         <input_file_ref idref="fl-3"/>
      </object_component>
      <object_component id="oc-21e">
         <name>.text:mrfiSpiInit</name>
         <load_address>0xe220</load_address>
         <run_address>0xe220</run_address>
         <size>0x34</size>
         <input_file_ref idref="fl-25"/>
      </object_component>
      <object_component id="oc-1fb">
         <name>.text:nwk_deviceAddress</name>
         <load_address>0xe254</load_address>
         <run_address>0xe254</run_address>
         <size>0x32</size>
         <input_file_ref idref="fl-2a"/>
      </object_component>
      <object_component id="oc-1f0">
         <name>.text:MRFI_WakeUp</name>
         <load_address>0xe286</load_address>
         <run_address>0xe286</run_address>
         <size>0x30</size>
         <input_file_ref idref="fl-25"/>
      </object_component>
      <object_component id="oc-1b4">
         <name>.text:PWRVBUSonHandler</name>
         <load_address>0xe2b6</load_address>
         <run_address>0xe2b6</run_address>
         <size>0x30</size>
         <input_file_ref idref="fl-11"/>
      </object_component>
      <object_component id="oc-210">
         <name>.text:XT2_Start</name>
         <load_address>0xe2e6</load_address>
         <run_address>0xe2e6</run_address>
         <size>0x30</size>
         <input_file_ref idref="fl-d"/>
      </object_component>
      <object_component id="oc-215">
         <name>.text:nwk_QadjustOrder</name>
         <load_address>0xe316</load_address>
         <run_address>0xe316</run_address>
         <size>0x30</size>
         <input_file_ref idref="fl-2f"/>
      </object_component>
      <object_component id="oc-1fd">
         <name>.text:nwk_rawReceive</name>
         <load_address>0xe346</load_address>
         <run_address>0xe346</run_address>
         <size>0x30</size>
         <input_file_ref idref="fl-2a"/>
      </object_component>
      <object_component id="oc-230">
         <name>.text:nwk_sendFrame</name>
         <load_address>0xe376</load_address>
         <run_address>0xe376</run_address>
         <size>0x30</size>
         <input_file_ref idref="fl-27"/>
      </object_component>
      <object_component id="oc-1f1">
         <name>.text:MRFI_RxOn</name>
         <load_address>0xe3a6</load_address>
         <run_address>0xe3a6</run_address>
         <size>0x2e</size>
         <input_file_ref idref="fl-25"/>
      </object_component>
      <object_component id="oc-1b0">
         <name>.text:OEP0InterruptHandler</name>
         <load_address>0xe3d4</load_address>
         <run_address>0xe3d4</run_address>
         <size>0x2e</size>
         <input_file_ref idref="fl-11"/>
      </object_component>
      <object_component id="oc-1c7">
         <name>.text:SMPL_Init</name>
         <load_address>0xe402</load_address>
         <run_address>0xe402</run_address>
         <size>0x2c</size>
         <input_file_ref idref="fl-26"/>
      </object_component>
      <object_component id="oc-1ac">
         <name>.text:USB_suspend</name>
         <load_address>0xe42e</load_address>
         <run_address>0xe42e</run_address>
         <size>0x2c</size>
         <input_file_ref idref="fl-10"/>
      </object_component>
      <object_component id="oc-267">
         <name>.text:nwk_checkAppMsgTID</name>
         <load_address>0xe45a</load_address>
         <run_address>0xe45a</run_address>
         <size>0x2c</size>
         <input_file_ref idref="fl-31"/>
      </object_component>
      <object_component id="oc-161">
         <name>.text</name>
         <load_address>0xe486</load_address>
         <run_address>0xe486</run_address>
         <size>0x2c</size>
         <input_file_ref idref="fl-37"/>
      </object_component>
      <object_component id="oc-204">
         <name>.text:MRFI_Sleep</name>
         <load_address>0xe4b2</load_address>
         <run_address>0xe4b2</run_address>
         <size>0x2a</size>
         <input_file_ref idref="fl-25"/>
      </object_component>
      <object_component id="oc-71">
         <name>.text:_isr:_c_int00_noexit</name>
         <load_address>0xe4dc</load_address>
         <run_address>0xe4dc</run_address>
         <size>0x2a</size>
         <input_file_ref idref="fl-32"/>
      </object_component>
      <object_component id="oc-205">
         <name>.text:nwk_getConnInfo</name>
         <load_address>0xe506</load_address>
         <run_address>0xe506</run_address>
         <size>0x2a</size>
         <input_file_ref idref="fl-31"/>
      </object_component>
      <object_component id="oc-223">
         <name>.text:nwk_globalsInit</name>
         <load_address>0xe530</load_address>
         <run_address>0xe530</run_address>
         <size>0x2a</size>
         <input_file_ref idref="fl-29"/>
      </object_component>
      <object_component id="oc-22a">
         <name>.text:nwk_linkInit</name>
         <load_address>0xe55a</load_address>
         <run_address>0xe55a</run_address>
         <size>0x2a</size>
         <input_file_ref idref="fl-2c"/>
      </object_component>
      <object_component id="oc-241">
         <name>.text:usbGetDeviceStatus</name>
         <load_address>0xe584</load_address>
         <run_address>0xe584</run_address>
         <size>0x2a</size>
         <input_file_ref idref="fl-10"/>
      </object_component>
      <object_component id="oc-1e2">
         <name>.text:BRTX_DataTransfered_v</name>
         <load_address>0xe5ae</load_address>
         <run_address>0xe5ae</run_address>
         <size>0x28</size>
         <input_file_ref idref="fl-5"/>
      </object_component>
      <object_component id="oc-233">
         <name>.text:map_lid2idx</name>
         <load_address>0xe5d6</load_address>
         <run_address>0xe5d6</run_address>
         <size>0x28</size>
         <input_file_ref idref="fl-31"/>
      </object_component>
      <object_component id="oc-244">
         <name>.text:usbSetConfiguration</name>
         <load_address>0xe5fe</load_address>
         <run_address>0xe5fe</run_address>
         <size>0x28</size>
         <input_file_ref idref="fl-10"/>
      </object_component>
      <object_component id="oc-21f">
         <name>.text:Mrfi_DelayUsec</name>
         <load_address>0xe626</load_address>
         <run_address>0xe626</run_address>
         <size>0x26</size>
         <input_file_ref idref="fl-25"/>
      </object_component>
      <object_component id="oc-18e">
         <name>.text:_isr:BSP_GpioPort1Isr</name>
         <load_address>0xe64c</load_address>
         <run_address>0xe64c</run_address>
         <size>0x26</size>
         <input_file_ref idref="fl-25"/>
      </object_component>
      <object_component id="oc-225">
         <name>.text:nwk_QInit</name>
         <load_address>0xe672</load_address>
         <run_address>0xe672</run_address>
         <size>0x26</size>
         <input_file_ref idref="fl-2f"/>
      </object_component>
      <object_component id="oc-206">
         <name>.text:nwk_checkConnInfo</name>
         <load_address>0xe698</load_address>
         <run_address>0xe698</run_address>
         <size>0x26</size>
         <input_file_ref idref="fl-31"/>
      </object_component>
      <object_component id="oc-23a">
         <name>.text:usbClearDeviceFeature</name>
         <load_address>0xe6be</load_address>
         <run_address>0xe6be</run_address>
         <size>0x26</size>
         <input_file_ref idref="fl-10"/>
      </object_component>
      <object_component id="oc-245">
         <name>.text:usbSetDeviceFeature</name>
         <load_address>0xe6e4</load_address>
         <run_address>0xe6e4</run_address>
         <size>0x26</size>
         <input_file_ref idref="fl-10"/>
      </object_component>
      <object_component id="oc-256">
         <name>.text:BSP_Delay</name>
         <load_address>0xe70a</load_address>
         <run_address>0xe70a</run_address>
         <size>0x24</size>
         <input_file_ref idref="fl-24"/>
      </object_component>
      <object_component id="oc-1c5">
         <name>.text:BSP_Init</name>
         <load_address>0xe72e</load_address>
         <run_address>0xe72e</run_address>
         <size>0x24</size>
         <input_file_ref idref="fl-24"/>
      </object_component>
      <object_component id="oc-224">
         <name>.text:nwk_frameInit</name>
         <load_address>0xe752</load_address>
         <run_address>0xe752</run_address>
         <size>0x24</size>
         <input_file_ref idref="fl-27"/>
      </object_component>
      <object_component id="oc-1bb">
         <name>.text:USB_disable</name>
         <load_address>0xe776</load_address>
         <run_address>0xe776</run_address>
         <size>0x22</size>
         <input_file_ref idref="fl-10"/>
      </object_component>
      <object_component id="oc-24a">
         <name>.text:USB_disconnect</name>
         <load_address>0xe798</load_address>
         <run_address>0xe798</run_address>
         <size>0x22</size>
         <input_file_ref idref="fl-10"/>
      </object_component>
      <object_component id="oc-235">
         <name>.text:nwk_buildAckReqFrame</name>
         <load_address>0xe7ba</load_address>
         <run_address>0xe7ba</run_address>
         <size>0x22</size>
         <input_file_ref idref="fl-27"/>
      </object_component>
      <object_component id="oc-1b7">
         <name>.text:CC_RadioPowerdown_v</name>
         <load_address>0xe7dc</load_address>
         <run_address>0xe7dc</run_address>
         <size>0x20</size>
         <input_file_ref idref="fl-20"/>
      </object_component>
      <object_component id="oc-1c0">
         <name>.text:MRFI_RxCompleteISR</name>
         <load_address>0xe7fc</load_address>
         <run_address>0xe7fc</run_address>
         <size>0x20</size>
         <input_file_ref idref="fl-27"/>
      </object_component>
      <object_component id="oc-273">
         <name>.text:memmove</name>
         <load_address>0xe81c</load_address>
         <run_address>0xe81c</run_address>
         <size>0x20</size>
         <input_file_ref idref="fl-4d"/>
      </object_component>
      <object_component id="oc-1f3">
         <name>.text:nwk_connectionControl</name>
         <load_address>0xe83c</load_address>
         <run_address>0xe83c</run_address>
         <size>0x20</size>
         <input_file_ref idref="fl-2a"/>
      </object_component>
      <object_component id="oc-25c">
         <name>.text:usbSendDataPacketOnEP0</name>
         <load_address>0xe85c</load_address>
         <run_address>0xe85c</run_address>
         <size>0x20</size>
         <input_file_ref idref="fl-10"/>
      </object_component>
      <object_component id="oc-22d">
         <name>.text:nwk_setMyAddress</name>
         <load_address>0xe87c</load_address>
         <run_address>0xe87c</run_address>
         <size>0x1e</size>
         <input_file_ref idref="fl-29"/>
      </object_component>
      <object_component id="oc-240">
         <name>.text:usbGetInterface</name>
         <load_address>0xe89a</load_address>
         <run_address>0xe89a</run_address>
         <size>0x1e</size>
         <input_file_ref idref="fl-10"/>
      </object_component>
      <object_component id="oc-242">
         <name>.text:usbGetInterfaceStatus</name>
         <load_address>0xe8b8</load_address>
         <run_address>0xe8b8</run_address>
         <size>0x1e</size>
         <input_file_ref idref="fl-10"/>
      </object_component>
      <object_component id="oc-1ea">
         <name>.text:wbsl_SpiReadReg</name>
         <load_address>0xe8d6</load_address>
         <run_address>0xe8d6</run_address>
         <size>0x1e</size>
         <input_file_ref idref="fl-13"/>
      </object_component>
      <object_component id="oc-1b1">
         <name>.text:IEP0InterruptHandler</name>
         <load_address>0xe8f4</load_address>
         <run_address>0xe8f4</run_address>
         <size>0x1c</size>
         <input_file_ref idref="fl-11"/>
      </object_component>
      <object_component id="oc-229">
         <name>.text:nwk_mgmtInit</name>
         <load_address>0xe910</load_address>
         <run_address>0xe910</run_address>
         <size>0x1c</size>
         <input_file_ref idref="fl-2d"/>
      </object_component>
      <object_component id="oc-1db">
         <name>.text:USB_connect</name>
         <load_address>0xe92c</load_address>
         <run_address>0xe92c</run_address>
         <size>0x1a</size>
         <input_file_ref idref="fl-10"/>
      </object_component>
      <object_component id="oc-247">
         <name>.text:usbSetInterface</name>
         <load_address>0xe946</load_address>
         <run_address>0xe946</run_address>
         <size>0x1a</size>
         <input_file_ref idref="fl-10"/>
      </object_component>
      <object_component id="oc-1e0">
         <name>.text:BR_SPI_SingleWriteRead_u8</name>
         <load_address>0xe960</load_address>
         <run_address>0xe960</run_address>
         <size>0x18</size>
         <input_file_ref idref="fl-22"/>
      </object_component>
      <object_component id="oc-203">
         <name>.text:MRFI_DelayMs</name>
         <load_address>0xe978</load_address>
         <run_address>0xe978</run_address>
         <size>0x18</size>
         <input_file_ref idref="fl-25"/>
      </object_component>
      <object_component id="oc-1aa">
         <name>.text:USB_resume</name>
         <load_address>0xe990</load_address>
         <run_address>0xe990</run_address>
         <size>0x18</size>
         <input_file_ref idref="fl-10"/>
      </object_component>
      <object_component id="oc-259">
         <name>.text:MRFI_RandomByte</name>
         <load_address>0xe9a8</load_address>
         <run_address>0xe9a8</run_address>
         <size>0x16</size>
         <input_file_ref idref="fl-25"/>
      </object_component>
      <object_component id="oc-165">
         <name>.text</name>
         <load_address>0xe9be</load_address>
         <run_address>0xe9be</run_address>
         <size>0x16</size>
         <input_file_ref idref="fl-38"/>
      </object_component>
      <object_component id="oc-17d">
         <name>.text</name>
         <load_address>0xe9d4</load_address>
         <run_address>0xe9d4</run_address>
         <size>0x16</size>
         <input_file_ref idref="fl-4e"/>
      </object_component>
      <object_component id="oc-23e">
         <name>.text:usbGetConfigurationDescriptor</name>
         <load_address>0xe9ea</load_address>
         <run_address>0xe9ea</run_address>
         <size>0x16</size>
         <input_file_ref idref="fl-10"/>
      </object_component>
      <object_component id="oc-23d">
         <name>.text:usbGetDeviceDescriptor</name>
         <load_address>0xea00</load_address>
         <run_address>0xea00</run_address>
         <size>0x16</size>
         <input_file_ref idref="fl-10"/>
      </object_component>
      <object_component id="oc-19a">
         <name>.text:wbsl_GpioIsr</name>
         <load_address>0xea16</load_address>
         <run_address>0xea16</run_address>
         <size>0x16</size>
         <input_file_ref idref="fl-14"/>
      </object_component>
      <object_component id="oc-1ed">
         <name>.text:BSP_InitBoard</name>
         <load_address>0xea2c</load_address>
         <run_address>0xea2c</run_address>
         <size>0x14</size>
         <input_file_ref idref="fl-24"/>
      </object_component>
      <object_component id="oc-1b5">
         <name>.text:USB_handleVbusOnEvent</name>
         <load_address>0xea40</load_address>
         <run_address>0xea40</run_address>
         <size>0x14</size>
         <input_file_ref idref="fl-8"/>
      </object_component>
      <object_component id="oc-249">
         <name>.text:bluerobin_stop</name>
         <load_address>0xea54</load_address>
         <run_address>0xea54</run_address>
         <size>0x14</size>
         <input_file_ref idref="fl-6"/>
      </object_component>
      <object_component id="oc-1fe">
         <name>.text:nwk_joinContext</name>
         <load_address>0xea68</load_address>
         <run_address>0xea68</run_address>
         <size>0x14</size>
         <input_file_ref idref="fl-2a"/>
      </object_component>
      <object_component id="oc-1c6">
         <name>.text:sCB</name>
         <load_address>0xea7c</load_address>
         <run_address>0xea7c</run_address>
         <size>0x14</size>
         <input_file_ref idref="fl-16"/>
      </object_component>
      <object_component id="oc-23c">
         <name>.text:usbGetConfiguration</name>
         <load_address>0xea90</load_address>
         <run_address>0xea90</run_address>
         <size>0x14</size>
         <input_file_ref idref="fl-10"/>
      </object_component>
      <object_component id="oc-25d">
         <name>.text:usbReceiveDataPacketOnEP0</name>
         <load_address>0xeaa4</load_address>
         <run_address>0xeaa4</run_address>
         <size>0x14</size>
         <input_file_ref idref="fl-10"/>
      </object_component>
      <object_component id="oc-239">
         <name>.text:usbSetControlLineState</name>
         <load_address>0xeab8</load_address>
         <run_address>0xeab8</run_address>
         <size>0x14</size>
         <input_file_ref idref="fl-e"/>
      </object_component>
      <object_component id="oc-1e3">
         <name>.text:BR_CalcRandomChannel_u8</name>
         <load_address>0xeacc</load_address>
         <run_address>0xeacc</run_address>
         <size>0x12</size>
         <input_file_ref idref="fl-21"/>
      </object_component>
      <object_component id="oc-1ba">
         <name>.text:CC_OscOn_v</name>
         <load_address>0xeade</load_address>
         <run_address>0xeade</run_address>
         <size>0x12</size>
         <input_file_ref idref="fl-20"/>
      </object_component>
      <object_component id="oc-1a5">
         <name>.text:CdcIsReceiveInProgress</name>
         <load_address>0xeaf0</load_address>
         <run_address>0xeaf0</run_address>
         <size>0x12</size>
         <input_file_ref idref="fl-e"/>
      </object_component>
      <object_component id="oc-19b">
         <name>.text:memcpy</name>
         <load_address>0xeb02</load_address>
         <run_address>0xeb02</run_address>
         <size>0x12</size>
         <input_file_ref idref="fl-4c"/>
      </object_component>
      <object_component id="oc-1f8">
         <name>.text:nwk_getJoinToken</name>
         <load_address>0xeb14</load_address>
         <run_address>0xeb14</run_address>
         <size>0x12</size>
         <input_file_ref idref="fl-2b"/>
      </object_component>
      <object_component id="oc-1f6">
         <name>.text:nwk_getLinkToken</name>
         <load_address>0xeb26</load_address>
         <run_address>0xeb26</run_address>
         <size>0x12</size>
         <input_file_ref idref="fl-2c"/>
      </object_component>
      <object_component id="oc-22e">
         <name>.text:nwk_getMyAddress</name>
         <load_address>0xeb38</load_address>
         <run_address>0xeb38</run_address>
         <size>0x12</size>
         <input_file_ref idref="fl-29"/>
      </object_component>
      <object_component id="oc-1f7">
         <name>.text:nwk_setJoinToken</name>
         <load_address>0xeb4a</load_address>
         <run_address>0xeb4a</run_address>
         <size>0x12</size>
         <input_file_ref idref="fl-2b"/>
      </object_component>
      <object_component id="oc-1f5">
         <name>.text:nwk_setLinkToken</name>
         <load_address>0xeb5c</load_address>
         <run_address>0xeb5c</run_address>
         <size>0x12</size>
         <input_file_ref idref="fl-2c"/>
      </object_component>
      <object_component id="oc-248">
         <name>.text:usbInvalidRequest</name>
         <load_address>0xeb6e</load_address>
         <run_address>0xeb6e</run_address>
         <size>0x12</size>
         <input_file_ref idref="fl-10"/>
      </object_component>
      <object_component id="oc-1de">
         <name>.text:BR_SPI_WriteRead_u8</name>
         <load_address>0xeb80</load_address>
         <run_address>0xeb80</run_address>
         <size>0x10</size>
         <input_file_ref idref="fl-22"/>
      </object_component>
      <object_component id="oc-19d">
         <name>.text:CC_SPI_WriteRead_u8</name>
         <load_address>0xeb90</load_address>
         <run_address>0xeb90</run_address>
         <size>0x10</size>
         <input_file_ref idref="fl-4"/>
      </object_component>
      <object_component id="oc-1a7">
         <name>.text:USBCDC_handleDataReceived</name>
         <load_address>0xeba0</load_address>
         <run_address>0xeba0</run_address>
         <size>0x10</size>
         <input_file_ref idref="fl-8"/>
      </object_component>
      <object_component id="oc-196">
         <name>.text:_isr:TIMER0_A1_ISR</name>
         <load_address>0xebb0</load_address>
         <run_address>0xebb0</run_address>
         <size>0x10</size>
         <input_file_ref idref="fl-15"/>
      </object_component>
      <object_component id="oc-253">
         <name>.text:nwk_getQ</name>
         <load_address>0xebc0</load_address>
         <run_address>0xebc0</run_address>
         <size>0x10</size>
         <input_file_ref idref="fl-2f"/>
      </object_component>
      <object_component id="oc-213">
         <name>.text:BRTX_WriteData_v</name>
         <load_address>0xebd0</load_address>
         <run_address>0xebd0</run_address>
         <size>0xe</size>
         <input_file_ref idref="fl-1f"/>
      </object_component>
      <object_component id="oc-231">
         <name>.text:nwk_setJoinContext</name>
         <load_address>0xebde</load_address>
         <run_address>0xebde</run_address>
         <size>0xe</size>
         <input_file_ref idref="fl-2b"/>
      </object_component>
      <object_component id="oc-201">
         <name>.text:nwk_setListenContext</name>
         <load_address>0xebec</load_address>
         <run_address>0xebec</run_address>
         <size>0xe</size>
         <input_file_ref idref="fl-2c"/>
      </object_component>
      <object_component id="oc-25f">
         <name>.text:usbSendZeroLengthPacketOnIEP0</name>
         <load_address>0xebfa</load_address>
         <run_address>0xebfa</run_address>
         <size>0xe</size>
         <input_file_ref idref="fl-10"/>
      </object_component>
      <object_component id="oc-255">
         <name>.text:MRFI_PostKillSem</name>
         <load_address>0xec08</load_address>
         <run_address>0xec08</run_address>
         <size>0xc</size>
         <input_file_ref idref="fl-25"/>
      </object_component>
      <object_component id="oc-1e8">
         <name>.text:MRFI_Receive</name>
         <load_address>0xec14</load_address>
         <run_address>0xec14</run_address>
         <size>0xc</size>
         <input_file_ref idref="fl-25"/>
      </object_component>
      <object_component id="oc-26a">
         <name>.text:nwk_getNumObjectFromMsg</name>
         <load_address>0xec20</load_address>
         <run_address>0xec20</run_address>
         <size>0xc</size>
         <input_file_ref idref="fl-31"/>
      </object_component>
      <object_component id="oc-238">
         <name>.text:usbSetLineCoding</name>
         <load_address>0xec2c</load_address>
         <run_address>0xec2c</run_address>
         <size>0xc</size>
         <input_file_ref idref="fl-e"/>
      </object_component>
      <object_component id="oc-24b">
         <name>.text:BRTX_GetID_u32</name>
         <load_address>0xec38</load_address>
         <run_address>0xec38</run_address>
         <size>0xa</size>
         <input_file_ref idref="fl-1f"/>
      </object_component>
      <object_component id="oc-24c">
         <name>.text:BRTX_SetID_v</name>
         <load_address>0xec42</load_address>
         <run_address>0xec42</run_address>
         <size>0xa</size>
         <input_file_ref idref="fl-1f"/>
      </object_component>
      <object_component id="oc-262">
         <name>.text:BRTX_Stop_v</name>
         <load_address>0xec4c</load_address>
         <run_address>0xec4c</run_address>
         <size>0xa</size>
         <input_file_ref idref="fl-1f"/>
      </object_component>
      <object_component id="oc-191">
         <name>.text:_system_pre_init</name>
         <load_address>0xec56</load_address>
         <run_address>0xec56</run_address>
         <size>0xa</size>
         <input_file_ref idref="fl-24"/>
      </object_component>
      <object_component id="oc-227">
         <name>.text:nwk_pingInit</name>
         <load_address>0xec60</load_address>
         <run_address>0xec60</run_address>
         <size>0xa</size>
         <input_file_ref idref="fl-2e"/>
      </object_component>
      <object_component id="oc-171">
         <name>.text</name>
         <load_address>0xec6a</load_address>
         <run_address>0xec6a</run_address>
         <size>0xa</size>
         <input_file_ref idref="fl-4b"/>
      </object_component>
      <object_component id="oc-1eb">
         <name>.text:wbsl_SpiReadRxFifo</name>
         <load_address>0xec74</load_address>
         <run_address>0xec74</run_address>
         <size>0xa</size>
         <input_file_ref idref="fl-13"/>
      </object_component>
      <object_component id="oc-1b3">
         <name>.text:USB_handleVbusOffEvent</name>
         <load_address>0xec7e</load_address>
         <run_address>0xec7e</run_address>
         <size>0x8</size>
         <input_file_ref idref="fl-8"/>
      </object_component>
      <object_component id="oc-1da">
         <name>.text:XT2_Stop</name>
         <load_address>0xec86</load_address>
         <run_address>0xec86</run_address>
         <size>0x8</size>
         <input_file_ref idref="fl-d"/>
      </object_component>
      <object_component id="oc-272">
         <name>.text:nwk_resetSFMarker</name>
         <load_address>0xec8e</load_address>
         <run_address>0xec8e</run_address>
         <size>0x8</size>
         <input_file_ref idref="fl-2d"/>
      </object_component>
      <object_component id="oc-1df">
         <name>.text:BR_SPI_DeselectChip_v</name>
         <load_address>0xec96</load_address>
         <run_address>0xec96</run_address>
         <size>0x6</size>
         <input_file_ref idref="fl-22"/>
      </object_component>
      <object_component id="oc-1dd">
         <name>.text:BR_SPI_SelectChip_v</name>
         <load_address>0xec9c</load_address>
         <run_address>0xec9c</run_address>
         <size>0x6</size>
         <input_file_ref idref="fl-22"/>
      </object_component>
      <object_component id="oc-19e">
         <name>.text:CC_SPI_DeselectChip_v</name>
         <load_address>0xeca2</load_address>
         <run_address>0xeca2</run_address>
         <size>0x6</size>
         <input_file_ref idref="fl-4"/>
      </object_component>
      <object_component id="oc-200">
         <name>.text:MRFI_GetRadioState</name>
         <load_address>0xeca8</load_address>
         <run_address>0xeca8</run_address>
         <size>0x6</size>
         <input_file_ref idref="fl-25"/>
      </object_component>
      <object_component id="oc-1cb">
         <name>.text:SMPL_Send</name>
         <load_address>0xecae</load_address>
         <run_address>0xecae</run_address>
         <size>0x6</size>
         <input_file_ref idref="fl-26"/>
      </object_component>
      <object_component id="oc-16d">
         <name>.text:__TI_ISR_TRAP</name>
         <load_address>0xecb4</load_address>
         <run_address>0xecb4</run_address>
         <size>0x6</size>
         <input_file_ref idref="fl-4a"/>
      </object_component>
      <object_component id="oc-22c">
         <name>.text:nwk_freeConnection</name>
         <load_address>0xecba</load_address>
         <run_address>0xecba</run_address>
         <size>0x6</size>
         <input_file_ref idref="fl-31"/>
      </object_component>
      <object_component id="oc-217">
         <name>.text:nwk_getBCastAddress</name>
         <load_address>0xecc0</load_address>
         <run_address>0xecc0</run_address>
         <size>0x6</size>
         <input_file_ref idref="fl-29"/>
      </object_component>
      <object_component id="oc-1fa">
         <name>.text:nwk_getFWVersion</name>
         <load_address>0xecc6</load_address>
         <run_address>0xecc6</run_address>
         <size>0x6</size>
         <input_file_ref idref="fl-29"/>
      </object_component>
      <object_component id="oc-26f">
         <name>.text:nwk_getMyRxType</name>
         <load_address>0xeccc</load_address>
         <run_address>0xeccc</run_address>
         <size>0x6</size>
         <input_file_ref idref="fl-27"/>
      </object_component>
      <object_component id="oc-25a">
         <name>.text:nwk_getSFInfoPtr</name>
         <load_address>0xecd2</load_address>
         <run_address>0xecd2</run_address>
         <size>0x6</size>
         <input_file_ref idref="fl-31"/>
      </object_component>
      <object_component id="oc-1d3">
         <name>.text:USBCDC_handleReceiveCompleted</name>
         <load_address>0xecd8</load_address>
         <run_address>0xecd8</run_address>
         <size>0x4</size>
         <input_file_ref idref="fl-8"/>
      </object_component>
      <object_component id="oc-1d4">
         <name>.text:USBCDC_handleSendCompleted</name>
         <load_address>0xecdc</load_address>
         <run_address>0xecdc</run_address>
         <size>0x4</size>
         <input_file_ref idref="fl-8"/>
      </object_component>
      <object_component id="oc-25e">
         <name>.text:USBCDC_handleSetControlLineState</name>
         <load_address>0xece0</load_address>
         <run_address>0xece0</run_address>
         <size>0x4</size>
         <input_file_ref idref="fl-8"/>
      </object_component>
      <object_component id="oc-211">
         <name>.text:USBCDC_handleSetLineCoding</name>
         <load_address>0xece4</load_address>
         <run_address>0xece4</run_address>
         <size>0x4</size>
         <input_file_ref idref="fl-8"/>
      </object_component>
      <object_component id="oc-1b6">
         <name>.text:USB_handleClockEvent</name>
         <load_address>0xece8</load_address>
         <run_address>0xece8</run_address>
         <size>0x4</size>
         <input_file_ref idref="fl-8"/>
      </object_component>
      <object_component id="oc-20b">
         <name>.text:USB_handleEnumCompleteEvent</name>
         <load_address>0xecec</load_address>
         <run_address>0xecec</run_address>
         <size>0x4</size>
         <input_file_ref idref="fl-8"/>
      </object_component>
      <object_component id="oc-1af">
         <name>.text:USB_handleResetEvent</name>
         <load_address>0xecf0</load_address>
         <run_address>0xecf0</run_address>
         <size>0x4</size>
         <input_file_ref idref="fl-8"/>
      </object_component>
      <object_component id="oc-1ab">
         <name>.text:USB_handleResumeEvent</name>
         <load_address>0xecf4</load_address>
         <run_address>0xecf4</run_address>
         <size>0x4</size>
         <input_file_ref idref="fl-8"/>
      </object_component>
      <object_component id="oc-1ad">
         <name>.text:USB_handleSuspendEvent</name>
         <load_address>0xecf8</load_address>
         <run_address>0xecf8</run_address>
         <size>0x4</size>
         <input_file_ref idref="fl-8"/>
      </object_component>
      <object_component id="oc-194">
         <name>.text:abort</name>
         <load_address>0xecfc</load_address>
         <run_address>0xecfc</run_address>
         <size>0x4</size>
         <input_file_ref idref="fl-39"/>
      </object_component>
      <object_component id="oc-1f4">
         <name>.text:nwk_NVObj</name>
         <load_address>0xed00</load_address>
         <run_address>0xed00</run_address>
         <size>0x4</size>
         <input_file_ref idref="fl-31"/>
      </object_component>
      <object_component id="oc-1f9">
         <name>.text:nwk_getProtocolVersion</name>
         <load_address>0xed04</load_address>
         <run_address>0xed04</run_address>
         <size>0x4</size>
[...]
         <name>MRFI_RxOn</name>
         <value>0xe3a6</value>
         <object_component_ref idref="oc-1f1"/>
      </symbol>
      <symbol id="sm-885">
         <name>mrfiBroadcastAddr</name>
         <value>0xf080</value>
         <object_component_ref idref="oc-1e6"/>
      </symbol>
      <symbol id="sm-886">
         <name>MRFI_ReplyDelay</name>
         <value>0xd602</value>
         <object_component_ref idref="oc-236"/>
      </symbol>
      <symbol id="sm-887">
         <name>MRFI_WakeUp</name>
         <value>0xe286</value>
         <object_component_ref idref="oc-1f0"/>
      </symbol>
      <symbol id="sm-888">
         <name>MRFI_Transmit</name>
         <value>0xb8ec</value>
         <object_component_ref idref="oc-25b"/>
      </symbol>
      <symbol id="sm-889">
         <name>MRFI_RxIdle</name>
         <value>0xdd82</value>
         <object_component_ref idref="oc-1ce"/>
      </symbol>
      <symbol id="sm-88a">
         <name>MRFI_GetRadioState</name>
         <value>0xeca8</value>
         <object_component_ref idref="oc-200"/>
      </symbol>
      <symbol id="sm-88b">
         <name>MRFI_DelayMs</name>
         <value>0xe978</value>
         <object_component_ref idref="oc-203"/>
      </symbol>
      <symbol id="sm-88c">
         <name>MRFI_SetRFPwr</name>
         <value>0xd548</value>
         <object_component_ref idref="oc-222"/>
      </symbol>
      <symbol id="sm-88d">
         <name>mrfiSpiInit</name>
         <value>0xe220</value>
         <object_component_ref idref="oc-21e"/>
      </symbol>
      <symbol id="sm-88e">
         <name>MRFI_Receive</name>
         <value>0xec14</value>
         <object_component_ref idref="oc-1e8"/>
      </symbol>
      <symbol id="sm-88f">
         <name>BSP_GpioPort1Isr</name>
         <value>0xe64c</value>
         <object_component_ref idref="oc-18e"/>
      </symbol>
      <symbol id="sm-8d1">
         <name>SMPL_Receive</name>
         <value>0xdba6</value>
         <object_component_ref idref="oc-1ca"/>
      </symbol>
      <symbol id="sm-8d2">
         <name>SMPL_Send</name>
         <value>0xecae</value>
         <object_component_ref idref="oc-1cb"/>
      </symbol>
      <symbol id="sm-8d3">
         <name>sInit_done</name>
         <value>0x27e7</value>
         <object_component_ref idref="oc-109"/>
      </symbol>
      <symbol id="sm-8d4">
         <name>SMPL_Init</name>
         <value>0xe402</value>
         <object_component_ref idref="oc-1c7"/>
      </symbol>
      <symbol id="sm-8d5">
         <name>SMPL_SendOpt</name>
         <value>0xbda6</value>
         <object_component_ref idref="oc-208"/>
      </symbol>
      <symbol id="sm-8d6">
         <name>SMPL_LinkListen</name>
         <value>0xd41c</value>
         <object_component_ref idref="oc-1c9"/>
      </symbol>
      <symbol id="sm-8d7">
         <name>SMPL_Ioctl</name>
         <value>0xbc8e</value>
         <object_component_ref idref="oc-1c8"/>
      </symbol>
      <symbol id="sm-933">
         <name>nwk_replayFrame</name>
         <value>0xdf44</value>
         <object_component_ref idref="oc-219"/>
      </symbol>
      <symbol id="sm-934">
         <name>nwk_buildFrame</name>
         <value>0xcab8</value>
         <object_component_ref idref="oc-22f"/>
      </symbol>
      <symbol id="sm-935">
         <name>nwk_SendEmptyPollRspFrame</name>
         <value>0xce8c</value>
         <object_component_ref idref="oc-269"/>
      </symbol>
      <symbol id="sm-936">
         <name>nwk_sendFrame</name>
         <value>0xe376</value>
         <object_component_ref idref="oc-230"/>
      </symbol>
      <symbol id="sm-937">
         <name>nwk_getSandFFrame</name>
         <value>0xd10e</value>
         <object_component_ref idref="oc-268"/>
      </symbol>
      <symbol id="sm-938">
         <name>isDupSandFFrame</name>
         <value>0xc670</value>
         <object_component_ref idref="oc-21a"/>
      </symbol>
      <symbol id="sm-939">
         <name>nwk_getMyRxType</name>
         <value>0xeccc</value>
         <object_component_ref idref="oc-26f"/>
      </symbol>
      <symbol id="sm-93a">
         <name>nwk_buildAckReqFrame</name>
         <value>0xe7ba</value>
         <object_component_ref idref="oc-235"/>
      </symbol>
      <symbol id="sm-93b">
         <name>nwk_frameInit</name>
         <value>0xe752</value>
         <object_component_ref idref="oc-224"/>
      </symbol>
      <symbol id="sm-93c">
         <name>nwk_retrieveFrame</name>
         <value>0xc7ba</value>
         <object_component_ref idref="oc-207"/>
      </symbol>
      <symbol id="sm-93d">
         <name>nwk_sendAckReply</name>
         <value>0xd016</value>
         <object_component_ref idref="oc-254"/>
      </symbol>
      <symbol id="sm-93e">
         <name>MRFI_RxCompleteISR</name>
         <value>0xe7fc</value>
         <object_component_ref idref="oc-1c0"/>
      </symbol>
      <symbol id="sm-94a">
         <name>nwk_freqInit</name>
         <value>0xed18</value>
         <object_component_ref idref="oc-226"/>
      </symbol>
      <symbol id="sm-94b">
         <name>nwk_processFreq</name>
         <value>0xed0c</value>
         <object_component_ref idref="oc-251"/>
      </symbol>
      <symbol id="sm-96e">
         <name>nwk_getProtocolVersion</name>
         <value>0xed04</value>
         <object_component_ref idref="oc-1f9"/>
      </symbol>
      <symbol id="sm-96f">
         <name>nwk_getFWVersion</name>
         <value>0xecc6</value>
         <object_component_ref idref="oc-1fa"/>
      </symbol>
      <symbol id="sm-970">
         <name>nwk_globalsInit</name>
         <value>0xe530</value>
         <object_component_ref idref="oc-223"/>
      </symbol>
      <symbol id="sm-971">
         <name>nwk_setMyAddress</name>
         <value>0xe87c</value>
         <object_component_ref idref="oc-22d"/>
      </symbol>
      <symbol id="sm-972">
         <name>nwk_getBCastAddress</name>
         <value>0xecc0</value>
         <object_component_ref idref="oc-217"/>
      </symbol>
      <symbol id="sm-973">
         <name>nwk_getMyAddress</name>
         <value>0xeb38</value>
         <object_component_ref idref="oc-22e"/>
      </symbol>
      <symbol id="sm-99c">
         <name>nwk_joinContext</name>
         <value>0xea68</value>
         <object_component_ref idref="oc-1fe"/>
      </symbol>
      <symbol id="sm-99d">
         <name>nwk_radioControl</name>
         <value>0xc716</value>
         <object_component_ref idref="oc-1ff"/>
      </symbol>
      <symbol id="sm-99e">
         <name>nwk_rawSend</name>
         <value>0xd704</value>
         <object_component_ref idref="oc-1fc"/>
      </symbol>
      <symbol id="sm-99f">
         <name>nwk_rawReceive</name>
         <value>0xe346</value>
         <object_component_ref idref="oc-1fd"/>
      </symbol>
      <symbol id="sm-9a0">
         <name>nwk_connectionControl</name>
         <value>0xe83c</value>
         <object_component_ref idref="oc-1f3"/>
      </symbol>
      <symbol id="sm-9a1">
         <name>nwk_deviceAddress</name>
         <value>0xe254</value>
         <object_component_ref idref="oc-1fb"/>
      </symbol>
      <symbol id="sm-9d7">
         <name>nwk_getJoinToken</name>
         <value>0xeb14</value>
         <object_component_ref idref="oc-1f8"/>
      </symbol>
      <symbol id="sm-9d8">
         <name>nwk_processJoin</name>
         <value>0xd6b2</value>
         <object_component_ref idref="oc-24f"/>
      </symbol>
      <symbol id="sm-9d9">
         <name>nwk_setJoinToken</name>
         <value>0xeb4a</value>
         <object_component_ref idref="oc-1f7"/>
      </symbol>
      <symbol id="sm-9da">
         <name>nwk_isSandFClient</name>
         <value>0xdb1a</value>
         <object_component_ref idref="oc-218"/>
      </symbol>
      <symbol id="sm-9db">
         <name>nwk_joinInit</name>
         <value>0xdf06</value>
         <object_component_ref idref="oc-228"/>
      </symbol>
      <symbol id="sm-9dc">
         <name>nwk_setJoinContext</name>
         <value>0xebde</value>
         <object_component_ref idref="oc-231"/>
      </symbol>
      <symbol id="sm-9dd">
         <name>nwk_join</name>
         <value>0xed08</value>
         <object_component_ref idref="oc-1f2"/>
      </symbol>
      <symbol id="sm-a18">
         <name>nwk_linkInit</name>
         <value>0xe55a</value>
         <object_component_ref idref="oc-22a"/>
      </symbol>
      <symbol id="sm-a19">
         <name>nwk_setLinkToken</name>
         <value>0xeb5c</value>
         <object_component_ref idref="oc-1f5"/>
      </symbol>
      <symbol id="sm-a1a">
         <name>nwk_getLocalLinkID</name>
         <value>0xdc72</value>
         <object_component_ref idref="oc-202"/>
      </symbol>
      <symbol id="sm-a1b">
         <name>nwk_setListenContext</name>
         <value>0xebec</value>
         <object_component_ref idref="oc-201"/>
      </symbol>
      <symbol id="sm-a1c">
         <name>nwk_getLinkToken</name>
         <value>0xeb26</value>
         <object_component_ref idref="oc-1f6"/>
      </symbol>
      <symbol id="sm-a1d">
         <name>nwk_processLink</name>
         <value>0xc50c</value>
         <object_component_ref idref="oc-24e"/>
      </symbol>
      <symbol id="sm-a3b">
         <name>nwk_mgmtInit</name>
         <value>0xe910</value>
         <object_component_ref idref="oc-229"/>
      </symbol>
      <symbol id="sm-a3c">
         <name>nwk_resetSFMarker</name>
         <value>0xec8e</value>
         <object_component_ref idref="oc-272"/>
      </symbol>
      <symbol id="sm-a3d">
         <name>nwk_processMgmt</name>
         <value>0xc43e</value>
         <object_component_ref idref="oc-252"/>
      </symbol>
      <symbol id="sm-a52">
         <name>nwk_processPing</name>
         <value>0xd3b0</value>
         <object_component_ref idref="oc-24d"/>
      </symbol>
      <symbol id="sm-a53">
         <name>nwk_pingInit</name>
         <value>0xec60</value>
         <object_component_ref idref="oc-227"/>
      </symbol>
      <symbol id="sm-a8d">
         <name>nwk_QadjustOrder</name>
         <value>0xe316</value>
         <object_component_ref idref="oc-215"/>
      </symbol>
      <symbol id="sm-a8e">
         <name>nwk_QfindSlot</name>
         <value>0xcf96</value>
         <object_component_ref idref="oc-1e7"/>
      </symbol>
      <symbol id="sm-a8f">
         <name>nwk_QInit</name>
         <value>0xe672</value>
         <object_component_ref idref="oc-225"/>
      </symbol>
      <symbol id="sm-a90">
         <name>nwk_getQ</name>
         <value>0xebc0</value>
         <object_component_ref idref="oc-253"/>
      </symbol>
      <symbol id="sm-a91">
         <name>nwk_QfindOldest</name>
         <value>0xb4ec</value>
         <object_component_ref idref="oc-234"/>
      </symbol>
      <symbol id="sm-a9d">
         <name>nwk_securityInit</name>
         <value>0xed1a</value>
         <object_component_ref idref="oc-22b"/>
      </symbol>
      <symbol id="sm-a9e">
         <name>nwk_processSecurity</name>
         <value>0xed10</value>
         <object_component_ref idref="oc-250"/>
      </symbol>
      <symbol id="sm-b14">
         <name>nwk_getNextConnection</name>
         <value>0xe06c</value>
         <object_component_ref idref="oc-26d"/>
      </symbol>
      <symbol id="sm-b15">
         <name>nwk_findPeer</name>
         <value>0xdc2e</value>
         <object_component_ref idref="oc-264"/>
      </symbol>
      <symbol id="sm-b16">
         <name>nwk_freeConnection</name>
         <value>0xecba</value>
         <object_component_ref idref="oc-22c"/>
      </symbol>
      <symbol id="sm-b17">
         <name>nwk_checkConnInfo</name>
         <value>0xe698</value>
         <object_component_ref idref="oc-206"/>
      </symbol>
      <symbol id="sm-b18">
         <name>nwk_checkAppMsgTID</name>
         <value>0xe45a</value>
         <object_component_ref idref="oc-267"/>
      </symbol>
      <symbol id="sm-b19">
         <name>nwk_saveJoinedDevice</name>
         <value>0xd484</value>
         <object_component_ref idref="oc-271"/>
      </symbol>
      <symbol id="sm-b1a">
         <name>nwk_isLinkDuplicate</name>
         <value>0xdcb6</value>
         <object_component_ref idref="oc-26b"/>
      </symbol>
      <symbol id="sm-b1b">
         <name>nwk_getSFInfoPtr</name>
         <value>0xecd2</value>
         <object_component_ref idref="oc-25a"/>
      </symbol>
      <symbol id="sm-b1c">
         <name>nwk_isConnectionValid</name>
         <value>0xca26</value>
         <object_component_ref idref="oc-21b"/>
      </symbol>
      <symbol id="sm-b1d">
         <name>nwk_NVObj</name>
         <value>0xed00</value>
         <object_component_ref idref="oc-1f4"/>
      </symbol>
      <symbol id="sm-b1e">
         <name>nwk_isValidReply</name>
         <value>0xd8d8</value>
         <object_component_ref idref="oc-263"/>
      </symbol>
      <symbol id="sm-b1f">
         <name>nwk_findAlreadyJoined</name>
         <value>0xda46</value>
         <object_component_ref idref="oc-26c"/>
      </symbol>
      <symbol id="sm-b20">
         <name>nwk_putNumObjectIntoMsg</name>
         <value>0xe0de</value>
         <object_component_ref idref="oc-270"/>
      </symbol>
      <symbol id="sm-b21">
         <name>nwk_allocateLocalRxPort</name>
         <value>0xc29c</value>
         <object_component_ref idref="oc-26e"/>
      </symbol>
      <symbol id="sm-b22">
         <name>nwk_nwkInit</name>
         <value>0xce04</value>
         <object_component_ref idref="oc-1ef"/>
      </symbol>
      <symbol id="sm-b23">
         <name>nwk_getConnInfo</name>
         <value>0xe506</value>
         <object_component_ref idref="oc-205"/>
      </symbol>
      <symbol id="sm-b24">
         <name>nwk_getNumObjectFromMsg</name>
         <value>0xec20</value>
         <object_component_ref idref="oc-26a"/>
      </symbol>
      <symbol id="sm-b35">
         <name>_c_int00_noexit</name>
         <value>0xe4dc</value>
         <object_component_ref idref="oc-71"/>
      </symbol>
      <symbol id="sm-b36">
         <name>_c_int00</name>
         <value>0xe4dc</value>
         <object_component_ref idref="oc-71"/>
      </symbol>
      <symbol id="sm-b37">
         <name>_stack</name>
         <value>0x3360</value>
         <object_component_ref idref="oc-14d"/>
      </symbol>
      <symbol id="sm-b38">
         <name>__TI_dtors_ptr</name>
         <value>0x295e</value>
         <object_component_ref idref="oc-14b"/>
      </symbol>
      <symbol id="sm-b39">
         <name>__TI_cleanup_ptr</name>
         <value>0x295a</value>
         <object_component_ref idref="oc-14b"/>
      </symbol>
      <symbol id="sm-b3a">
         <name>_reset_vector</name>
         <value>0xfffe</value>
         <object_component_ref idref="oc-14e"/>
      </symbol>
      <symbol id="sm-b60">
         <name>__remi</name>
         <value>0xe486</value>
         <object_component_ref idref="oc-161"/>
      </symbol>
      <symbol id="sm-b61">
         <name>__divi</name>
         <value>0xe486</value>
         <object_component_ref idref="oc-161"/>
      </symbol>
      <symbol id="sm-b6b">
         <name>__remu</name>
         <value>0xe9be</value>
         <object_component_ref idref="oc-165"/>
      </symbol>
      <symbol id="sm-b6c">
         <name>__divu</name>
         <value>0xe9be</value>
         <object_component_ref idref="oc-165"/>
      </symbol>
      <symbol id="sm-b77">
         <name>C$$EXIT</name>
         <value>0xecfc</value>
         <object_component_ref idref="oc-194"/>
      </symbol>
      <symbol id="sm-b78">
         <name>abort</name>
         <value>0xecfc</value>
         <object_component_ref idref="oc-194"/>
      </symbol>
      <symbol id="sm-b79">
         <name>__TI_exit</name>
         <value>0x1</value>
      </symbol>
      <symbol id="sm-b7d">
         <name>__TI_int41</name>
         <value>0xffd2</value>
         <object_component_ref idref="oc-68"/>
      </symbol>
      <symbol id="sm-b81">
         <name>__TI_int43</name>
         <value>0xffd6</value>
         <object_component_ref idref="oc-6a"/>
      </symbol>
      <symbol id="sm-b85">
         <name>__TI_int44</name>
         <value>0xffd8</value>
         <object_component_ref idref="oc-6b"/>
      </symbol>
      <symbol id="sm-b89">
         <name>__TI_int45</name>
         <value>0xffda</value>
         <object_component_ref idref="oc-6c"/>
      </symbol>
      <symbol id="sm-b8d">
         <name>__TI_int47</name>
         <value>0xffde</value>
         <object_component_ref idref="oc-6e"/>
      </symbol>
      <symbol id="sm-b91">
         <name>__TI_int48</name>
         <value>0xffe0</value>
         <object_component_ref idref="oc-6f"/>
      </symbol>
      <symbol id="sm-b95">
         <name>__TI_int49</name>
         <value>0xffe2</value>
         <object_component_ref idref="oc-70"/>
      </symbol>
      <symbol id="sm-b99">
         <name>__TI_int50</name>
         <value>0xffe4</value>
         <object_component_ref idref="oc-72"/>
      </symbol>
      <symbol id="sm-b9d">
         <name>__TI_int54</name>
         <value>0xffec</value>
         <object_component_ref idref="oc-76"/>
      </symbol>
      <symbol id="sm-ba1">
         <name>__TI_int55</name>
         <value>0xffee</value>
         <object_component_ref idref="oc-77"/>
      </symbol>
      <symbol id="sm-ba5">
         <name>__TI_int56</name>
         <value>0xfff0</value>
         <object_component_ref idref="oc-78"/>
      </symbol>
      <symbol id="sm-ba9">
         <name>__TI_int57</name>
         <value>0xfff2</value>
         <object_component_ref idref="oc-79"/>
      </symbol>
      <symbol id="sm-bad">
         <name>__TI_int58</name>
         <value>0xfff4</value>
         <object_component_ref idref="oc-7a"/>
      </symbol>
      <symbol id="sm-bb1">
         <name>__TI_int59</name>
         <value>0xfff6</value>
         <object_component_ref idref="oc-7b"/>
      </symbol>
      <symbol id="sm-bb5">
         <name>__TI_int60</name>
         <value>0xfff8</value>
         <object_component_ref idref="oc-7c"/>
      </symbol>
      <symbol id="sm-bb9">
         <name>__TI_int62</name>
         <value>0xfffc</value>
         <object_component_ref idref="oc-7e"/>
      </symbol>
      <symbol id="sm-bc1">
         <name>__TI_ISR_TRAP</name>
         <value>0xecb4</value>
         <object_component_ref idref="oc-16d"/>
      </symbol>
      <symbol id="sm-bca">
         <name>I_LSL</name>
         <value>0xec6a</value>
         <object_component_ref idref="oc-171"/>
      </symbol>
      <symbol id="sm-bd6">
         <name>memcpy</name>
         <value>0xeb02</value>
         <object_component_ref idref="oc-19b"/>
      </symbol>
      <symbol id="sm-be3">
         <name>memmove</name>
         <value>0xe81c</value>
         <object_component_ref idref="oc-273"/>
      </symbol>
      <symbol id="sm-beb">
         <name>__mpyi_f5hw</name>
         <value>0xe9d4</value>
         <object_component_ref idref="oc-17d"/>
      </symbol>
      <symbol id="sm-bf7">
         <name>_nop</name>
         <value>0xed16</value>
         <object_component_ref idref="oc-190"/>
      </symbol>
      <symbol id="sm-bf8">
         <name>_lock</name>
         <value>0x2952</value>
         <object_component_ref idref="oc-181"/>
      </symbol>
      <symbol id="sm-bf9">
         <name>_unlock</name>
         <value>0x2956</value>
         <object_component_ref idref="oc-181"/>
      </symbol>
      <symbol id="sm-c01">
         <name>__TI_args_main</name>
         <value>0x1</value>
      </symbol>
      <symbol id="sm-c11">
         <name>_auto_init</name>
         <value>0xd9fe</value>
         <object_component_ref idref="oc-192"/>
      </symbol>
      <symbol id="sm-c12">
         <name>__TI_auto_init</name>
         <value>0x1</value>
      </symbol>
   </symbol_table>
   <title>Link successful</title>
</link_info>
