******************************************************************************
                  MSP430 Linker PC v4.2.1                      
******************************************************************************
>> Linked Sat Jun 10 15:27:16 2017

OUTPUT FILE NAME:   <ez430_chronos_access_point_915MHz.out>
ENTRY POINT SYMBOL: "_c_int00"  address: 0000e334


MEMORY CONFIGURATION

         name            origin    length      used     unused   attr    fill
----------------------  --------  ---------  --------  --------  ----  --------
  SFR                   00000000   00000010  00000000  00000010  RWIX
  PERIPHERALS_8BIT      00000010   000000f0  00000000  000000f0  RWIX
  PERIPHERALS_16BIT     00000100   00000100  00000000  00000100  RWIX
  INFOD                 00001800   00000080  00000000  00000080  RWIX
  INFOC                 00001880   00000080  00000000  00000080  RWIX
  INFOB                 00001900   00000080  00000000  00000080  RWIX
  INFOA                 00001980   00000080  00000000  00000080  RWIX
  USBRAM                00001c00   00000800  00000000  00000800  RWIX
  RAM                   00002400   00001000  0000060f  000009f1  RWIX
  FLASH                 0000a000   00005f80  00005067  00000f19  RWIX
  INT00                 0000ff80   00000002  00000000  00000002  RWIX
  INT01                 0000ff82   00000002  00000000  00000002  RWIX
  INT02                 0000ff84   00000002  00000000  00000002  RWIX
  INT03                 0000ff86   00000002  00000000  00000002  RWIX
  INT04                 0000ff88   00000002  00000000  00000002  RWIX
  INT05                 0000ff8a   00000002  00000000  00000002  RWIX
  INT06                 0000ff8c   00000002  00000000  00000002  RWIX
  INT07                 0000ff8e   00000002  00000000  00000002  RWIX
  INT08                 0000ff90   00000002  00000000  00000002  RWIX
  INT09                 0000ff92   00000002  00000000  00000002  RWIX
  INT10                 0000ff94   00000002  00000000  00000002  RWIX
  INT11                 0000ff96   00000002  00000000  00000002  RWIX
  INT12                 0000ff98   00000002  00000000  00000002  RWIX
  INT13                 0000ff9a   00000002  00000000  00000002  RWIX
  INT14                 0000ff9c   00000002  00000000  00000002  RWIX
  INT15                 0000ff9e   00000002  00000000  00000002  RWIX
  INT16                 0000ffa0   00000002  00000000  00000002  RWIX
  INT17                 0000ffa2   00000002  00000000  00000002  RWIX
  INT18                 0000ffa4   00000002  00000000  00000002  RWIX
  INT19                 0000ffa6   00000002  00000000  00000002  RWIX
  INT20                 0000ffa8   00000002  00000000  00000002  RWIX
  INT21                 0000ffaa   00000002  00000000  00000002  RWIX
  INT22                 0000ffac   00000002  00000000  00000002  RWIX
  INT23                 0000ffae   00000002  00000000  00000002  RWIX
  INT24                 0000ffb0   00000002  00000000  00000002  RWIX
  INT25                 0000ffb2   00000002  00000000  00000002  RWIX
  INT26                 0000ffb4   00000002  00000000  00000002  RWIX
  INT27                 0000ffb6   00000002  00000000  00000002  RWIX
  INT28                 0000ffb8   00000002  00000000  00000002  RWIX
  INT29                 0000ffba   00000002  00000000  00000002  RWIX
  INT30                 0000ffbc   00000002  00000000  00000002  RWIX
  INT31                 0000ffbe   00000002  00000000  00000002  RWIX
  INT32                 0000ffc0   00000002  00000000  00000002  RWIX
  INT33                 0000ffc2   00000002  00000000  00000002  RWIX
  INT34                 0000ffc4   00000002  00000000  00000002  RWIX
  INT35                 0000ffc6   00000002  00000000  00000002  RWIX
  INT36                 0000ffc8   00000002  00000000  00000002  RWIX
  INT37                 0000ffca   00000002  00000000  00000002  RWIX
  INT38                 0000ffcc   00000002  00000000  00000002  RWIX
  INT39                 0000ffce   00000002  00000000  00000002  RWIX
  INT40                 0000ffd0   00000002  00000000  00000002  RWIX
  INT41                 0000ffd2   00000002  00000002  00000000  RWIX
  INT42                 0000ffd4   00000002  00000002  00000000  RWIX
  INT43                 0000ffd6   00000002  00000002  00000000  RWIX
  INT44                 0000ffd8   00000002  00000002  00000000  RWIX
  INT45                 0000ffda   00000002  00000002  00000000  RWIX
  INT46                 0000ffdc   00000002  00000002  00000000  RWIX
  INT47                 0000ffde   00000002  00000002  00000000  RWIX
  INT48                 0000ffe0   00000002  00000002  00000000  RWIX
  INT49                 0000ffe2   00000002  00000002  00000000  RWIX
  INT50                 0000ffe4   00000002  00000002  00000000  RWIX
  INT51                 0000ffe6   00000002  00000002  00000000  RWIX
  INT52                 0000ffe8   00000002  00000002  00000000  RWIX
  INT53                 0000ffea   00000002  00000002  00000000  RWIX
  INT54                 0000ffec   00000002  00000002  00000000  RWIX
  INT55                 0000ffee   00000002  00000002  00000000  RWIX
  INT56                 0000fff0   00000002  00000002  00000000  RWIX
  INT57                 0000fff2   00000002  00000002  00000000  RWIX
  INT58                 0000fff4   00000002  00000002  00000000  RWIX
  INT59                 0000fff6   00000002  00000002  00000000  RWIX
  INT60                 0000fff8   00000002  00000002  00000000  RWIX
  INT61                 0000fffa   00000002  00000002  00000000  RWIX
  INT62                 0000fffc   00000002  00000002  00000000  RWIX
  RESET                 0000fffe   00000002  00000002  00000000  RWIX


SECTION ALLOCATION MAP

 output                                  attributes/
section   page    origin      length       input sections
--------  ----  ----------  ----------   ----------------
.pinit     0    0000a000    00000000     UNINITIALIZED

.bss       0    00002400    0000056f     UNINITIALIZED
                  00002400    0000019d     wbsl.obj (.bss)
                  0000259d    00000001     AP_MSP430F5509_CC1101_915MHz.lib : bsp.obj (.bss)
                  0000259e    00000118                                      : nwk_QMgmt.obj (.bss)
                  000026b6    000000ca     main_AP_BM.obj (.bss)
                  00002780    00000069     UART.obj (.bss)
                  000027e9    00000001     AP_MSP430F5509_CC1101_915MHz.lib : nwk_api.obj (.bss)
                  000027ea    00000044     usb.obj (.bss)
                  0000282e    0000003a     cmdHandler.obj (.bss)
                  00002868    00000030     AP_MSP430F5509_CC1101_915MHz.lib : mrfi.obj (.bss)
                  00002898    0000002d                                      : nwk.obj (.bss)
                  000028c5    00000001                                      : nwk_ping.obj (.bss)
                  000028c6    00000022     UsbCdc.obj (.bss)
                  000028e8    00000017     main.obj (.bss)
                  000028ff    00000001     usbEventHandling.obj (.bss)
                  00002900    00000015     BlueRobin_TX_915MHz.lib : brtx_irq.obj (.bss)
                  00002915    00000001     --HOLE--
                  00002916    0000000d     AP_MSP430F5509_CC1101_915MHz.lib : nwk_join.obj (.bss)
                  00002923    00000001     --HOLE--
                  00002924    0000000a                                      : nwk_frame.obj (.bss)
                  0000292e    0000000a                                      : nwk_link.obj (.bss)
                  00002938    0000000a     BlueRobin_TX_915MHz.lib : br_common.obj (.bss)
                  00002942    00000009     AP_MSP430F5509_CC1101_915MHz.lib : nwk_globals.obj (.bss)
                  0000294b    00000001     --HOLE--
                  0000294c    00000008     dma.obj (.bss)
                  00002954    00000008     rts430x.lib : _lock.obj (.bss)
                  0000295c    00000008                 : boot.obj (.bss)
                  00002964    00000005     AP_MSP430F5509_CC1101_915MHz.lib : nwk_mgmt.obj (.bss)
                  00002969    00000001     --HOLE--
                  0000296a    00000005     BlueRobin_TX_915MHz.lib : cc_radio.obj (.bss)

.data      0    00002400    00000000     UNINITIALIZED

.stack     0    00003360    000000a0     UNINITIALIZED
                  00003360    00000002     rts430x.lib : boot.obj (.stack)
                  00003362    0000009e     --HOLE--

.text      0    0000a000    00004b66     
                  0000a000    00000bbe     main_AP_BM.obj (.text:simpliciti_main)
                  0000abbe    00000396     cmdHandler.obj (.text:usb_decode)
                  0000af54    000001b0     UsbCdc.obj (.text:USBCDC_receiveData)
                  0000b104    0000019a     AP_MSP430F5509_CC1101_915MHz.lib : mrfi.obj (.text:MRFI_Init)
                  0000b29e    0000017e                                      : nwk_link.obj (.text:smpl_send_link_reply)
                  0000b41c    00000160                                      : nwk_QMgmt.obj (.text:nwk_QfindOldest)
                  0000b57c    00000158     UsbCdc.obj (.text:CdcToHostFromBuffer)
                  0000b6d4    00000148     UsbIsr.obj (.text:_isr:iUsbInterruptHandler)
                  0000b81c    00000146     AP_MSP430F5509_CC1101_915MHz.lib : mrfi.obj (.text:MRFI_Transmit)
                  0000b962    0000013c                                      : nwk_frame.obj (.text:dispatchFrame)
                  0000ba9e    00000120     usb.obj (.text:USB_reset)
                  0000bbbe    00000118     AP_MSP430F5509_CC1101_915MHz.lib : nwk_api.obj (.text:SMPL_Ioctl)
                  0000bcd6    0000010c                                      : nwk_api.obj (.text:SMPL_SendOpt)
                  0000bde2    00000106                                      : nwk_join.obj (.text:smpl_send_join_reply)
                  0000bee8    00000102     BlueRobin_TX_915MHz.lib : brtx_irq.obj (.text:StateMachineAndScheduler_v)
                  0000bfea    000000fe     UsbCdc.obj (.text:CdcToBufferFromHost)
                  0000c0e8    000000e4     AP_MSP430F5509_CC1101_915MHz.lib : mrfi.obj (.text:Mrfi_SyncPinRxIsr)
                  0000c1cc    000000d4                                      : nwk.obj (.text:nwk_allocateLocalRxPort)
                  0000c2a0    000000ce     HAL_PMM.obj (.text:SetVCoreUp)
                  0000c36e    000000ce     AP_MSP430F5509_CC1101_915MHz.lib : nwk_mgmt.obj (.text:nwk_processMgmt)
                  0000c43c    000000ba                                      : nwk_link.obj (.text:nwk_processLink)
                  0000c4f6    000000aa     wbsl.obj (.text:wbsl_RfIsr)
                  0000c5a0    000000a6     AP_MSP430F5509_CC1101_915MHz.lib : nwk_frame.obj (.text:isDupSandFFrame)
                  0000c646    000000a4                                      : nwk_ioctl.obj (.text:nwk_radioControl)
                  0000c6ea    000000a2                                      : nwk_frame.obj (.text:nwk_retrieveFrame)
                  0000c78c    000000a0     main.obj (.text:main)
                  0000c82c    00000098     UsbCdc.obj (.text:USBCDC_intfStatus)
                  0000c8c4    00000092     main.obj (.text:USB_Handler_v)
                  0000c956    00000092     AP_MSP430F5509_CC1101_915MHz.lib : nwk.obj (.text:nwk_isConnectionValid)
                  0000c9e8    00000090                                      : nwk_frame.obj (.text:nwk_buildFrame)
                  0000ca78    00000090     usb.obj (.text:usbDecodeAndProcessUsbRequest)
                  0000cb08    0000008c     ccSPI.obj (.text:CC_SPI_Init_v)
                  0000cb94    0000008c     HAL_PMM.obj (.text:SetVCoreDown)
                  0000cc20    0000008a     AP_MSP430F5509_CC1101_915MHz.lib : mrfi.obj (.text:spiBurstFifoAccess)
                  0000ccaa    0000008a     spi_wbsl.obj (.text:spiBurstFifoAccess)
                  0000cd34    00000088     AP_MSP430F5509_CC1101_915MHz.lib : nwk.obj (.text:nwk_nwkInit)
                  0000cdbc    00000086                                      : nwk_frame.obj (.text:nwk_SendEmptyPollRspFrame)
                  0000ce42    00000084     usb.obj (.text:USB_enable)
                  0000cec6    00000080     AP_MSP430F5509_CC1101_915MHz.lib : nwk_QMgmt.obj (.text:nwk_QfindSlot)
                  0000cf46    00000080                                      : nwk_frame.obj (.text:nwk_sendAckReply)
                  0000cfc6    00000078     UsbCdc.obj (.text:USBCDC_bytesInUSBBuffer)
                  0000d03e    00000074     AP_MSP430F5509_CC1101_915MHz.lib : nwk_frame.obj (.text:nwk_getSandFFrame)
                  0000d0b2    00000072     UsbCdc.obj (.text:USBCDC_sendData)
                  0000d124    00000070     usb.obj (.text:usbGetEndpointStatus)
                  0000d194    00000070     usb.obj (.text:usbSendNextPacketOnIEP0)
                  0000d204    0000006e     BlueRobin_TX_915MHz.lib : cc_radio.obj (.text:CC_RadioTransmitRegularData_v)
                  0000d272    0000006e     UART.obj (.text:_isr:USCI_A1_ISR)
                  0000d2e0    0000006c     AP_MSP430F5509_CC1101_915MHz.lib : nwk_ping.obj (.text:nwk_processPing)
                  0000d34c    00000066                                      : nwk.obj (.text:nwk_saveJoinedDevice)
                  0000d3b2    0000005e     UsbCdc.obj (.text:CopyUsbToBuff)
                  0000d410    0000005e     AP_MSP430F5509_CC1101_915MHz.lib : mrfi.obj (.text:MRFI_SetRFPwr)
                  0000d46e    0000005c                                      : mrfi.obj (.text:MRFI_SetLogicalChannel)
                  0000d4ca    0000005a                                      : mrfi.obj (.text:MRFI_ReplyDelay)
                  0000d524    00000056     usb.obj (.text:usbClearEndpointFeature)
                  0000d57a    00000052     AP_MSP430F5509_CC1101_915MHz.lib : nwk_join.obj (.text:nwk_processJoin)
                  0000d5cc    00000052                                      : nwk_ioctl.obj (.text:nwk_rawSend)
                  0000d61e    00000052     UsbCdc.obj (.text:usbGetLineCoding)
                  0000d670    00000050     usb.obj (.text:usbSetEndpointFeature)
                  0000d6c0    0000004c     UsbCdc.obj (.text:Handler_SetLineCoding)
                  0000d70c    0000004a     main.obj (.text:InitClock_v)
                  0000d756    0000004a     AP_MSP430F5509_CC1101_915MHz.lib : mrfi.obj (.text:mrfiSpiCmdStrobe)
                  0000d7a0    0000004a                                      : nwk.obj (.text:nwk_isValidReply)
                  0000d7ea    0000004a     usb.obj (.text:usbGetStringDescriptor)
                  0000d834    0000004a     spi_wbsl.obj (.text:wbsl_SpiCmdStrobe)
                  0000d87e    00000048     AP_MSP430F5509_CC1101_915MHz.lib : mrfi.obj (.text:MRFI_Rssi)
                  0000d8c6    00000048     rts430x.lib : autoinit.obj (.text:_auto_init)
                  0000d90e    00000048     AP_MSP430F5509_CC1101_915MHz.lib : nwk.obj (.text:nwk_findAlreadyJoined)
                  0000d956    00000046     BlueRobin_TX_915MHz.lib : brtx_packet.obj (.text:BRTX_MakePacket_v)
                  0000d99c    00000046                             : br_common.obj (.text:BR_CalcRandomTimeOffset_u16)
                  0000d9e2    00000046     AP_MSP430F5509_CC1101_915MHz.lib : nwk_join.obj (.text:nwk_isSandFClient)
                  0000da28    00000046     usb.obj (.text:usbReceiveNextPacketOnOEP0)
                  0000da6e    00000044     AP_MSP430F5509_CC1101_915MHz.lib : nwk_api.obj (.text:SMPL_Receive)
                  0000dab2    00000044     UsbIsr.obj (.text:SetupPacketInterruptHandler)
                  0000daf6    00000044     AP_MSP430F5509_CC1101_915MHz.lib : nwk.obj (.text:nwk_findPeer)
                  0000db3a    00000044                                      : nwk.obj (.text:nwk_isLinkDuplicate)
                  0000db7e    00000044                                      : mrfi.obj (.text:spiRegAccess)
                  0000dbc2    00000044     spi_wbsl.obj (.text:spiRegAccess)
                  0000dc06    00000042     AP_MSP430F5509_CC1101_915MHz.lib : mrfi.obj (.text:MRFI_RxIdle)
                  0000dc48    00000042     UsbIsr.obj (.text:PWRVBUSoffHandler)
                  0000dc8a    00000042     UART.obj (.text:UART_recv_async)
                  0000dccc    00000040     BlueRobin_TX_915MHz.lib : cc_radio.obj (.text:CC_RadioIdle_v)
                  0000dd0c    00000040     UART.obj (.text:UART_Init_v)
                  0000dd4c    0000003e     HAL_PMM.obj (.text:SetVCore)
                  0000dd8a    0000003e     AP_MSP430F5509_CC1101_915MHz.lib : nwk_join.obj (.text:nwk_joinInit)
                  0000ddc8    0000003e                                      : nwk_frame.obj (.text:nwk_replayFrame)
                  0000de06    0000003c                                      : nwk.obj (.text:initializeConnection)
                  0000de42    0000003a     UsbCdc.obj (.text:CdcResetData)
                  0000de7c    0000003a     AP_MSP430F5509_CC1101_915MHz.lib : mrfi.obj (.text:MRFI_RxAddrIsFiltered)
                  0000deb6    0000003a     RTC.obj (.text:RTC_Init_v)
                  0000def0    0000003a     AP_MSP430F5509_CC1101_915MHz.lib : nwk.obj (.text:nwk_getNextConnection)
                  0000df2a    00000038     BlueRobin_TX_915MHz.lib : brtx_irq.obj (.text:_isr:BRTX_Timing_IRQ_v)
                  0000df62    00000038     AP_MSP430F5509_CC1101_915MHz.lib : nwk.obj (.text:nwk_putNumObjectIntoMsg)
                  0000df9a    00000036                                      : mrfi.obj (.text:Mrfi_CalculateRssi)
                  0000dfd0    00000036     main.obj (.text:_isr:UNMI_ISR)
                  0000e006    00000036     usb.obj (.text:usbSetAddress)
                  0000e03c    00000034     BlueRobin_TX_915MHz.lib : br_common.obj (.text:BR_CalcCRC_u8)
                  0000e070    00000034     UART.obj (.text:UART_send_async)
                  0000e0a4    00000034     AP_MSP430F5509_CC1101_915MHz.lib : mrfi.obj (.text:mrfiSpiInit)
                  0000e0d8    00000032                                      : nwk_ioctl.obj (.text:nwk_deviceAddress)
                  0000e10a    00000030                                      : mrfi.obj (.text:MRFI_WakeUp)
                  0000e13a    00000030     UsbIsr.obj (.text:PWRVBUSonHandler)
                  0000e16a    00000030     HAL_UCS.obj (.text:XT2_Start)
                  0000e19a    00000030     AP_MSP430F5509_CC1101_915MHz.lib : nwk_QMgmt.obj (.text:nwk_QadjustOrder)
                  0000e1ca    00000030                                      : nwk_ioctl.obj (.text:nwk_rawReceive)
                  0000e1fa    00000030                                      : nwk_frame.obj (.text:nwk_sendFrame)
                  0000e22a    0000002e                                      : mrfi.obj (.text:MRFI_RxOn)
                  0000e258    0000002e     UsbIsr.obj (.text:OEP0InterruptHandler)
                  0000e286    0000002c     AP_MSP430F5509_CC1101_915MHz.lib : nwk_api.obj (.text:SMPL_Init)
                  0000e2b2    0000002c     usb.obj (.text:USB_suspend)
                  0000e2de    0000002c     AP_MSP430F5509_CC1101_915MHz.lib : nwk.obj (.text:nwk_checkAppMsgTID)
                  0000e30a    0000002a                                      : mrfi.obj (.text:MRFI_Sleep)
                  0000e334    0000002a     rts430x.lib : boot.obj (.text:_isr:_c_int00_noexit)
                  0000e35e    0000002a     AP_MSP430F5509_CC1101_915MHz.lib : nwk.obj (.text:nwk_getConnInfo)
                  0000e388    0000002a                                      : nwk_globals.obj (.text:nwk_globalsInit)
                  0000e3b2    0000002a                                      : nwk_link.obj (.text:nwk_linkInit)
                  0000e3dc    0000002a     usb.obj (.text:usbGetDeviceStatus)
                  0000e406    00000028     cmdHandler.obj (.text:BRTX_DataTransfered_v)
                  0000e42e    00000028     AP_MSP430F5509_CC1101_915MHz.lib : nwk.obj (.text:map_lid2idx)
                  0000e456    00000028     usb.obj (.text:usbSetConfiguration)
                  0000e47e    00000026     AP_MSP430F5509_CC1101_915MHz.lib : mrfi.obj (.text:Mrfi_DelayUsec)
                  0000e4a4    00000026                                      : mrfi.obj (.text:_isr:BSP_GpioPort1Isr)
                  0000e4ca    00000026                                      : nwk_QMgmt.obj (.text:nwk_QInit)
                  0000e4f0    00000026                                      : nwk.obj (.text:nwk_checkConnInfo)
                  0000e516    00000026     usb.obj (.text:usbClearDeviceFeature)
                  0000e53c    00000026     usb.obj (.text:usbSetDeviceFeature)
                  0000e562    00000024     AP_MSP430F5509_CC1101_915MHz.lib : bsp.obj (.text:BSP_Delay)
                  0000e586    00000024                                      : bsp.obj (.text:BSP_Init)
                  0000e5aa    00000024                                      : nwk_frame.obj (.text:nwk_frameInit)
                  0000e5ce    00000022     usb.obj (.text:USB_disable)
                  0000e5f0    00000022     usb.obj (.text:USB_disconnect)
                  0000e612    00000022     AP_MSP430F5509_CC1101_915MHz.lib : nwk_frame.obj (.text:nwk_buildAckReqFrame)
                  0000e634    00000020     BlueRobin_TX_915MHz.lib : cc_radio.obj (.text:CC_RadioPowerdown_v)
                  0000e654    00000020     AP_MSP430F5509_CC1101_915MHz.lib : nwk_frame.obj (.text:MRFI_RxCompleteISR)
                  0000e674    00000020     rts430x.lib : memmov.obj (.text:memmove)
                  0000e694    00000020     AP_MSP430F5509_CC1101_915MHz.lib : nwk_ioctl.obj (.text:nwk_connectionControl)
                  0000e6b4    00000020     usb.obj (.text:usbSendDataPacketOnEP0)
                  0000e6d4    0000001e     AP_MSP430F5509_CC1101_915MHz.lib : nwk_globals.obj (.text:nwk_setMyAddress)
                  0000e6f2    0000001e     usb.obj (.text:usbGetInterface)
                  0000e710    0000001e     usb.obj (.text:usbGetInterfaceStatus)
                  0000e72e    0000001e     spi_wbsl.obj (.text:wbsl_SpiReadReg)
                  0000e74c    0000001c     UsbIsr.obj (.text:IEP0InterruptHandler)
                  0000e768    0000001c     AP_MSP430F5509_CC1101_915MHz.lib : nwk_mgmt.obj (.text:nwk_mgmtInit)
                  0000e784    0000001a     usb.obj (.text:USB_connect)
                  0000e79e    0000001a     usb.obj (.text:usbSetInterface)
                  0000e7b8    00000018     BlueRobin_TX_915MHz.lib : brSPI.obj (.text:BR_SPI_SingleWriteRead_u8)
                  0000e7d0    00000018     AP_MSP430F5509_CC1101_915MHz.lib : mrfi.obj (.text:MRFI_DelayMs)
                  0000e7e8    00000018     usb.obj (.text:USB_resume)
                  0000e800    00000016     AP_MSP430F5509_CC1101_915MHz.lib : mrfi.obj (.text:MRFI_RandomByte)
                  0000e816    00000016     rts430x.lib : div16u.obj (.text)
                  0000e82c    00000016                 : mult16_f5hw.obj (.text)
                  0000e842    00000016     usb.obj (.text:usbGetConfigurationDescriptor)
                  0000e858    00000016     usb.obj (.text:usbGetDeviceDescriptor)
                  0000e86e    00000016     wbsl.obj (.text:wbsl_GpioIsr)
                  0000e884    00000014     AP_MSP430F5509_CC1101_915MHz.lib : bsp.obj (.text:BSP_InitBoard)
                  0000e898    00000014     usbEventHandling.obj (.text:USB_handleVbusOnEvent)
                  0000e8ac    00000014     main.obj (.text:bluerobin_stop)
                  0000e8c0    00000014     AP_MSP430F5509_CC1101_915MHz.lib : nwk_ioctl.obj (.text:nwk_joinContext)
                  0000e8d4    00000014     main_AP_BM.obj (.text:sCB)
                  0000e8e8    00000014     usb.obj (.text:usbGetConfiguration)
                  0000e8fc    00000014     usb.obj (.text:usbReceiveDataPacketOnEP0)
                  0000e910    00000014     UsbCdc.obj (.text:usbSetControlLineState)
                  0000e924    00000012     BlueRobin_TX_915MHz.lib : br_common.obj (.text:BR_CalcRandomChannel_u8)
                  0000e936    00000012                             : cc_radio.obj (.text:CC_OscOn_v)
                  0000e948    00000012     UsbCdc.obj (.text:CdcIsReceiveInProgress)
                  0000e95a    00000012     rts430x.lib : memcpy.obj (.text:memcpy)
                  0000e96c    00000012     AP_MSP430F5509_CC1101_915MHz.lib : nwk_join.obj (.text:nwk_getJoinToken)
                  0000e97e    00000012                                      : nwk_link.obj (.text:nwk_getLinkToken)
                  0000e990    00000012                                      : nwk_globals.obj (.text:nwk_getMyAddress)
                  0000e9a2    00000012                                      : nwk_join.obj (.text:nwk_setJoinToken)
                  0000e9b4    00000012                                      : nwk_link.obj (.text:nwk_setLinkToken)
                  0000e9c6    00000012     usb.obj (.text:usbInvalidRequest)
                  0000e9d8    00000010     BlueRobin_TX_915MHz.lib : brSPI.obj (.text:BR_SPI_WriteRead_u8)
                  0000e9e8    00000010     ccSPI.obj (.text:CC_SPI_WriteRead_u8)
                  0000e9f8    00000010     usbEventHandling.obj (.text:USBCDC_handleDataReceived)
                  0000ea08    00000010     timer.obj (.text:_isr:TIMER0_A1_ISR)
                  0000ea18    00000010     AP_MSP430F5509_CC1101_915MHz.lib : nwk_QMgmt.obj (.text:nwk_getQ)
                  0000ea28    0000000e     BlueRobin_TX_915MHz.lib : br_api.obj (.text:BRTX_WriteData_v)
                  0000ea36    0000000e     AP_MSP430F5509_CC1101_915MHz.lib : nwk_join.obj (.text:nwk_setJoinContext)
                  0000ea44    0000000e     usb.obj (.text:usbSendZeroLengthPacketOnIEP0)
                  0000ea52    0000000c     AP_MSP430F5509_CC1101_915MHz.lib : mrfi.obj (.text:MRFI_PostKillSem)
                  0000ea5e    0000000c                                      : mrfi.obj (.text:MRFI_Receive)
                  0000ea6a    0000000c                                      : nwk.obj (.text:nwk_getNumObjectFromMsg)
                  0000ea76    0000000c     UsbCdc.obj (.text:usbSetLineCoding)
                  0000ea82    0000000a     BlueRobin_TX_915MHz.lib : br_api.obj (.text:BRTX_GetID_u32)
                  0000ea8c    0000000a                             : br_api.obj (.text:BRTX_SetID_v)
                  0000ea96    0000000a                             : br_api.obj (.text:BRTX_Stop_v)
                  0000eaa0    0000000a     AP_MSP430F5509_CC1101_915MHz.lib : bsp.obj (.text:_system_pre_init)
                  0000eaaa    0000000a                                      : nwk_ping.obj (.text:nwk_pingInit)
                  0000eab4    0000000a     rts430x.lib : lsl16.obj (.text)
                  0000eabe    0000000a     spi_wbsl.obj (.text:wbsl_SpiReadRxFifo)
                  0000eac8    00000008     usbEventHandling.obj (.text:USB_handleVbusOffEvent)
                  0000ead0    00000008     HAL_UCS.obj (.text:XT2_Stop)
                  0000ead8    00000008     AP_MSP430F5509_CC1101_915MHz.lib : nwk_mgmt.obj (.text:nwk_resetSFMarker)
                  0000eae0    00000006     BlueRobin_TX_915MHz.lib : brSPI.obj (.text:BR_SPI_DeselectChip_v)
                  0000eae6    00000006                             : brSPI.obj (.text:BR_SPI_SelectChip_v)
                  0000eaec    00000006     ccSPI.obj (.text:CC_SPI_DeselectChip_v)
                  0000eaf2    00000006     AP_MSP430F5509_CC1101_915MHz.lib : mrfi.obj (.text:MRFI_GetRadioState)
                  0000eaf8    00000006                                      : nwk_api.obj (.text:SMPL_Send)
                  0000eafe    00000006     rts430x.lib : isr_trap.obj (.text:__TI_ISR_TRAP)
                  0000eb04    00000006     AP_MSP430F5509_CC1101_915MHz.lib : nwk.obj (.text:nwk_freeConnection)
                  0000eb0a    00000006                                      : nwk_globals.obj (.text:nwk_getBCastAddress)
                  0000eb10    00000006                                      : nwk_globals.obj (.text:nwk_getFWVersion)
                  0000eb16    00000006                                      : nwk_frame.obj (.text:nwk_getMyRxType)
                  0000eb1c    00000006                                      : nwk.obj (.text:nwk_getSFInfoPtr)
                  0000eb22    00000004     usbEventHandling.obj (.text:USBCDC_handleReceiveCompleted)
                  0000eb26    00000004     usbEventHandling.obj (.text:USBCDC_handleSendCompleted)
                  0000eb2a    00000004     usbEventHandling.obj (.text:USBCDC_handleSetControlLineState)
                  0000eb2e    00000004     usbEventHandling.obj (.text:USBCDC_handleSetLineCoding)
                  0000eb32    00000004     usbEventHandling.obj (.text:USB_handleClockEvent)
                  0000eb36    00000004     usbEventHandling.obj (.text:USB_handleEnumCompleteEvent)
                  0000eb3a    00000004     usbEventHandling.obj (.text:USB_handleResetEvent)
                  0000eb3e    00000004     usbEventHandling.obj (.text:USB_handleResumeEvent)
                  0000eb42    00000004     usbEventHandling.obj (.text:USB_handleSuspendEvent)
                  0000eb46    00000004     rts430x.lib : exit.obj (.text:abort)
                  0000eb4a    00000004     AP_MSP430F5509_CC1101_915MHz.lib : nwk.obj (.text:nwk_NVObj)
                  0000eb4e    00000004                                      : nwk_globals.obj (.text:nwk_getProtocolVersion)
                  0000eb52    00000004                                      : nwk_join.obj (.text:nwk_join)
                  0000eb56    00000004                                      : nwk_freq.obj (.text:nwk_processFreq)
                  0000eb5a    00000004                                      : nwk_security.obj (.text:nwk_processSecurity)
                  0000eb5e    00000002     cmdHandler.obj (.text:BRTX_PrepareData_v)
                  0000eb60    00000002     rts430x.lib : _lock.obj (.text:_nop)
                  0000eb62    00000002     AP_MSP430F5509_CC1101_915MHz.lib : nwk_freq.obj (.text:nwk_freqInit)
                  0000eb64    00000002                                      : nwk_security.obj (.text:nwk_securityInit)

.const     0    0000eb66    0000036f     
                  0000eb66    0000010a     descriptors.obj (.const:tUsbRequestList)
                  0000ec70    00000100     BlueRobin_TX_915MHz.lib : br_common.obj (.const:.string:RandomValue_u8)
                  0000ed70    00000090     descriptors.obj (.const:.string:abromStringDescriptor)
                  0000ee00    00000043     descriptors.obj (.const)
                  0000ee43    00000001     main_AP_BM.obj (.const)
                  0000ee44    00000042     AP_MSP430F5509_CC1101_915MHz.lib : mrfi.obj (.const:mrfiRadioCfg)
                  0000ee86    00000018                                      : nwk_frame.obj (.const:func)
                  0000ee9e    00000012     descriptors.obj (.const:.string:abromDeviceDescriptor)
                  0000eeb0    00000010     descriptors.obj (.const:stUsbHandle)
                  0000eec0    00000009     AP_MSP430F5509_CC1101_915MHz.lib : nwk_globals.obj (.const)
                  0000eec9    00000001     --HOLE-- [fill = 0]
                  0000eeca    00000004                                      : mrfi.obj (.const:.string:mrfiBroadcastAddr)
                  0000eece    00000004                                      : mrfi.obj (.const:.string:mrfiLogicalChanTable)
                  0000eed2    00000003                                      : mrfi.obj (.const:.string:mrfiRFPowerTable)

.cinit     0    0000eed6    00000192     
                  0000eed6    0000003c     wbsl.obj (.cinit)
                  0000ef12    00000031     main_AP_BM.obj (.cinit)
                  0000ef43    00000001     --HOLE-- [fill = 0]
                  0000ef44    00000030     cmdHandler.obj (.cinit)
                  0000ef74    0000002f     AP_MSP430F5509_CC1101_915MHz.lib : mrfi.obj (.cinit)
                  0000efa3    00000001     --HOLE-- [fill = 0]
                  0000efa4    00000021                                      : nwk_join.obj (.cinit)
                  0000efc5    00000001     --HOLE-- [fill = 0]
                  0000efc6    00000020                                      : nwk_frame.obj (.cinit)
                  0000efe6    0000001d     UART.obj (.cinit)
                  0000f003    00000001     --HOLE-- [fill = 0]
                  0000f004    00000019     AP_MSP430F5509_CC1101_915MHz.lib : nwk_link.obj (.cinit)
                  0000f01d    00000001     --HOLE-- [fill = 0]
                  0000f01e    00000011     usb.obj (.cinit)
                  0000f02f    00000001     --HOLE-- [fill = 0]
                  0000f030    0000000b     AP_MSP430F5509_CC1101_915MHz.lib : nwk_mgmt.obj (.cinit)
                  0000f03b    00000001     --HOLE-- [fill = 0]
                  0000f03c    00000005                                      : bsp.obj (.cinit)
                  0000f041    00000001     --HOLE-- [fill = 0]
                  0000f042    00000005                                      : nwk.obj (.cinit)
                  0000f047    00000001     --HOLE-- [fill = 0]
                  0000f048    00000005                                      : nwk_api.obj (.cinit)
                  0000f04d    00000001     --HOLE-- [fill = 0]
                  0000f04e    00000005                                      : nwk_globals.obj (.cinit)
                  0000f053    00000001     --HOLE-- [fill = 0]
                  0000f054    00000005                                      : nwk_ping.obj (.cinit)
                  0000f059    00000001     --HOLE-- [fill = 0]
                  0000f05a    00000005     main.obj (.cinit)
                  0000f05f    00000001     --HOLE-- [fill = 0]
                  0000f060    00000005     usbEventHandling.obj (.cinit)
                  0000f065    00000001     --HOLE-- [fill = 0]
                  0000f066    00000002     (.pad.cinit) [fill = 0]

RTC        0    0000ffd2    00000002     
                  0000ffd2    00000002     rts430x.lib : int41.obj (.int41)

PORT2      0    0000ffd4    00000002     
                  0000ffd4    00000002     AP_MSP430F5509_CC1101_915MHz.lib : mrfi.obj (.int42)

TIMER2_A1 
*          0    0000ffd6    00000002     
                  0000ffd6    00000002     rts430x.lib : int43.obj (.int43)

TIMER2_A0 
*          0    0000ffd8    00000002     
                  0000ffd8    00000002     rts430x.lib : int44.obj (.int44)

USCI_B1    0    0000ffda    00000002     
                  0000ffda    00000002     rts430x.lib : int45.obj (.int45)

USCI_A1    0    0000ffdc    00000002     
                  0000ffdc    00000002     UART.obj (.int46)

PORT1      0    0000ffde    00000002     
                  0000ffde    00000002     rts430x.lib : int47.obj (.int47)

TIMER1_A1 
*          0    0000ffe0    00000002     
                  0000ffe0    00000002     rts430x.lib : int48.obj (.int48)

TIMER1_A0 
*          0    0000ffe2    00000002     
                  0000ffe2    00000002     rts430x.lib : int49.obj (.int49)

DMA        0    0000ffe4    00000002     
                  0000ffe4    00000002     rts430x.lib : int50.obj (.int50)

USB_UBM    0    0000ffe6    00000002     
                  0000ffe6    00000002     UsbIsr.obj (.int51)

TIMER0_A1 
*          0    0000ffe8    00000002     
                  0000ffe8    00000002     timer.obj (.int52)

TIMER0_A0 
*          0    0000ffea    00000002     
                  0000ffea    00000002     BlueRobin_TX_915MHz.lib : brtx_irq.obj (.int53)

ADC10      0    0000ffec    00000002     
                  0000ffec    00000002     rts430x.lib : int54.obj (.int54)

USCI_B0    0    0000ffee    00000002     
                  0000ffee    00000002     rts430x.lib : int55.obj (.int55)

USCI_A0    0    0000fff0    00000002     
                  0000fff0    00000002     rts430x.lib : int56.obj (.int56)

WDT        0    0000fff2    00000002     
                  0000fff2    00000002     rts430x.lib : int57.obj (.int57)

TIMER0_B1 
*          0    0000fff4    00000002     
                  0000fff4    00000002     rts430x.lib : int58.obj (.int58)

TIMER0_B0 
*          0    0000fff6    00000002     
                  0000fff6    00000002     rts430x.lib : int59.obj (.int59)

COMP_B     0    0000fff8    00000002     
                  0000fff8    00000002     rts430x.lib : int60.obj (.int60)

UNMI       0    0000fffa    00000002     
                  0000fffa    00000002     main.obj (.int61)

SYSNMI     0    0000fffc    00000002     
                  0000fffc    00000002     rts430x.lib : int62.obj (.int62)

.reset     0    0000fffe    00000002     
                  0000fffe    00000002     rts430x.lib : boot.obj (.reset)


GLOBAL SYMBOLS: SORTED ALPHABETICALLY BY Name 

address    name
--------   ----
00002400   .bss
00002400   .data
0000a000   .text
00000740   ADC10CTL0
00000741   ADC10CTL0_H
00000740   ADC10CTL0_L
00000742   ADC10CTL1
00000743   ADC10CTL1_H
00000742   ADC10CTL1_L
00000744   ADC10CTL2
00000745   ADC10CTL2_H
00000744   ADC10CTL2_L
00000748   ADC10HI
00000749   ADC10HI_H
00000748   ADC10HI_L
0000075a   ADC10IE
0000075b   ADC10IE_H
0000075a   ADC10IE_L
0000075c   ADC10IFG
0000075d   ADC10IFG_H
0000075c   ADC10IFG_L
0000075e   ADC10IV
0000075f   ADC10IV_H
0000075e   ADC10IV_L
00000746   ADC10LO
00000747   ADC10LO_H
00000746   ADC10LO_L
0000074a   ADC10MCTL0
0000074b   ADC10MCTL0_H
0000074a   ADC10MCTL0_L
00000752   ADC10MEM0
00000753   ADC10MEM0_H
00000752   ADC10MEM0_L
00002702   AlarmChangedFlag
00002908   BRTX_BasicPeriodTime_u16
00002904   BRTX_ConfigFlags_t
0000e406   BRTX_DataTransfered_v
00002910   BRTX_FirstData_u32
00002906   BRTX_FirstPacketTime_u16
0000ea82   BRTX_GetID_u32
0000290a   BRTX_ID_u32
0000d956   BRTX_MakePacket_v
00002938   BRTX_PacketBits_t
00002905   BRTX_PacketChannel_u8
00002900   BRTX_PacketState_u8
0000eb5e   BRTX_PrepareData_v
0000290e   BRTX_SC_u8
00002914   BRTX_SecondData_u8
0000ea8c   BRTX_SetID_v
00002902   BRTX_StatusFlags_t
0000ea96   BRTX_Stop_v
0000df2a   BRTX_Timing_IRQ_v
0000ea28   BRTX_WriteData_v
0000e03c   BR_CalcCRC_u8
0000e924   BR_CalcRandomChannel_u8
0000d99c   BR_CalcRandomTimeOffset_u16
0000eae0   BR_SPI_DeselectChip_v
0000eae6   BR_SPI_SelectChip_v
0000e7b8   BR_SPI_SingleWriteRead_u8
0000e9d8   BR_SPI_WriteRead_u8
0000e562   BSP_Delay
0000e4a4   BSP_GpioPort1Isr
0000e586   BSP_Init
0000e884   BSP_InitBoard
0000e634   BlueRobin_RadioISR_v
0000eb46   C$$EXIT
000008c0   CBCTL0
000008c1   CBCTL0_H
000008c0   CBCTL0_L
000008c2   CBCTL1
000008c3   CBCTL1_H
000008c2   CBCTL1_L
000008c4   CBCTL2
000008c5   CBCTL2_H
000008c4   CBCTL2_L
000008c6   CBCTL3
000008c7   CBCTL3_H
000008c6   CBCTL3_L
000008cc   CBINT
000008cd   CBINT_H
000008cc   CBINT_L
000008ce   CBIV
0000296c   CC_256ByteWriteTime_u16
0000e936   CC_OscOn_v
0000296a   CC_OscStartupTime_u16
0000dccc   CC_RadioIdle_v
0000e634   CC_RadioPowerdown_v
0000e634   CC_RadioStop_v
0000d204   CC_RadioTransmitRegularData_v
0000eaec   CC_SPI_DeselectChip_v
0000cb08   CC_SPI_Init_v
0000e9e8   CC_SPI_WriteRead_u8
00000150   CRCDI
00000152   CRCDIRB
00000153   CRCDIRB_H
00000152   CRCDIRB_L
00000151   CRCDI_H
00000150   CRCDI_L
00000154   CRCINIRES
00000155   CRCINIRES_H
00000154   CRCINIRES_L
00000156   CRCRESR
00000157   CRCRESR_H
00000156   CRCRESR_L
0000e948   CdcIsReceiveInProgress
0000de42   CdcResetData
0000bfea   CdcToBufferFromHost
0000b57c   CdcToHostFromBuffer
0000d3b2   CopyUsbToBuff
00000510   DMA0CTL
00000511   DMA0CTL_H
00000510   DMA0CTL_L
00000516   DMA0DA
00000518   DMA0DAH
00000516   DMA0DAL
00000512   DMA0SA
00000514   DMA0SAH
00000512   DMA0SAL
0000051a   DMA0SZ
00000520   DMA1CTL
00000521   DMA1CTL_H
00000520   DMA1CTL_L
00000526   DMA1DA
00000528   DMA1DAH
00000526   DMA1DAL
00000522   DMA1SA
00000524   DMA1SAH
00000522   DMA1SAL
0000052a   DMA1SZ
00000530   DMA2CTL
00000531   DMA2CTL_H
00000530   DMA2CTL_L
00000536   DMA2DA
00000538   DMA2DAH
00000536   DMA2DAL
00000532   DMA2SA
00000534   DMA2SAH
00000532   DMA2SAL
0000053a   DMA2SZ
00000500   DMACTL0
00000501   DMACTL0_H
00000500   DMACTL0_L
00000502   DMACTL1
00000503   DMACTL1_H
00000502   DMACTL1_L
00000504   DMACTL2
00000505   DMACTL2_H
00000504   DMACTL2_L
00000506   DMACTL3
00000507   DMACTL3_H
00000506   DMACTL3_L
00000508   DMACTL4
00000509   DMACTL4_H
00000508   DMACTL4_L
0000050e   DMAIV
0000050f   DMAIV_H
0000050e   DMAIV_L
00002700   DateTimeChangedFlag
00001800   DeviceConfig_t
00002864   Distance_u16
00000140   FCTL1
00000141   FCTL1_H
00000140   FCTL1_L
00000144   FCTL3
00000145   FCTL3_H
00000144   FCTL3_L
00000146   FCTL4
00000147   FCTL4_H
00000146   FCTL4_L
0000d6c0   Handler_SetLineCoding
00002861   HeartRate_u8
0000e74c   IEP0InterruptHandler
0000eab4   I_LSL
0000d70c   InitClock_v
000004c4   MAC
000004da   MAC32H
000004db   MAC32H_H
000004da   MAC32H_L
000004d8   MAC32L
000004d9   MAC32L_H
000004d8   MAC32L_L
000004c6   MACS
000004de   MACS32H
000004df   MACS32H_H
000004de   MACS32H_L
000004dc   MACS32L
000004dd   MACS32L_H
000004dc   MACS32L_L
000004c7   MACS_H
000004c6   MACS_L
000004c5   MAC_H
000004c4   MAC_L
000004c0   MPY
000004ec   MPY32CTL0
000004ed   MPY32CTL0_H
000004ec   MPY32CTL0_L
000004d2   MPY32H
000004d3   MPY32H_H
000004d2   MPY32H_L
000004d0   MPY32L
000004d1   MPY32L_H
000004d0   MPY32L_L
000004c2   MPYS
000004d6   MPYS32H
000004d7   MPYS32H_H
000004d6   MPYS32H_L
000004d4   MPYS32L
000004d5   MPYS32L_H
000004d4   MPYS32L_L
000004c3   MPYS_H
000004c2   MPYS_L
000004c1   MPY_H
000004c0   MPY_L
0000e7d0   MRFI_DelayMs
0000eaf2   MRFI_GetRadioState
0000b104   MRFI_Init
0000ea52   MRFI_PostKillSem
0000e800   MRFI_RandomByte
0000ea5e   MRFI_Receive
0000d4ca   MRFI_ReplyDelay
0000d87e   MRFI_Rssi
0000de7c   MRFI_RxAddrIsFiltered
0000e654   MRFI_RxCompleteISR
0000dc06   MRFI_RxIdle
0000e22a   MRFI_RxOn
0000d46e   MRFI_SetLogicalChannel
0000d410   MRFI_SetRFPwr
0000e30a   MRFI_Sleep
0000b81c   MRFI_Transmit
0000e10a   MRFI_WakeUp
00002701   MedicineChangedFlag
0000e258   OEP0InterruptHandler
000004c8   OP2
000004e2   OP2H
000004e3   OP2H_H
000004e2   OP2H_L
000004e0   OP2L
000004e1   OP2L_H
000004e0   OP2L_L
000004c9   OP2_H
000004c8   OP2_L
0000020e   P1IV
0000021e   P2IV
000001e0   P4MAP01
000001e1   P4MAP01_H
000001e0   P4MAP01_L
000001e2   P4MAP23
000001e3   P4MAP23_H
000001e2   P4MAP23_L
000001e4   P4MAP45
000001e5   P4MAP45_H
000001e4   P4MAP45_L
000001e6   P4MAP67
000001e7   P4MAP67_H
000001e6   P4MAP67_L
00000204   PADIR
00000205   PADIR_H
00000204   PADIR_L
00000208   PADS
00000209   PADS_H
00000208   PADS_L
0000021a   PAIE
00000218   PAIES
00000219   PAIES_H
00000218   PAIES_L
0000021b   PAIE_H
0000021a   PAIE_L
0000021c   PAIFG
0000021d   PAIFG_H
0000021c   PAIFG_L
00000200   PAIN
00000201   PAIN_H
00000200   PAIN_L
00000202   PAOUT
00000203   PAOUT_H
00000202   PAOUT_L
00000206   PAREN
00000207   PAREN_H
00000206   PAREN_L
0000020a   PASEL
0000020b   PASEL_H
0000020a   PASEL_L
00000224   PBDIR
00000225   PBDIR_H
00000224   PBDIR_L
00000228   PBDS
00000229   PBDS_H
00000228   PBDS_L
00000220   PBIN
00000221   PBIN_H
00000220   PBIN_L
00000222   PBOUT
00000223   PBOUT_H
00000222   PBOUT_L
00000226   PBREN
00000227   PBREN_H
00000226   PBREN_L
0000022a   PBSEL
0000022b   PBSEL_H
0000022a   PBSEL_L
00000244   PCDIR
00000245   PCDIR_H
00000244   PCDIR_L
00000248   PCDS
00000249   PCDS_H
00000248   PCDS_L
00000240   PCIN
00000241   PCIN_H
00000240   PCIN_L
00000242   PCOUT
00000243   PCOUT_H
00000242   PCOUT_L
00000246   PCREN
00000247   PCREN_H
00000246   PCREN_L
0000024a   PCSEL
0000024b   PCSEL_H
0000024a   PCSEL_L
00000324   PJDIR
00000325   PJDIR_H
00000324   PJDIR_L
00000328   PJDS
00000329   PJDS_H
00000328   PJDS_L
00000320   PJIN
00000321   PJIN_H
00000320   PJIN_L
00000322   PJOUT
00000323   PJOUT_H
00000322   PJOUT_L
00000326   PJREN
00000327   PJREN_H
00000326   PJREN_L
00000130   PM5CTL0
00000131   PM5CTL0_H
00000130   PM5CTL0_L
000001c2   PMAPCTL
000001c3   PMAPCTL_H
000001c2   PMAPCTL_L
000001c0   PMAPKEYID
000001c1   PMAPKEYID_H
000001c0   PMAPKEYID_L
00000120   PMMCTL0
00000121   PMMCTL0_H
00000120   PMMCTL0_L
00000122   PMMCTL1
00000123   PMMCTL1_H
00000122   PMMCTL1_L
0000012c   PMMIFG
0000012d   PMMIFG_H
0000012c   PMMIFG_L
0000012e   PMMRIE
0000012f   PMMRIE_H
0000012e   PMMRIE_L
0000dc48   PWRVBUSoffHandler
0000e13a   PWRVBUSonHandler
00000158   RCCTL0
00000159   RCCTL0_H
00000158   RCCTL0_L
000001b0   REFCTL0
000001b1   REFCTL0_H
000001b0   REFCTL0_L
000004e4   RES0
000004e5   RES0_H
000004e4   RES0_L
000004e6   RES1
000004e7   RES1_H
000004e6   RES1_L
000004e8   RES2
000004e9   RES2_H
000004e8   RES2_L
000004ea   RES3
000004eb   RES3_H
000004ea   RES3_L
000004cc   RESHI
000004cd   RESHI_H
000004cc   RESHI_L
000004ca   RESLO
000004cb   RESLO_H
000004ca   RESLO_L
000004ba   RTCADOWDAY
000004bb   RTCADOWDAY_H
000004ba   RTCADOWDAY_L
000004b8   RTCAMINHR
000004b9   RTCAMINHR_H
000004b8   RTCAMINHR_L
000004a0   RTCCTL01
000004a1   RTCCTL01_H
000004a0   RTCCTL01_L
000004a2   RTCCTL23
000004a3   RTCCTL23_H
000004a2   RTCCTL23_L
000004b4   RTCDATE
000004b5   RTCDATE_H
000004b4   RTCDATE_L
000004ae   RTCIV
000004ac   RTCPS
000004a8   RTCPS0CTL
000004a9   RTCPS0CTL_H
000004a8   RTCPS0CTL_L
000004aa   RTCPS1CTL
000004ab   RTCPS1CTL_H
000004aa   RTCPS1CTL_L
000004ad   RTCPS_H
000004ac   RTCPS_L
000004b0   RTCTIM0
000004b1   RTCTIM0_H
000004b0   RTCTIM0_L
000004b2   RTCTIM1
000004b3   RTCTIM1_H
000004b2   RTCTIM1_L
000004b6   RTCYEAR
000004b7   RTCYEAR_H
000004b6   RTCYEAR_L
0000deb6   RTC_Init_v
0000ec70   RandomValue_u8
00000100   SFRIE1
00000101   SFRIE1_H
00000100   SFRIE1_L
00000102   SFRIFG1
00000103   SFRIFG1_H
00000102   SFRIFG1_L
00000104   SFRRPCR
00000105   SFRRPCR_H
00000104   SFRRPCR_L
0000e286   SMPL_Init
0000bbbe   SMPL_Ioctl
0000da6e   SMPL_Receive
0000eaf8   SMPL_Send
0000bcd6   SMPL_SendOpt
000004ce   SUMEXT
000004cf   SUMEXT_H
000004ce   SUMEXT_L
00000124   SVSMHCTL
00000125   SVSMHCTL_H
00000124   SVSMHCTL_L
00000128   SVSMIO
00000129   SVSMIO_H
00000128   SVSMIO_L
00000126   SVSMLCTL
00000127   SVSMLCTL_H
00000126   SVSMLCTL_L
00000198   SYSBERRIV
00000199   SYSBERRIV_H
00000198   SYSBERRIV_L
00000182   SYSBSLC
00000183   SYSBSLC_H
00000182   SYSBSLC_L
00000180   SYSCTL
00000181   SYSCTL_H
00000180   SYSCTL_L
00000186   SYSJMBC
00000187   SYSJMBC_H
00000186   SYSJMBC_L
00000188   SYSJMBI0
00000189   SYSJMBI0_H
00000188   SYSJMBI0_L
0000018a   SYSJMBI1
0000018b   SYSJMBI1_H
0000018a   SYSJMBI1_L
0000018c   SYSJMBO0
0000018d   SYSJMBO0_H
0000018c   SYSJMBO0_L
0000018e   SYSJMBO1
0000018f   SYSJMBO1_H
0000018e   SYSJMBO1_L
0000019e   SYSRSTIV
0000019f   SYSRSTIV_H
0000019e   SYSRSTIV_L
0000019c   SYSSNIV
0000019d   SYSSNIV_H
0000019c   SYSSNIV_L
0000019a   SYSUNIV
0000019b   SYSUNIV_H
0000019a   SYSUNIV_L
0000dd4c   SetVCore
0000dab2   SetupPacketInterruptHandler
00002862   Speed_u8
00000352   TA0CCR0
00000354   TA0CCR1
00000356   TA0CCR2
00000358   TA0CCR3
0000035a   TA0CCR4
00000342   TA0CCTL0
00000344   TA0CCTL1
00000346   TA0CCTL2
00000348   TA0CCTL3
0000034a   TA0CCTL4
00000340   TA0CTL
00000360   TA0EX0
0000036e   TA0IV
00000350   TA0R
00000392   TA1CCR0
00000394   TA1CCR1
00000396   TA1CCR2
00000382   TA1CCTL0
00000384   TA1CCTL1
00000386   TA1CCTL2
00000380   TA1CTL
000003a0   TA1EX0
000003ae   TA1IV
00000390   TA1R
00000412   TA2CCR0
00000414   TA2CCR1
00000416   TA2CCR2
00000402   TA2CCTL0
00000404   TA2CCTL1
00000406   TA2CCTL2
00000400   TA2CTL
00000420   TA2EX0
0000042e   TA2IV
00000410   TA2R
000003d2   TB0CCR0
000003d4   TB0CCR1
000003d6   TB0CCR2
000003d8   TB0CCR3
000003da   TB0CCR4
000003dc   TB0CCR5
000003de   TB0CCR6
000003c2   TB0CCTL0
000003c4   TB0CCTL1
000003c6   TB0CCTL2
000003c8   TB0CCTL3
000003ca   TB0CCTL4
000003cc   TB0CCTL5
000003ce   TB0CCTL6
000003c0   TB0CTL
000003e0   TB0EX0
000003ee   TB0IV
000003d0   TB0R
0000ea08   TIMER0_A1_ISR
0000e634   TX_PacketEnd
00002556   TxBuffer
0000dd0c   UART_Init_v
0000dc8a   UART_recv_async
0000e070   UART_send_async
000005d0   UCA0ABCTL
000005c6   UCA0BRW
000005c7   UCA0BRW_H
000005c6   UCA0BRW_L
000005c0   UCA0CTLW0
000005c1   UCA0CTLW0_H
000005c0   UCA0CTLW0_L
000005dc   UCA0ICTL
000005dd   UCA0ICTL_H
000005dc   UCA0ICTL_L
000005d2   UCA0IRCTL
000005d3   UCA0IRCTL_H
000005d2   UCA0IRCTL_L
000005de   UCA0IV
000005c8   UCA0MCTL
000005cc   UCA0RXBUF
000005ca   UCA0STAT
000005ce   UCA0TXBUF
00000610   UCA1ABCTL
00000606   UCA1BRW
00000607   UCA1BRW_H
00000606   UCA1BRW_L
00000600   UCA1CTLW0
00000601   UCA1CTLW0_H
00000600   UCA1CTLW0_L
0000061c   UCA1ICTL
0000061d   UCA1ICTL_H
0000061c   UCA1ICTL_L
00000612   UCA1IRCTL
00000613   UCA1IRCTL_H
00000612   UCA1IRCTL_L
0000061e   UCA1IV
00000608   UCA1MCTL
0000060c   UCA1RXBUF
0000060a   UCA1STAT
0000060e   UCA1TXBUF
000005e6   UCB0BRW
000005e7   UCB0BRW_H
000005e6   UCB0BRW_L
000005e0   UCB0CTLW0
000005e1   UCB0CTLW0_H
000005e0   UCB0CTLW0_L
000005f0   UCB0I2COA
000005f1   UCB0I2COA_H
000005f0   UCB0I2COA_L
000005f2   UCB0I2CSA
000005f3   UCB0I2CSA_H
000005f2   UCB0I2CSA_L
000005fc   UCB0ICTL
000005fd   UCB0ICTL_H
000005fc   UCB0ICTL_L
000005fe   UCB0IV
000005ec   UCB0RXBUF
000005ea   UCB0STAT
000005ee   UCB0TXBUF
00000626   UCB1BRW
00000627   UCB1BRW_H
00000626   UCB1BRW_L
00000620   UCB1CTLW0
00000621   UCB1CTLW0_H
00000620   UCB1CTLW0_L
00000630   UCB1I2COA
00000631   UCB1I2COA_H
00000630   UCB1I2COA_L
00000632   UCB1I2CSA
00000633   UCB1I2CSA_H
00000632   UCB1I2CSA_L
0000063c   UCB1ICTL
0000063d   UCB1ICTL_H
0000063c   UCB1ICTL_L
0000063e   UCB1IV
0000062c   UCB1RXBUF
0000062a   UCB1STAT
0000062e   UCB1TXBUF
00000160   UCSCTL0
00000161   UCSCTL0_H
00000160   UCSCTL0_L
00000162   UCSCTL1
00000163   UCSCTL1_H
00000162   UCSCTL1_L
00000164   UCSCTL2
00000165   UCSCTL2_H
00000164   UCSCTL2_L
00000166   UCSCTL3
00000167   UCSCTL3_H
00000166   UCSCTL3_L
00000168   UCSCTL4
00000169   UCSCTL4_H
00000168   UCSCTL4_L
0000016a   UCSCTL5
0000016b   UCSCTL5_H
0000016a   UCSCTL5_L
0000016c   UCSCTL6
0000016d   UCSCTL6_H
0000016c   UCSCTL6_L
0000016e   UCSCTL7
0000016f   UCSCTL7_H
0000016e   UCSCTL7_L
00000170   UCSCTL8
00000171   UCSCTL8_H
00000170   UCSCTL8_L
0000dfd0   UNMI_ISR
0000cfc6   USBCDC_bytesInUSBBuffer
0000e9f8   USBCDC_handleDataReceived
0000eb22   USBCDC_handleReceiveCompleted
0000eb26   USBCDC_handleSendCompleted
0000eb2a   USBCDC_handleSetControlLineState
0000eb2e   USBCDC_handleSetLineCoding
0000c82c   USBCDC_intfStatus
0000af54   USBCDC_receiveData
0000d0b2   USBCDC_sendData
00000902   USBCNF
00000903   USBCNF_H
00000902   USBCNF_L
0000093c   USBCTL
0000093a   USBFN
0000093b   USBFN_H
0000093a   USBFN_L
0000093f   USBFUNADR
0000093d   USBIE
00002378   USBIEP0BUF
000023c9   USBIEPBBAX_1
000023d1   USBIEPBBAX_2
000023d9   USBIEPBBAX_3
000023e1   USBIEPBBAX_4
000023e9   USBIEPBBAX_5
000023f1   USBIEPBBAX_6
000023f9   USBIEPBBAX_7
000023cd   USBIEPBBAY_1
000023d5   USBIEPBBAY_2
000023dd   USBIEPBBAY_3
000023e5   USBIEPBBAY_4
000023ed   USBIEPBBAY_5
000023f5   USBIEPBBAY_6
000023fd   USBIEPBBAY_7
000023ca   USBIEPBCTX_1
000023d2   USBIEPBCTX_2
000023da   USBIEPBCTX_3
000023e2   USBIEPBCTX_4
000023ea   USBIEPBCTX_5
000023f2   USBIEPBCTX_6
000023fa   USBIEPBCTX_7
000023ce   USBIEPBCTY_1
000023d6   USBIEPBCTY_2
000023de   USBIEPBCTY_3
000023e6   USBIEPBCTY_4
000023ee   USBIEPBCTY_5
000023f6   USBIEPBCTY_6
000023fe   USBIEPBCTY_7
00000920   USBIEPCNF_0
000023c8   USBIEPCNF_1
000023d0   USBIEPCNF_2
000023d8   USBIEPCNF_3
000023e0   USBIEPCNF_4
000023e8   USBIEPCNF_5
000023f0   USBIEPCNF_6
000023f8   USBIEPCNF_7
00000921   USBIEPCNT_0
0000092e   USBIEPIE
00000930   USBIEPIFG
000023cf   USBIEPSIZXY_1
000023d7   USBIEPSIZXY_2
000023df   USBIEPSIZXY_3
000023e7   USBIEPSIZXY_4
000023ef   USBIEPSIZXY_5
000023f7   USBIEPSIZXY_6
000023ff   USBIEPSIZXY_7
0000093e   USBIFG
00000900   USBKEYID
00000901   USBKEYID_H
00000900   USBKEYID_L
00000936   USBMAINT
00000937   USBMAINT_H
00000936   USBMAINT_L
00002370   USBOEP0BUF
00002389   USBOEPBBAX_1
00002391   USBOEPBBAX_2
00002399   USBOEPBBAX_3
000023a1   USBOEPBBAX_4
000023a9   USBOEPBBAX_5
000023b1   USBOEPBBAX_6
000023b9   USBOEPBBAX_7
0000238d   USBOEPBBAY_1
00002395   USBOEPBBAY_2
0000239d   USBOEPBBAY_3
000023a5   USBOEPBBAY_4
000023ad   USBOEPBBAY_5
000023b5   USBOEPBBAY_6
000023bd   USBOEPBBAY_7
0000238a   USBOEPBCTX_1
00002392   USBOEPBCTX_2
0000239a   USBOEPBCTX_3
000023a2   USBOEPBCTX_4
000023aa   USBOEPBCTX_5
000023b2   USBOEPBCTX_6
000023ba   USBOEPBCTX_7
0000238e   USBOEPBCTY_1
00002396   USBOEPBCTY_2
0000239e   USBOEPBCTY_3
000023a6   USBOEPBCTY_4
000023ae   USBOEPBCTY_5
000023b6   USBOEPBCTY_6
000023be   USBOEPBCTY_7
00000922   USBOEPCNF_0
00002388   USBOEPCNF_1
00002390   USBOEPCNF_2
00002398   USBOEPCNF_3
000023a0   USBOEPCNF_4
000023a8   USBOEPCNF_5
000023b0   USBOEPCNF_6
000023b8   USBOEPCNF_7
00000923   USBOEPCNT_0
0000092f   USBOEPIE
00000931   USBOEPIFG
0000238f   USBOEPSIZXY_1
00002397   USBOEPSIZXY_2
0000239f   USBOEPSIZXY_3
000023a7   USBOEPSIZXY_4
000023af   USBOEPSIZXY_5
000023b7   USBOEPSIZXY_6
000023bf   USBOEPSIZXY_7
00000904   USBPHYCTL
00000905   USBPHYCTL_H
00000904   USBPHYCTL_L
00000910   USBPLLCTL
00000911   USBPLLCTL_H
00000910   USBPLLCTL_L
00000912   USBPLLDIVB
00000913   USBPLLDIVB_H
00000912   USBPLLDIVB_L
00000914   USBPLLIR
00000915   USBPLLIR_H
00000914   USBPLLIR_L
00000908   USBPWRCTL
00000909   USBPWRCTL_H
00000908   USBPWRCTL_L
00001c00   USBSTABUFF
00002380   USBSUBLK
0000236f   USBTOPBUFF
00000938   USBTSREG
00000939   USBTSREG_H
00000938   USBTSREG_L
00000932   USBVECINT
00000933   USBVECINT_H
00000932   USBVECINT_L
0000c8c4   USB_Handler_v
00002950   USB_RX_memcpy
0000294c   USB_TX_memcpy
0000e784   USB_connect
0000e5ce   USB_disable
0000e5f0   USB_disconnect
0000ce42   USB_enable
0000eb32   USB_handleClockEvent
0000eb36   USB_handleEnumCompleteEvent
0000eb3a   USB_handleResetEvent
0000eb3e   USB_handleResumeEvent
0000eb42   USB_handleSuspendEvent
0000eac8   USB_handleVbusOffEvent
0000e898   USB_handleVbusOnEvent
0000ba9e   USB_reset
0000e7e8   USB_resume
0000e2b2   USB_suspend
0000d272   USCI_A1_ISR
0000015c   WDTCTL
0000015d   WDTCTL_H
0000015c   WDTCTL_L
0000e16a   XT2_Start
0000ead0   XT2_Stop
00003400   __STACK_END
000000a0   __STACK_SIZE
0000eafe   __TI_ISR_TRAP
00000001   __TI_args_main
00000001   __TI_auto_init
0000295c   __TI_cleanup_ptr
00002960   __TI_dtors_ptr
00000001   __TI_exit
0000ffd2   __TI_int41
0000ffd4   __TI_int42
0000ffd6   __TI_int43
0000ffd8   __TI_int44
0000ffda   __TI_int45
0000ffdc   __TI_int46
0000ffde   __TI_int47
0000ffe0   __TI_int48
0000ffe2   __TI_int49
0000ffe4   __TI_int50
0000ffe6   __TI_int51
0000ffe8   __TI_int52
0000ffea   __TI_int53
0000ffec   __TI_int54
0000ffee   __TI_int55
0000fff0   __TI_int56
0000fff2   __TI_int57
0000fff4   __TI_int58
0000fff6   __TI_int59
0000fff8   __TI_int60
0000fffa   __TI_int61
0000fffc   __TI_int62
ffffffff   __binit__
00002400   __bss__
ffffffff   __c_args__
0000eed6   __cinit__
00002400   __data__
0000e816   __divu
00002400   __edata__
0000296f   __end__
0000eb66   __etext__
0000e82c   __mpyi_f5hw
ffffffff   __pinit__
0000e816   __remu
0000a000   __text__
0000d8c6   _auto_init
0000e334   _c_int00
0000e334   _c_int00_noexit
00002954   _lock
0000eb60   _nop
0000fffe   _reset_vector
00003360   _stack
0000eaa0   _system_pre_init
00002958   _unlock
00002378   abIEP0Buffer
00002370   abOEP0Buffer
000027fe   abUsbRequestIncomingData
000027f6   abUsbRequestReturnData
0000eb46   abort
00002806   abramSerialStringDescriptor
0000ee00   abromConfigurationDescriptorGroup
0000ee9e   abromDeviceDescriptor
0000ed70   abromStringDescriptor
000028e8   bCDCDataReceived_event
0000282a   bEnumerationStatus
00002829   bFunctionSuspended
00002828   bStatusAction
ffffffff   binit
00002830   bluerobin_on
00002831   bluerobin_start_now
0000e8ac   bluerobin_stop
0000eed6   cinit
00002838   current_packet_size
0000259c   ed_address
000026de   ed_data
00002400   edata
0000296f   end
0000eb66   etext
0000b6d4   iUsbInterruptHandler
00002596   initPacket
000027e8   intBuffer
0000c5a0   isDupSandFFrame
000026b6   led_toggle
0000c78c   main
0000e95a   memcpy
0000e674   memmove
0000eeca   mrfiBroadcastAddr
0000d756   mrfiSpiCmdStrobe
0000e0a4   mrfiSpiInit
000026ff   newDataFlag
000028ff   numUSbEvent
0000eb4a   nwk_NVObj
0000e4ca   nwk_QInit
0000e19a   nwk_QadjustOrder
0000b41c   nwk_QfindOldest
0000cec6   nwk_QfindSlot
0000cdbc   nwk_SendEmptyPollRspFrame
0000c1cc   nwk_allocateLocalRxPort
0000e612   nwk_buildAckReqFrame
0000c9e8   nwk_buildFrame
0000e2de   nwk_checkAppMsgTID
0000e4f0   nwk_checkConnInfo
0000e694   nwk_connectionControl
0000e0d8   nwk_deviceAddress
0000d90e   nwk_findAlreadyJoined
0000daf6   nwk_findPeer
0000e5aa   nwk_frameInit
0000eb04   nwk_freeConnection
0000eb62   nwk_freqInit
0000eb0a   nwk_getBCastAddress
0000e35e   nwk_getConnInfo
0000eb10   nwk_getFWVersion
0000e96c   nwk_getJoinToken
0000e97e   nwk_getLinkToken
0000e990   nwk_getMyAddress
0000eb16   nwk_getMyRxType
0000def0   nwk_getNextConnection
0000ea6a   nwk_getNumObjectFromMsg
0000eb4e   nwk_getProtocolVersion
0000ea18   nwk_getQ
0000eb1c   nwk_getSFInfoPtr
0000d03e   nwk_getSandFFrame
0000e388   nwk_globalsInit
0000c956   nwk_isConnectionValid
0000db3a   nwk_isLinkDuplicate
0000d9e2   nwk_isSandFClient
0000d7a0   nwk_isValidReply
0000eb52   nwk_join
0000e8c0   nwk_joinContext
0000dd8a   nwk_joinInit
0000e3b2   nwk_linkInit
0000e768   nwk_mgmtInit
0000cd34   nwk_nwkInit
0000eaaa   nwk_pingInit
0000eb56   nwk_processFreq
0000d57a   nwk_processJoin
0000c43c   nwk_processLink
0000c36e   nwk_processMgmt
0000d2e0   nwk_processPing
0000eb5a   nwk_processSecurity
0000df62   nwk_putNumObjectIntoMsg
0000c646   nwk_radioControl
0000e1ca   nwk_rawReceive
0000d5cc   nwk_rawSend
0000ddc8   nwk_replayFrame
0000ead8   nwk_resetSFMarker
0000c6ea   nwk_retrieveFrame
0000d34c   nwk_saveJoinedDevice
0000eb64   nwk_securityInit
0000cf46   nwk_sendAckReply
0000e1fa   nwk_sendFrame
0000ea36   nwk_setJoinContext
0000e9a2   nwk_setJoinToken
0000e9b4   nwk_setLinkToken
0000e6d4   nwk_setMyAddress
00002518   packet_ready_flag
00001c00   pbXBufferAddressEp1
00001d00   pbXBufferAddressEp2
00001e00   pbXBufferAddressEp3
00001f00   pbXBufferAddressEp4
00002000   pbXBufferAddressEp5
00002100   pbXBufferAddressEp6
00002200   pbXBufferAddressEp7
00001c80   pbXBufferAddressEp81
00001d80   pbXBufferAddressEp82
00001e80   pbXBufferAddressEp83
00001f80   pbXBufferAddressEp84
00002080   pbXBufferAddressEp85
00002180   pbXBufferAddressEp86
00002280   pbXBufferAddressEp87
00001c40   pbYBufferAddressEp1
00001d40   pbYBufferAddressEp2
00001e40   pbYBufferAddressEp3
00001f40   pbYBufferAddressEp4
00002040   pbYBufferAddressEp5
00002140   pbYBufferAddressEp6
00002240   pbYBufferAddressEp7
00001cc0   pbYBufferAddressEp81
00001dc0   pbYBufferAddressEp82
00001ec0   pbYBufferAddressEp83
00001fc0   pbYBufferAddressEp84
000020c0   pbYBufferAddressEp85
000021c0   pbYBufferAddressEp86
000022c0   pbYBufferAddressEp87
ffffffff   pinit
00002835   ptrTX
00002780   rxBuffer
000027e4   rxCompleteFlag
000027e7   rxIdx
00002519   rxtx_flag
0000e8d4   sCB
000027e9   sInit_done
000026be   simpliciti_data
000026bd   simpliciti_flag
0000a000   simpliciti_main
0000282f   simpliciti_on
00002832   simpliciti_start_now
000028ea   simpliciti_sync_buffer
000028fe   simpliciti_sync_buffer_status
0000eeb0   stUsbHandle
000026fe   status_code
0000274e   stringBuffer
0000282e   system_status
00000920   tEndPoint0DescriptorBlock
000023c8   tInputEndPointDescriptorBlock
00002388   tOutputEndPointDescriptorBlock
00002380   tSetupPacket
0000eb66   tUsbRequestList
00002704   t_batt
00002714   t_day
00002722   t_dow
00002710   t_heart
0000271c   t_hour
00002734   t_medhour
0000271e   t_minute
00002716   t_month
00002720   t_second
00002708   t_signal
0000270c   t_temperature
00002718   t_year
0000251a   total_packets
000027b2   txBuffer
000027e5   txCompleteFlag
000027e6   txIdx
0000e516   usbClearDeviceFeature
0000d524   usbClearEndpointFeature
0000ca78   usbDecodeAndProcessUsbRequest
0000e8e8   usbGetConfiguration
0000e842   usbGetConfigurationDescriptor
0000e858   usbGetDeviceDescriptor
0000e3dc   usbGetDeviceStatus
0000d124   usbGetEndpointStatus
0000e6f2   usbGetInterface
0000e710   usbGetInterfaceStatus
0000d61e   usbGetLineCoding
0000d7ea   usbGetStringDescriptor
0000e9c6   usbInvalidRequest
0000e8fc   usbReceiveDataPacketOnEP0
0000da28   usbReceiveNextPacketOnOEP0
0000e6b4   usbSendDataPacketOnEP0
0000d194   usbSendNextPacketOnIEP0
0000ea44   usbSendZeroLengthPacketOnIEP0
0000e006   usbSetAddress
0000e456   usbSetConfiguration
0000e910   usbSetControlLineState
0000e53c   usbSetDeviceFeature
0000d670   usbSetEndpointFeature
0000e79e   usbSetInterface
0000ea76   usbSetLineCoding
0000283c   usb_buffer
0000285e   usb_bufferIndex
0000abbe   usb_decode
0000285f   usb_newdata
00002860   usb_sendack
000027ec   wBytesRemainingOnIEP0
000027ee   wBytesRemainingOnOEP0
0000282c   wUsbEventMask
00002724   watch_day
00002732   watch_dow
0000272c   watch_hour
0000272e   watch_minute
00002726   watch_month
00002730   watch_second
00002728   watch_year
0000e86e   wbsl_GpioIsr
00002839   wbsl_OPCode
0000c4f6   wbsl_RfIsr
0000d834   wbsl_SpiCmdStrobe
0000e72e   wbsl_SpiReadReg
0000eabe   wbsl_SpiReadRxFifo
0000251c   wbsl_data
00002554   wbsl_data_length
00002516   wbsl_flag
00002837   wbsl_inc
00002833   wbsl_on
0000283a   wbsl_packetLength
00002517   wbsl_packet_flag
00002836   wbsl_size
00002834   wbsl_start_now
00002594   wbsl_status


GLOBAL SYMBOLS: SORTED BY Symbol Address 

address    name
--------   ----
00000001   __TI_args_main
00000001   __TI_auto_init
00000001   __TI_exit
000000a0   __STACK_SIZE
00000100   SFRIE1
00000100   SFRIE1_L
00000101   SFRIE1_H
00000102   SFRIFG1
00000102   SFRIFG1_L
00000103   SFRIFG1_H
00000104   SFRRPCR
00000104   SFRRPCR_L
00000105   SFRRPCR_H
00000120   PMMCTL0
00000120   PMMCTL0_L
00000121   PMMCTL0_H
00000122   PMMCTL1
00000122   PMMCTL1_L
00000123   PMMCTL1_H
00000124   SVSMHCTL
00000124   SVSMHCTL_L
00000125   SVSMHCTL_H
00000126   SVSMLCTL
00000126   SVSMLCTL_L
00000127   SVSMLCTL_H
00000128   SVSMIO
00000128   SVSMIO_L
00000129   SVSMIO_H
0000012c   PMMIFG
0000012c   PMMIFG_L
0000012d   PMMIFG_H
0000012e   PMMRIE
0000012e   PMMRIE_L
0000012f   PMMRIE_H
00000130   PM5CTL0
00000130   PM5CTL0_L
00000131   PM5CTL0_H
00000140   FCTL1
00000140   FCTL1_L
00000141   FCTL1_H
00000144   FCTL3
00000144   FCTL3_L
00000145   FCTL3_H
00000146   FCTL4
00000146   FCTL4_L
00000147   FCTL4_H
00000150   CRCDI
00000150   CRCDI_L
00000151   CRCDI_H
00000152   CRCDIRB
00000152   CRCDIRB_L
00000153   CRCDIRB_H
00000154   CRCINIRES
00000154   CRCINIRES_L
00000155   CRCINIRES_H
00000156   CRCRESR
00000156   CRCRESR_L
00000157   CRCRESR_H
00000158   RCCTL0
00000158   RCCTL0_L
00000159   RCCTL0_H
0000015c   WDTCTL
0000015c   WDTCTL_L
0000015d   WDTCTL_H
00000160   UCSCTL0
00000160   UCSCTL0_L
00000161   UCSCTL0_H
00000162   UCSCTL1
00000162   UCSCTL1_L
00000163   UCSCTL1_H
00000164   UCSCTL2
00000164   UCSCTL2_L
00000165   UCSCTL2_H
00000166   UCSCTL3
00000166   UCSCTL3_L
00000167   UCSCTL3_H
00000168   UCSCTL4
00000168   UCSCTL4_L
00000169   UCSCTL4_H
0000016a   UCSCTL5
0000016a   UCSCTL5_L
0000016b   UCSCTL5_H
0000016c   UCSCTL6
0000016c   UCSCTL6_L
0000016d   UCSCTL6_H
0000016e   UCSCTL7
0000016e   UCSCTL7_L
0000016f   UCSCTL7_H
00000170   UCSCTL8
00000170   UCSCTL8_L
00000171   UCSCTL8_H
00000180   SYSCTL
00000180   SYSCTL_L
00000181   SYSCTL_H
00000182   SYSBSLC
00000182   SYSBSLC_L
00000183   SYSBSLC_H
00000186   SYSJMBC
00000186   SYSJMBC_L
00000187   SYSJMBC_H
00000188   SYSJMBI0
00000188   SYSJMBI0_L
00000189   SYSJMBI0_H
0000018a   SYSJMBI1
0000018a   SYSJMBI1_L
0000018b   SYSJMBI1_H
0000018c   SYSJMBO0
0000018c   SYSJMBO0_L
0000018d   SYSJMBO0_H
0000018e   SYSJMBO1
0000018e   SYSJMBO1_L
0000018f   SYSJMBO1_H
00000198   SYSBERRIV
00000198   SYSBERRIV_L
00000199   SYSBERRIV_H
0000019a   SYSUNIV
0000019a   SYSUNIV_L
0000019b   SYSUNIV_H
0000019c   SYSSNIV
0000019c   SYSSNIV_L
0000019d   SYSSNIV_H
0000019e   SYSRSTIV
0000019e   SYSRSTIV_L
0000019f   SYSRSTIV_H
000001b0   REFCTL0
000001b0   REFCTL0_L
000001b1   REFCTL0_H
000001c0   PMAPKEYID
000001c0   PMAPKEYID_L
000001c1   PMAPKEYID_H
000001c2   PMAPCTL
000001c2   PMAPCTL_L
000001c3   PMAPCTL_H
000001e0   P4MAP01
000001e0   P4MAP01_L
000001e1   P4MAP01_H
000001e2   P4MAP23
000001e2   P4MAP23_L
000001e3   P4MAP23_H
000001e4   P4MAP45
000001e4   P4MAP45_L
000001e5   P4MAP45_H
000001e6   P4MAP67
000001e6   P4MAP67_L
000001e7   P4MAP67_H
00000200   PAIN
00000200   PAIN_L
00000201   PAIN_H
00000202   PAOUT
00000202   PAOUT_L
00000203   PAOUT_H
00000204   PADIR
00000204   PADIR_L
00000205   PADIR_H
00000206   PAREN
00000206   PAREN_L
00000207   PAREN_H
00000208   PADS
00000208   PADS_L
00000209   PADS_H
0000020a   PASEL
0000020a   PASEL_L
0000020b   PASEL_H
0000020e   P1IV
00000218   PAIES
00000218   PAIES_L
00000219   PAIES_H
0000021a   PAIE
0000021a   PAIE_L
0000021b   PAIE_H
0000021c   PAIFG
0000021c   PAIFG_L
0000021d   PAIFG_H
0000021e   P2IV
00000220   PBIN
00000220   PBIN_L
00000221   PBIN_H
00000222   PBOUT
00000222   PBOUT_L
00000223   PBOUT_H
00000224   PBDIR
00000224   PBDIR_L
00000225   PBDIR_H
00000226   PBREN
00000226   PBREN_L
00000227   PBREN_H
00000228   PBDS
00000228   PBDS_L
00000229   PBDS_H
0000022a   PBSEL
0000022a   PBSEL_L
0000022b   PBSEL_H
00000240   PCIN
00000240   PCIN_L
00000241   PCIN_H
00000242   PCOUT
00000242   PCOUT_L
00000243   PCOUT_H
00000244   PCDIR
00000244   PCDIR_L
00000245   PCDIR_H
00000246   PCREN
00000246   PCREN_L
00000247   PCREN_H
00000248   PCDS
00000248   PCDS_L
00000249   PCDS_H
0000024a   PCSEL
0000024a   PCSEL_L
0000024b   PCSEL_H
00000320   PJIN
00000320   PJIN_L
00000321   PJIN_H
00000322   PJOUT
00000322   PJOUT_L
00000323   PJOUT_H
00000324   PJDIR
00000324   PJDIR_L
00000325   PJDIR_H
00000326   PJREN
00000326   PJREN_L
00000327   PJREN_H
00000328   PJDS
00000328   PJDS_L
00000329   PJDS_H
00000340   TA0CTL
00000342   TA0CCTL0
00000344   TA0CCTL1
00000346   TA0CCTL2
00000348   TA0CCTL3
0000034a   TA0CCTL4
00000350   TA0R
00000352   TA0CCR0
00000354   TA0CCR1
00000356   TA0CCR2
00000358   TA0CCR3
0000035a   TA0CCR4
00000360   TA0EX0
0000036e   TA0IV
00000380   TA1CTL
00000382   TA1CCTL0
00000384   TA1CCTL1
00000386   TA1CCTL2
00000390   TA1R
00000392   TA1CCR0
00000394   TA1CCR1
00000396   TA1CCR2
000003a0   TA1EX0
000003ae   TA1IV
000003c0   TB0CTL
000003c2   TB0CCTL0
000003c4   TB0CCTL1
000003c6   TB0CCTL2
000003c8   TB0CCTL3
000003ca   TB0CCTL4
000003cc   TB0CCTL5
000003ce   TB0CCTL6
000003d0   TB0R
000003d2   TB0CCR0
000003d4   TB0CCR1
000003d6   TB0CCR2
000003d8   TB0CCR3
000003da   TB0CCR4
000003dc   TB0CCR5
000003de   TB0CCR6
000003e0   TB0EX0
000003ee   TB0IV
00000400   TA2CTL
00000402   TA2CCTL0
00000404   TA2CCTL1
00000406   TA2CCTL2
00000410   TA2R
00000412   TA2CCR0
00000414   TA2CCR1
00000416   TA2CCR2
00000420   TA2EX0
0000042e   TA2IV
000004a0   RTCCTL01
000004a0   RTCCTL01_L
000004a1   RTCCTL01_H
000004a2   RTCCTL23
000004a2   RTCCTL23_L
000004a3   RTCCTL23_H
000004a8   RTCPS0CTL
000004a8   RTCPS0CTL_L
000004a9   RTCPS0CTL_H
000004aa   RTCPS1CTL
000004aa   RTCPS1CTL_L
000004ab   RTCPS1CTL_H
000004ac   RTCPS
000004ac   RTCPS_L
000004ad   RTCPS_H
000004ae   RTCIV
000004b0   RTCTIM0
000004b0   RTCTIM0_L
000004b1   RTCTIM0_H
000004b2   RTCTIM1
000004b2   RTCTIM1_L
000004b3   RTCTIM1_H
000004b4   RTCDATE
000004b4   RTCDATE_L
000004b5   RTCDATE_H
000004b6   RTCYEAR
000004b6   RTCYEAR_L
000004b7   RTCYEAR_H
000004b8   RTCAMINHR
000004b8   RTCAMINHR_L
000004b9   RTCAMINHR_H
000004ba   RTCADOWDAY
000004ba   RTCADOWDAY_L
000004bb   RTCADOWDAY_H
000004c0   MPY
000004c0   MPY_L
000004c1   MPY_H
000004c2   MPYS
000004c2   MPYS_L
000004c3   MPYS_H
000004c4   MAC
000004c4   MAC_L
000004c5   MAC_H
000004c6   MACS
000004c6   MACS_L
000004c7   MACS_H
000004c8   OP2
000004c8   OP2_L
000004c9   OP2_H
000004ca   RESLO
000004ca   RESLO_L
000004cb   RESLO_H
000004cc   RESHI
000004cc   RESHI_L
000004cd   RESHI_H
000004ce   SUMEXT
000004ce   SUMEXT_L
000004cf   SUMEXT_H
000004d0   MPY32L
000004d0   MPY32L_L
000004d1   MPY32L_H
000004d2   MPY32H
000004d2   MPY32H_L
000004d3   MPY32H_H
000004d4   MPYS32L
000004d4   MPYS32L_L
000004d5   MPYS32L_H
000004d6   MPYS32H
000004d6   MPYS32H_L
000004d7   MPYS32H_H
000004d8   MAC32L
000004d8   MAC32L_L
000004d9   MAC32L_H
000004da   MAC32H
000004da   MAC32H_L
000004db   MAC32H_H
000004dc   MACS32L
000004dc   MACS32L_L
000004dd   MACS32L_H
000004de   MACS32H
000004de   MACS32H_L
000004df   MACS32H_H
000004e0   OP2L
000004e0   OP2L_L
000004e1   OP2L_H
000004e2   OP2H
000004e2   OP2H_L
000004e3   OP2H_H
000004e4   RES0
000004e4   RES0_L
000004e5   RES0_H
000004e6   RES1
000004e6   RES1_L
000004e7   RES1_H
000004e8   RES2
000004e8   RES2_L
000004e9   RES2_H
000004ea   RES3
000004ea   RES3_L
000004eb   RES3_H
000004ec   MPY32CTL0
000004ec   MPY32CTL0_L
000004ed   MPY32CTL0_H
00000500   DMACTL0
00000500   DMACTL0_L
00000501   DMACTL0_H
00000502   DMACTL1
00000502   DMACTL1_L
00000503   DMACTL1_H
00000504   DMACTL2
00000504   DMACTL2_L
00000505   DMACTL2_H
00000506   DMACTL3
00000506   DMACTL3_L
00000507   DMACTL3_H
00000508   DMACTL4
00000508   DMACTL4_L
00000509   DMACTL4_H
0000050e   DMAIV
0000050e   DMAIV_L
0000050f   DMAIV_H
00000510   DMA0CTL
00000510   DMA0CTL_L
00000511   DMA0CTL_H
00000512   DMA0SA
00000512   DMA0SAL
00000514   DMA0SAH
00000516   DMA0DA
00000516   DMA0DAL
00000518   DMA0DAH
0000051a   DMA0SZ
00000520   DMA1CTL
00000520   DMA1CTL_L
00000521   DMA1CTL_H
00000522   DMA1SA
00000522   DMA1SAL
00000524   DMA1SAH
00000526   DMA1DA
00000526   DMA1DAL
00000528   DMA1DAH
0000052a   DMA1SZ
00000530   DMA2CTL
00000530   DMA2CTL_L
00000531   DMA2CTL_H
00000532   DMA2SA
00000532   DMA2SAL
00000534   DMA2SAH
00000536   DMA2DA
00000536   DMA2DAL
00000538   DMA2DAH
0000053a   DMA2SZ
000005c0   UCA0CTLW0
000005c0   UCA0CTLW0_L
000005c1   UCA0CTLW0_H
000005c6   UCA0BRW
000005c6   UCA0BRW_L
000005c7   UCA0BRW_H
000005c8   UCA0MCTL
000005ca   UCA0STAT
000005cc   UCA0RXBUF
000005ce   UCA0TXBUF
000005d0   UCA0ABCTL
000005d2   UCA0IRCTL
000005d2   UCA0IRCTL_L
000005d3   UCA0IRCTL_H
000005dc   UCA0ICTL
000005dc   UCA0ICTL_L
000005dd   UCA0ICTL_H
000005de   UCA0IV
000005e0   UCB0CTLW0
000005e0   UCB0CTLW0_L
000005e1   UCB0CTLW0_H
000005e6   UCB0BRW
000005e6   UCB0BRW_L
000005e7   UCB0BRW_H
000005ea   UCB0STAT
000005ec   UCB0RXBUF
000005ee   UCB0TXBUF
000005f0   UCB0I2COA
000005f0   UCB0I2COA_L
000005f1   UCB0I2COA_H
000005f2   UCB0I2CSA
000005f2   UCB0I2CSA_L
000005f3   UCB0I2CSA_H
000005fc   UCB0ICTL
000005fc   UCB0ICTL_L
000005fd   UCB0ICTL_H
000005fe   UCB0IV
00000600   UCA1CTLW0
00000600   UCA1CTLW0_L
00000601   UCA1CTLW0_H
00000606   UCA1BRW
00000606   UCA1BRW_L
00000607   UCA1BRW_H
00000608   UCA1MCTL
0000060a   UCA1STAT
0000060c   UCA1RXBUF
0000060e   UCA1TXBUF
00000610   UCA1ABCTL
00000612   UCA1IRCTL
00000612   UCA1IRCTL_L
00000613   UCA1IRCTL_H
0000061c   UCA1ICTL
0000061c   UCA1ICTL_L
0000061d   UCA1ICTL_H
0000061e   UCA1IV
00000620   UCB1CTLW0
00000620   UCB1CTLW0_L
00000621   UCB1CTLW0_H
00000626   UCB1BRW
00000626   UCB1BRW_L
00000627   UCB1BRW_H
0000062a   UCB1STAT
0000062c   UCB1RXBUF
0000062e   UCB1TXBUF
00000630   UCB1I2COA
00000630   UCB1I2COA_L
00000631   UCB1I2COA_H
00000632   UCB1I2CSA
00000632   UCB1I2CSA_L
00000633   UCB1I2CSA_H
0000063c   UCB1ICTL
0000063c   UCB1ICTL_L
0000063d   UCB1ICTL_H
0000063e   UCB1IV
00000740   ADC10CTL0
00000740   ADC10CTL0_L
00000741   ADC10CTL0_H
00000742   ADC10CTL1
00000742   ADC10CTL1_L
00000743   ADC10CTL1_H
00000744   ADC10CTL2
00000744   ADC10CTL2_L
00000745   ADC10CTL2_H
00000746   ADC10LO
00000746   ADC10LO_L
00000747   ADC10LO_H
00000748   ADC10HI
00000748   ADC10HI_L
00000749   ADC10HI_H
0000074a   ADC10MCTL0
0000074a   ADC10MCTL0_L
0000074b   ADC10MCTL0_H
00000752   ADC10MEM0
00000752   ADC10MEM0_L
00000753   ADC10MEM0_H
0000075a   ADC10IE
0000075a   ADC10IE_L
0000075b   ADC10IE_H
0000075c   ADC10IFG
0000075c   ADC10IFG_L
0000075d   ADC10IFG_H
0000075e   ADC10IV
0000075e   ADC10IV_L
0000075f   ADC10IV_H
000008c0   CBCTL0
000008c0   CBCTL0_L
000008c1   CBCTL0_H
000008c2   CBCTL1
000008c2   CBCTL1_L
000008c3   CBCTL1_H
000008c4   CBCTL2
000008c4   CBCTL2_L
000008c5   CBCTL2_H
000008c6   CBCTL3
000008c6   CBCTL3_L
000008c7   CBCTL3_H
000008cc   CBINT
000008cc   CBINT_L
000008cd   CBINT_H
000008ce   CBIV
00000900   USBKEYID
00000900   USBKEYID_L
00000901   USBKEYID_H
00000902   USBCNF
00000902   USBCNF_L
00000903   USBCNF_H
00000904   USBPHYCTL
00000904   USBPHYCTL_L
00000905   USBPHYCTL_H
00000908   USBPWRCTL
00000908   USBPWRCTL_L
00000909   USBPWRCTL_H
00000910   USBPLLCTL
00000910   USBPLLCTL_L
00000911   USBPLLCTL_H
00000912   USBPLLDIVB
00000912   USBPLLDIVB_L
00000913   USBPLLDIVB_H
00000914   USBPLLIR
00000914   USBPLLIR_L
00000915   USBPLLIR_H
00000920   USBIEPCNF_0
00000920   tEndPoint0DescriptorBlock
00000921   USBIEPCNT_0
00000922   USBOEPCNF_0
00000923   USBOEPCNT_0
0000092e   USBIEPIE
0000092f   USBOEPIE
00000930   USBIEPIFG
00000931   USBOEPIFG
00000932   USBVECINT
00000932   USBVECINT_L
00000933   USBVECINT_H
00000936   USBMAINT
00000936   USBMAINT_L
00000937   USBMAINT_H
00000938   USBTSREG
00000938   USBTSREG_L
00000939   USBTSREG_H
0000093a   USBFN
0000093a   USBFN_L
0000093b   USBFN_H
0000093c   USBCTL
0000093d   USBIE
0000093e   USBIFG
0000093f   USBFUNADR
00001800   DeviceConfig_t
00001c00   USBSTABUFF
00001c00   pbXBufferAddressEp1
00001c40   pbYBufferAddressEp1
00001c80   pbXBufferAddressEp81
00001cc0   pbYBufferAddressEp81
00001d00   pbXBufferAddressEp2
00001d40   pbYBufferAddressEp2
00001d80   pbXBufferAddressEp82
00001dc0   pbYBufferAddressEp82
00001e00   pbXBufferAddressEp3
00001e40   pbYBufferAddressEp3
00001e80   pbXBufferAddressEp83
00001ec0   pbYBufferAddressEp83
00001f00   pbXBufferAddressEp4
00001f40   pbYBufferAddressEp4
00001f80   pbXBufferAddressEp84
00001fc0   pbYBufferAddressEp84
00002000   pbXBufferAddressEp5
00002040   pbYBufferAddressEp5
00002080   pbXBufferAddressEp85
000020c0   pbYBufferAddressEp85
00002100   pbXBufferAddressEp6
00002140   pbYBufferAddressEp6
00002180   pbXBufferAddressEp86
000021c0   pbYBufferAddressEp86
00002200   pbXBufferAddressEp7
00002240   pbYBufferAddressEp7
00002280   pbXBufferAddressEp87
000022c0   pbYBufferAddressEp87
0000236f   USBTOPBUFF
00002370   USBOEP0BUF
00002370   abOEP0Buffer
00002378   USBIEP0BUF
00002378   abIEP0Buffer
00002380   USBSUBLK
00002380   tSetupPacket
00002388   USBOEPCNF_1
00002388   tOutputEndPointDescriptorBlock
00002389   USBOEPBBAX_1
0000238a   USBOEPBCTX_1
0000238d   USBOEPBBAY_1
0000238e   USBOEPBCTY_1
0000238f   USBOEPSIZXY_1
00002390   USBOEPCNF_2
00002391   USBOEPBBAX_2
00002392   USBOEPBCTX_2
00002395   USBOEPBBAY_2
00002396   USBOEPBCTY_2
00002397   USBOEPSIZXY_2
00002398   USBOEPCNF_3
00002399   USBOEPBBAX_3
0000239a   USBOEPBCTX_3
0000239d   USBOEPBBAY_3
0000239e   USBOEPBCTY_3
0000239f   USBOEPSIZXY_3
000023a0   USBOEPCNF_4
000023a1   USBOEPBBAX_4
000023a2   USBOEPBCTX_4
000023a5   USBOEPBBAY_4
000023a6   USBOEPBCTY_4
000023a7   USBOEPSIZXY_4
000023a8   USBOEPCNF_5
000023a9   USBOEPBBAX_5
000023aa   USBOEPBCTX_5
000023ad   USBOEPBBAY_5
000023ae   USBOEPBCTY_5
000023af   USBOEPSIZXY_5
000023b0   USBOEPCNF_6
000023b1   USBOEPBBAX_6
000023b2   USBOEPBCTX_6
000023b5   USBOEPBBAY_6
000023b6   USBOEPBCTY_6
000023b7   USBOEPSIZXY_6
000023b8   USBOEPCNF_7
000023b9   USBOEPBBAX_7
000023ba   USBOEPBCTX_7
000023bd   USBOEPBBAY_7
000023be   USBOEPBCTY_7
000023bf   USBOEPSIZXY_7
000023c8   USBIEPCNF_1
000023c8   tInputEndPointDescriptorBlock
000023c9   USBIEPBBAX_1
000023ca   USBIEPBCTX_1
000023cd   USBIEPBBAY_1
000023ce   USBIEPBCTY_1
000023cf   USBIEPSIZXY_1
000023d0   USBIEPCNF_2
000023d1   USBIEPBBAX_2
000023d2   USBIEPBCTX_2
000023d5   USBIEPBBAY_2
000023d6   USBIEPBCTY_2
000023d7   USBIEPSIZXY_2
000023d8   USBIEPCNF_3
000023d9   USBIEPBBAX_3
000023da   USBIEPBCTX_3
000023dd   USBIEPBBAY_3
000023de   USBIEPBCTY_3
000023df   USBIEPSIZXY_3
000023e0   USBIEPCNF_4
000023e1   USBIEPBBAX_4
000023e2   USBIEPBCTX_4
000023e5   USBIEPBBAY_4
000023e6   USBIEPBCTY_4
000023e7   USBIEPSIZXY_4
000023e8   USBIEPCNF_5
000023e9   USBIEPBBAX_5
000023ea   USBIEPBCTX_5
000023ed   USBIEPBBAY_5
000023ee   USBIEPBCTY_5
000023ef   USBIEPSIZXY_5
000023f0   USBIEPCNF_6
000023f1   USBIEPBBAX_6
000023f2   USBIEPBCTX_6
000023f5   USBIEPBBAY_6
000023f6   USBIEPBCTY_6
000023f7   USBIEPSIZXY_6
000023f8   USBIEPCNF_7
000023f9   USBIEPBBAX_7
000023fa   USBIEPBCTX_7
000023fd   USBIEPBBAY_7
000023fe   USBIEPBCTY_7
000023ff   USBIEPSIZXY_7
00002400   .bss
00002400   .data
00002400   __bss__
00002400   __data__
00002400   __edata__
00002400   edata
00002516   wbsl_flag
00002517   wbsl_packet_flag
00002518   packet_ready_flag
00002519   rxtx_flag
0000251a   total_packets
0000251c   wbsl_data
00002554   wbsl_data_length
00002556   TxBuffer
00002594   wbsl_status
00002596   initPacket
0000259c   ed_address
000026b6   led_toggle
000026bd   simpliciti_flag
000026be   simpliciti_data
000026de   ed_data
000026fe   status_code
000026ff   newDataFlag
00002700   DateTimeChangedFlag
00002701   MedicineChangedFlag
00002702   AlarmChangedFlag
00002704   t_batt
00002708   t_signal
0000270c   t_temperature
00002710   t_heart
00002714   t_day
00002716   t_month
00002718   t_year
0000271c   t_hour
0000271e   t_minute
00002720   t_second
00002722   t_dow
00002724   watch_day
00002726   watch_month
00002728   watch_year
0000272c   watch_hour
0000272e   watch_minute
00002730   watch_second
00002732   watch_dow
00002734   t_medhour
0000274e   stringBuffer
00002780   rxBuffer
000027b2   txBuffer
000027e4   rxCompleteFlag
000027e5   txCompleteFlag
000027e6   txIdx
000027e7   rxIdx
000027e8   intBuffer
000027e9   sInit_done
000027ec   wBytesRemainingOnIEP0
000027ee   wBytesRemainingOnOEP0
000027f6   abUsbRequestReturnData
000027fe   abUsbRequestIncomingData
00002806   abramSerialStringDescriptor
00002828   bStatusAction
00002829   bFunctionSuspended
0000282a   bEnumerationStatus
0000282c   wUsbEventMask
0000282e   system_status
0000282f   simpliciti_on
00002830   bluerobin_on
00002831   bluerobin_start_now
00002832   simpliciti_start_now
00002833   wbsl_on
00002834   wbsl_start_now
00002835   ptrTX
00002836   wbsl_size
00002837   wbsl_inc
00002838   current_packet_size
00002839   wbsl_OPCode
0000283a   wbsl_packetLength
0000283c   usb_buffer
0000285e   usb_bufferIndex
0000285f   usb_newdata
00002860   usb_sendack
00002861   HeartRate_u8
00002862   Speed_u8
00002864   Distance_u16
000028e8   bCDCDataReceived_event
000028ea   simpliciti_sync_buffer
000028fe   simpliciti_sync_buffer_status
000028ff   numUSbEvent
00002900   BRTX_PacketState_u8
00002902   BRTX_StatusFlags_t
00002904   BRTX_ConfigFlags_t
00002905   BRTX_PacketChannel_u8
00002906   BRTX_FirstPacketTime_u16
00002908   BRTX_BasicPeriodTime_u16
0000290a   BRTX_ID_u32
0000290e   BRTX_SC_u8
00002910   BRTX_FirstData_u32
00002914   BRTX_SecondData_u8
00002938   BRTX_PacketBits_t
0000294c   USB_TX_memcpy
00002950   USB_RX_memcpy
00002954   _lock
00002958   _unlock
0000295c   __TI_cleanup_ptr
00002960   __TI_dtors_ptr
0000296a   CC_OscStartupTime_u16
0000296c   CC_256ByteWriteTime_u16
0000296f   __end__
0000296f   end
00003360   _stack
00003400   __STACK_END
0000a000   .text
0000a000   __text__
0000a000   simpliciti_main
0000abbe   usb_decode
0000af54   USBCDC_receiveData
0000b104   MRFI_Init
0000b41c   nwk_QfindOldest
0000b57c   CdcToHostFromBuffer
0000b6d4   iUsbInterruptHandler
0000b81c   MRFI_Transmit
0000ba9e   USB_reset
0000bbbe   SMPL_Ioctl
0000bcd6   SMPL_SendOpt
0000bfea   CdcToBufferFromHost
0000c1cc   nwk_allocateLocalRxPort
0000c36e   nwk_processMgmt
0000c43c   nwk_processLink
0000c4f6   wbsl_RfIsr
0000c5a0   isDupSandFFrame
0000c646   nwk_radioControl
0000c6ea   nwk_retrieveFrame
0000c78c   main
0000c82c   USBCDC_intfStatus
0000c8c4   USB_Handler_v
0000c956   nwk_isConnectionValid
0000c9e8   nwk_buildFrame
0000ca78   usbDecodeAndProcessUsbRequest
0000cb08   CC_SPI_Init_v
0000cd34   nwk_nwkInit
0000cdbc   nwk_SendEmptyPollRspFrame
0000ce42   USB_enable
0000cec6   nwk_QfindSlot
0000cf46   nwk_sendAckReply
0000cfc6   USBCDC_bytesInUSBBuffer
0000d03e   nwk_getSandFFrame
0000d0b2   USBCDC_sendData
0000d124   usbGetEndpointStatus
0000d194   usbSendNextPacketOnIEP0
0000d204   CC_RadioTransmitRegularData_v
0000d272   USCI_A1_ISR
0000d2e0   nwk_processPing
0000d34c   nwk_saveJoinedDevice
0000d3b2   CopyUsbToBuff
0000d410   MRFI_SetRFPwr
0000d46e   MRFI_SetLogicalChannel
0000d4ca   MRFI_ReplyDelay
0000d524   usbClearEndpointFeature
0000d57a   nwk_processJoin
0000d5cc   nwk_rawSend
0000d61e   usbGetLineCoding
0000d670   usbSetEndpointFeature
0000d6c0   Handler_SetLineCoding
0000d70c   InitClock_v
0000d756   mrfiSpiCmdStrobe
0000d7a0   nwk_isValidReply
0000d7ea   usbGetStringDescriptor
0000d834   wbsl_SpiCmdStrobe
0000d87e   MRFI_Rssi
0000d8c6   _auto_init
0000d90e   nwk_findAlreadyJoined
0000d956   BRTX_MakePacket_v
0000d99c   BR_CalcRandomTimeOffset_u16
0000d9e2   nwk_isSandFClient
0000da28   usbReceiveNextPacketOnOEP0
0000da6e   SMPL_Receive
0000dab2   SetupPacketInterruptHandler
0000daf6   nwk_findPeer
0000db3a   nwk_isLinkDuplicate
0000dc06   MRFI_RxIdle
0000dc48   PWRVBUSoffHandler
0000dc8a   UART_recv_async
0000dccc   CC_RadioIdle_v
0000dd0c   UART_Init_v
0000dd4c   SetVCore
0000dd8a   nwk_joinInit
0000ddc8   nwk_replayFrame
0000de42   CdcResetData
0000de7c   MRFI_RxAddrIsFiltered
0000deb6   RTC_Init_v
0000def0   nwk_getNextConnection
0000df2a   BRTX_Timing_IRQ_v
0000df62   nwk_putNumObjectIntoMsg
0000dfd0   UNMI_ISR
0000e006   usbSetAddress
0000e03c   BR_CalcCRC_u8
0000e070   UART_send_async
0000e0a4   mrfiSpiInit
0000e0d8   nwk_deviceAddress
0000e10a   MRFI_WakeUp
0000e13a   PWRVBUSonHandler
0000e16a   XT2_Start
0000e19a   nwk_QadjustOrder
0000e1ca   nwk_rawReceive
0000e1fa   nwk_sendFrame
0000e22a   MRFI_RxOn
0000e258   OEP0InterruptHandler
0000e286   SMPL_Init
0000e2b2   USB_suspend
0000e2de   nwk_checkAppMsgTID
0000e30a   MRFI_Sleep
0000e334   _c_int00
0000e334   _c_int00_noexit
0000e35e   nwk_getConnInfo
0000e388   nwk_globalsInit
0000e3b2   nwk_linkInit
0000e3dc   usbGetDeviceStatus
0000e406   BRTX_DataTransfered_v
0000e456   usbSetConfiguration
0000e4a4   BSP_GpioPort1Isr
0000e4ca   nwk_QInit
0000e4f0   nwk_checkConnInfo
0000e516   usbClearDeviceFeature
0000e53c   usbSetDeviceFeature
0000e562   BSP_Delay
0000e586   BSP_Init
0000e5aa   nwk_frameInit
0000e5ce   USB_disable
0000e5f0   USB_disconnect
0000e612   nwk_buildAckReqFrame
0000e634   BlueRobin_RadioISR_v
0000e634   CC_RadioPowerdown_v
0000e634   CC_RadioStop_v
0000e634   TX_PacketEnd
0000e654   MRFI_RxCompleteISR
0000e674   memmove
0000e694   nwk_connectionControl
0000e6b4   usbSendDataPacketOnEP0
0000e6d4   nwk_setMyAddress
0000e6f2   usbGetInterface
0000e710   usbGetInterfaceStatus
0000e72e   wbsl_SpiReadReg
0000e74c   IEP0InterruptHandler
0000e768   nwk_mgmtInit
0000e784   USB_connect
0000e79e   usbSetInterface
0000e7b8   BR_SPI_SingleWriteRead_u8
0000e7d0   MRFI_DelayMs
0000e7e8   USB_resume
0000e800   MRFI_RandomByte
0000e816   __divu
0000e816   __remu
0000e82c   __mpyi_f5hw
0000e842   usbGetConfigurationDescriptor
0000e858   usbGetDeviceDescriptor
0000e86e   wbsl_GpioIsr
0000e884   BSP_InitBoard
0000e898   USB_handleVbusOnEvent
0000e8ac   bluerobin_stop
0000e8c0   nwk_joinContext
0000e8d4   sCB
0000e8e8   usbGetConfiguration
0000e8fc   usbReceiveDataPacketOnEP0
0000e910   usbSetControlLineState
0000e924   BR_CalcRandomChannel_u8
0000e936   CC_OscOn_v
0000e948   CdcIsReceiveInProgress
0000e95a   memcpy
0000e96c   nwk_getJoinToken
0000e97e   nwk_getLinkToken
0000e990   nwk_getMyAddress
0000e9a2   nwk_setJoinToken
0000e9b4   nwk_setLinkToken
0000e9c6   usbInvalidRequest
0000e9d8   BR_SPI_WriteRead_u8
0000e9e8   CC_SPI_WriteRead_u8
0000e9f8   USBCDC_handleDataReceived
0000ea08   TIMER0_A1_ISR
0000ea18   nwk_getQ
0000ea28   BRTX_WriteData_v
0000ea36   nwk_setJoinContext
0000ea44   usbSendZeroLengthPacketOnIEP0
0000ea52   MRFI_PostKillSem
0000ea5e   MRFI_Receive
0000ea6a   nwk_getNumObjectFromMsg
0000ea76   usbSetLineCoding
0000ea82   BRTX_GetID_u32
0000ea8c   BRTX_SetID_v
0000ea96   BRTX_Stop_v
0000eaa0   _system_pre_init
0000eaaa   nwk_pingInit
0000eab4   I_LSL
0000eabe   wbsl_SpiReadRxFifo
0000eac8   USB_handleVbusOffEvent
0000ead0   XT2_Stop
0000ead8   nwk_resetSFMarker
0000eae0   BR_SPI_DeselectChip_v
0000eae6   BR_SPI_SelectChip_v
0000eaec   CC_SPI_DeselectChip_v
0000eaf2   MRFI_GetRadioState
0000eaf8   SMPL_Send
0000eafe   __TI_ISR_TRAP
0000eb04   nwk_freeConnection
0000eb0a   nwk_getBCastAddress
0000eb10   nwk_getFWVersion
0000eb16   nwk_getMyRxType
0000eb1c   nwk_getSFInfoPtr
0000eb22   USBCDC_handleReceiveCompleted
0000eb26   USBCDC_handleSendCompleted
0000eb2a   USBCDC_handleSetControlLineState
0000eb2e   USBCDC_handleSetLineCoding
0000eb32   USB_handleClockEvent
0000eb36   USB_handleEnumCompleteEvent
0000eb3a   USB_handleResetEvent
0000eb3e   USB_handleResumeEvent
0000eb42   USB_handleSuspendEvent
0000eb46   C$$EXIT
0000eb46   abort
0000eb4a   nwk_NVObj
0000eb4e   nwk_getProtocolVersion
0000eb52   nwk_join
0000eb56   nwk_processFreq
0000eb5a   nwk_processSecurity
0000eb5e   BRTX_PrepareData_v
0000eb60   _nop
0000eb62   nwk_freqInit
0000eb64   nwk_securityInit
0000eb66   __etext__
0000eb66   etext
0000eb66   tUsbRequestList
0000ec70   RandomValue_u8
0000ed70   abromStringDescriptor
0000ee00   abromConfigurationDescriptorGroup
0000ee9e   abromDeviceDescriptor
0000eeb0   stUsbHandle
0000eeca   mrfiBroadcastAddr
0000eed6   __cinit__
0000eed6   cinit
0000ffd2   __TI_int41
0000ffd4   __TI_int42
0000ffd6   __TI_int43
0000ffd8   __TI_int44
0000ffda   __TI_int45
0000ffdc   __TI_int46
0000ffde   __TI_int47
0000ffe0   __TI_int48
0000ffe2   __TI_int49
0000ffe4   __TI_int50
0000ffe6   __TI_int51
0000ffe8   __TI_int52
0000ffea   __TI_int53
0000ffec   __TI_int54
0000ffee   __TI_int55
0000fff0   __TI_int56
0000fff2   __TI_int57
0000fff4   __TI_int58
0000fff6   __TI_int59
0000fff8   __TI_int60
0000fffa   __TI_int61
0000fffc   __TI_int62
0000fffe   _reset_vector
ffffffff   __binit__
ffffffff   __c_args__
ffffffff   __pinit__
ffffffff   binit
ffffffff   pinit

[1082 symbols]
