******************************************************************************
                  MSP430 Linker PC v4.2.1                      
******************************************************************************
>> Linked Tue Jun 20 22:13:07 2017

OUTPUT FILE NAME:   <ez430_chronos_datalogger_915MHz.out>
ENTRY POINT SYMBOL: "_c_int00"  address: 0000f03e


MEMORY CONFIGURATION

         name            origin    length      used     unused   attr    fill
----------------------  --------  ---------  --------  --------  ----  --------
  SFR                   00000000   00000010  00000000  00000010  RWIX
  PERIPHERALS_8BIT      00000010   000000f0  00000000  000000f0  RWIX
  PERIPHERALS_16BIT     00000100   00000100  00000000  00000100  RWIX
  INFOD                 00001800   00000080  00000000  00000080  RWIX
  INFOC                 00001880   00000080  00000000  00000080  RWIX
  INFOB                 00001900   00000080  00000000  00000080  RWIX
  INFOA                 00001980   00000080  00000000  00000080  RWIX
  RAM                   00001c00   00000ffe  000003cd  00000c31  RWIX
  DATALOG_MEMORY        00008000   00001e00  00000000  00001e00  RWIX
  FLASH                 00009e00   00006180  00005e4f  00000331  RWIX
  INT00                 0000ff80   00000002  00000000  00000002  RWIX
  INT01                 0000ff82   00000002  00000000  00000002  RWIX
  INT02                 0000ff84   00000002  00000000  00000002  RWIX
  INT03                 0000ff86   00000002  00000000  00000002  RWIX
  INT04                 0000ff88   00000002  00000000  00000002  RWIX
  INT05                 0000ff8a   00000002  00000000  00000002  RWIX
  INT06                 0000ff8c   00000002  00000000  00000002  RWIX
  INT07                 0000ff8e   00000002  00000000  00000002  RWIX
  INT08                 0000ff90   00000002  00000000  00000002  RWIX
  INT09                 0000ff92   00000002  00000000  00000002  RWIX
  INT10                 0000ff94   00000002  00000000  00000002  RWIX
  INT11                 0000ff96   00000002  00000000  00000002  RWIX
  INT12                 0000ff98   00000002  00000000  00000002  RWIX
  INT13                 0000ff9a   00000002  00000000  00000002  RWIX
  INT14                 0000ff9c   00000002  00000000  00000002  RWIX
  INT15                 0000ff9e   00000002  00000000  00000002  RWIX
  INT16                 0000ffa0   00000002  00000000  00000002  RWIX
  INT17                 0000ffa2   00000002  00000000  00000002  RWIX
  INT18                 0000ffa4   00000002  00000000  00000002  RWIX
  INT19                 0000ffa6   00000002  00000000  00000002  RWIX
  INT20                 0000ffa8   00000002  00000000  00000002  RWIX
  INT21                 0000ffaa   00000002  00000000  00000002  RWIX
  INT22                 0000ffac   00000002  00000000  00000002  RWIX
  INT23                 0000ffae   00000002  00000000  00000002  RWIX
  INT24                 0000ffb0   00000002  00000000  00000002  RWIX
  INT25                 0000ffb2   00000002  00000000  00000002  RWIX
  INT26                 0000ffb4   00000002  00000000  00000002  RWIX
  INT27                 0000ffb6   00000002  00000000  00000002  RWIX
  INT28                 0000ffb8   00000002  00000000  00000002  RWIX
  INT29                 0000ffba   00000002  00000000  00000002  RWIX
  INT30                 0000ffbc   00000002  00000000  00000002  RWIX
  INT31                 0000ffbe   00000002  00000000  00000002  RWIX
  INT32                 0000ffc0   00000002  00000000  00000002  RWIX
  INT33                 0000ffc2   00000002  00000000  00000002  RWIX
  INT34                 0000ffc4   00000002  00000000  00000002  RWIX
  INT35                 0000ffc6   00000002  00000000  00000002  RWIX
  INT36                 0000ffc8   00000002  00000000  00000002  RWIX
  INT37                 0000ffca   00000002  00000000  00000002  RWIX
  INT38                 0000ffcc   00000002  00000000  00000002  RWIX
  INT39                 0000ffce   00000002  00000000  00000002  RWIX
  INT40                 0000ffd0   00000002  00000000  00000002  RWIX
  INT41                 0000ffd2   00000002  00000000  00000002  RWIX
  INT42                 0000ffd4   00000002  00000000  00000002  RWIX
  INT43                 0000ffd6   00000002  00000000  00000002  RWIX
  INT44                 0000ffd8   00000002  00000000  00000002  RWIX
  INT45                 0000ffda   00000002  00000002  00000000  RWIX
  INT46                 0000ffdc   00000002  00000002  00000000  RWIX
  INT47                 0000ffde   00000002  00000002  00000000  RWIX
  INT48                 0000ffe0   00000002  00000002  00000000  RWIX
  INT49                 0000ffe2   00000002  00000002  00000000  RWIX
  INT50                 0000ffe4   00000002  00000002  00000000  RWIX
  INT51                 0000ffe6   00000002  00000002  00000000  RWIX
  INT52                 0000ffe8   00000002  00000002  00000000  RWIX
  INT53                 0000ffea   00000002  00000002  00000000  RWIX
  INT54                 0000ffec   00000002  00000002  00000000  RWIX
  INT55                 0000ffee   00000002  00000002  00000000  RWIX
  INT56                 0000fff0   00000002  00000002  00000000  RWIX
  INT57                 0000fff2   00000002  00000002  00000000  RWIX
  INT58                 0000fff4   00000002  00000002  00000000  RWIX
  INT59                 0000fff6   00000002  00000002  00000000  RWIX
  INT60                 0000fff8   00000002  00000002  00000000  RWIX
  INT61                 0000fffa   00000002  00000002  00000000  RWIX
  INT62                 0000fffc   00000002  00000002  00000000  RWIX
  RESET                 0000fffe   00000002  00000002  00000000  RWIX


SECTION ALLOCATION MAP

 output                                  attributes/
section   page    origin      length       input sections
--------  ----  ----------  ----------   ----------------
.pinit     0    00009e00    00000000     UNINITIALIZED

.bss       0    00001c00    0000037d     UNINITIALIZED
                  00001c00    0000008c     CC430_End_Device_915MHz.lib : nwk_QMgmt.obj (.bss)
                  00001c8c    00000088     datalog.obj (.bss)
                  00001d14    0000005e     ez430_chronos_datalogger_drivers.lib : display.obj (.bss)
                  00001d72    00000048     rfsimpliciti.obj (.bss)
                  00001dba    00000045     ps.obj (.bss)
                  00001dff    00000001     CC430_End_Device_915MHz.lib : nwk_api.obj (.bss)
                  00001e00    0000003c                                 : mrfi.obj (.bss)
                  00001e3c    00000024     main.obj (.bss)
                  00001e60    0000001d     CC430_End_Device_915MHz.lib : nwk.obj (.bss)
                  00001e7d    00000001                                 : nwk_ping.obj (.bss)
                  00001e7e    0000001c     BlueRobin_RX_915MHz.lib : BRRX_Resource.obj (.bss)
                  00001e9a    0000001a     bmp_ps.obj (.bss)
                  00001eb4    00000010     altitude.obj (.bss)
                  00001ec4    0000000f     clock.obj (.bss)
                  00001ed3    00000001     as.obj (.bss)
                  00001ed4    0000000c     BlueRobin_RX_915MHz.lib : BRRX_Scheduler.obj (.bss)
                  00001ee0    0000000a                             : BR_Common.obj (.bss)
                  00001eea    0000000a     CC430_End_Device_915MHz.lib : nwk_frame.obj (.bss)
                  00001ef4    0000000a                                 : nwk_link.obj (.bss)
                  00001efe    0000000a     bluerobin.obj (.bss)
                  00001f08    0000000a     ports.obj (.bss)
                  00001f12    00000009     CC430_End_Device_915MHz.lib : nwk_globals.obj (.bss)
                  00001f1b    00000001     main_ED_BM.obj (.bss)
                  00001f1c    00000009     CC430_End_Device_915MHz.lib : nwk_join.obj (.bss)
                  00001f25    00000001     rfbsl.obj (.bss)
                  00001f26    00000008     BlueRobin_RX_915MHz.lib : BRRX_Timer.obj (.bss)
                  00001f2e    00000008     buzzer.obj (.bss)
                  00001f36    00000008     rts430x.lib : _lock.obj (.bss)
                  00001f3e    00000008                 : boot.obj (.bss)
                  00001f46    00000007     date.obj (.bss)
                  00001f4d    00000001     --HOLE--
                  00001f4e    00000007     timer.obj (.bss)
                  00001f55    00000001     --HOLE--
                  00001f56    00000006     BlueRobin_RX_915MHz.lib : BRRX_Radio.obj (.bss)
                  00001f5c    00000006     acceleration.obj (.bss)
                  00001f62    00000006     battery.obj (.bss)
                  00001f68    00000005     BlueRobin_RX_915MHz.lib : BRRX_Packet.obj (.bss)
                  00001f6d    00000001     --HOLE--
                  00001f6e    00000004                             : BRRX_API.obj (.bss)
                  00001f72    00000004     menu.obj (.bss)
                  00001f76    00000003     CC430_End_Device_915MHz.lib : nwk_mgmt.obj (.bss)
                  00001f79    00000001     --HOLE--
                  00001f7a    00000003     ez430_chronos_datalogger_drivers.lib : adc12.obj (.bss)

.data      0    00001c00    00000000     UNINITIALIZED

.stack     0    00002bac    00000050     UNINITIALIZED
                  00002bac    00000002     rts430x.lib : boot.obj (.stack)
                  00002bae    0000004e     --HOLE--

.text      0    00009e00    0000571e     
                  00009e00    000002ba     CC430_End_Device_915MHz.lib : mrfi.obj (.text:MRFI_Init)
                  0000a0ba    00000294     ps.obj (.text:conv_pa_to_meter)
                  0000a34e    0000027c     BlueRobin_RX_915MHz.lib : BRRX_Scheduler.obj (.text:BRRX__Scheduler_v)
                  0000a5ca    00000222     main_ED_BM.obj (.text:simpliciti_main_sync)
                  0000a7ec    0000020e     ports.obj (.text:_isr:PORT2_ISR)
                  0000a9fa    000001d6     ps.obj (.text:update_pressure_table)
                  0000abd0    000001b2     clock.obj (.text:display_time)
                  0000ad82    000001a8     timer.obj (.text:_isr:TIMER0_A0_ISR)
                  0000af2a    00000192     bmp_ps.obj (.text:bmp_ps_get_pa)
                  0000b0bc    0000016e     CC430_End_Device_915MHz.lib : nwk.obj (.text:nwk_nwkInit)
                  0000b22a    00000164                                 : nwk_link.obj (.text:smpl_send_link_reply$35)
                  0000b38e    00000160     main.obj (.text:init_application)
                  0000b4ee    0000014c     CC430_End_Device_915MHz.lib : mrfi.obj (.text:MRFI_Transmit)
                  0000b63a    00000148                                 : nwk_link.obj (.text:nwk_link)
                  0000b782    0000013c                                 : nwk_api.obj (.text:SMPL_Ioctl)
                  0000b8be    0000013a                                 : mrfi.obj (.text:Mrfi_SyncPinRxIsr$28)
                  0000b9f8    00000138     altitude.obj (.text:do_altitude_measurement)
                  0000bb30    00000130     rts430x.lib : fs_add.obj (.text)
                  0000bc60    0000012c     bluerobin.obj (.text:start_bluerobin)
                  0000bd8c    0000011e     BlueRobin_RX_915MHz.lib : BRRX_Scheduler.obj (.text:PacketMissed_v)
                  0000beaa    0000011c     CC430_End_Device_915MHz.lib : nwk_join.obj (.text:nwk_join)
                  0000bfc6    00000116     main.obj (.text:init_global_variables)
                  0000c0dc    00000108     clock.obj (.text:clock_tick)
                  0000c1e4    00000104     datalog.obj (.text:datalog_sm)
                  0000c2e8    00000104     CC430_End_Device_915MHz.lib : nwk_frame.obj (.text:dispatchFrame$30)
                  0000c3ec    00000104     main.obj (.text:display_update)
                  0000c4f0    000000ea     altitude.obj (.text:display_altitude)
                  0000c5da    000000ea     main.obj (.text:main)
                  0000c6c4    000000e6     bmp_ps.obj (.text:bmp_ps_init)
                  0000c7aa    000000dc     CC430_End_Device_915MHz.lib : nwk_QMgmt.obj (.text:nwk_QfindOldest)
                  0000c886    000000da     temperature.obj (.text:display_temperature)
                  0000c960    000000d6     date.obj (.text:display_date)
                  0000ca36    000000d2     CC430_End_Device_915MHz.lib : nwk.obj (.text:nwk_allocateLocalRxPort)
                  0000cb08    000000ce     ez430_chronos_datalogger_drivers.lib : display.obj (.text:display_chars)
                  0000cbd6    000000cc     date.obj (.text:add_day)
                  0000cca2    000000cc     CC430_End_Device_915MHz.lib : nwk_link.obj (.text:nwk_processLink)
                  0000cd6e    000000ca     main_ED_BM.obj (.text:simpliciti_link)
                  0000ce38    000000c8     CC430_End_Device_915MHz.lib : nwk_ioctl.obj (.text:nwk_radioControl)
                  0000cf00    000000be     ez430_chronos_datalogger_drivers.lib : display.obj (.text:int_to_array)
                  0000cfbe    000000b6     BlueRobin_RX_915MHz.lib : BRRX_Scheduler.obj (.text:SearchPacketHit_u8)
                  0000d074    000000b6     rts430x.lib : fs_mpy.obj (.text)
                  0000d12a    000000b4     battery.obj (.text:battery_measurement)
                  0000d1de    000000ac     main.obj (.text:read_calibration_values)
                  0000d28a    000000a4     rf1a.obj (.text:Strobe)
                  0000d32e    0000009c     CC430_End_Device_915MHz.lib : nwk_frame.obj (.text:nwk_retrieveFrame)
                  0000d3ca    0000008e     rts430x.lib : fs_div.obj (.text)
                  0000d458    0000008c     ps.obj (.text:ps_i2c_sda)
                  0000d4e4    0000008a     CC430_End_Device_915MHz.lib : nwk_api.obj (.text:SMPL_Init)
                  0000d56e    0000008a                                 : nwk_frame.obj (.text:nwk_buildFrame)
                  0000d5f8    00000088     ez430_chronos_datalogger_drivers.lib : pmm.obj (.text:SetVCore)
                  0000d680    00000086     BlueRobin_RX_915MHz.lib : BRRX_Scheduler.obj (.text:GetData_v)
                  0000d706    00000084     datalog.obj (.text:sx_datalog)
                  0000d78a    0000007c     BlueRobin_RX_915MHz.lib : BRRX_Scheduler.obj (.text:TrimACLK_Offset_v)
                  0000d806    0000007c     CC430_End_Device_915MHz.lib : nwk.obj (.text:nwk_getNextConnection)
                  0000d882    0000007c                                 : nwk_frame.obj (.text:nwk_sendAckReply)
                  0000d8fe    0000007a     altitude.obj (.text:start_altitude_measurement)
                  0000d978    00000076     CC430_End_Device_915MHz.lib : nwk_QMgmt.obj (.text:nwk_QfindSlot)
                  0000d9ee    00000074                                 : mrfi.obj (.text:mrfiRadioInterfaceCmdStrobe)
                  0000da62    00000072     ez430_chronos_datalogger_drivers.lib : display.obj (.text:display_char)
                  0000dad4    00000072     ps.obj (.text:ps_read_register)
                  0000db46    00000070     BlueRobin_RX_915MHz.lib : BRRX_Radio.obj (.text:BRRX_RadioInit_v)
                  0000dbb6    0000006e                             : BRRX_Radio.obj (.text:BRRX_RadioReceive_v)
                  0000dc24    0000006a                             : BRRX_API.obj (.text:ResetTXCB_v)
                  0000dc8e    0000006a     cma_ps.obj (.text:cma_ps_get_pa)
                  0000dcf8    00000068     rf1a.obj (.text:WritePATable)
                  0000dd60    00000066     timer.obj (.text:_isr:TIMER0_A1_5_ISR)
                  0000ddc6    00000066     CC430_End_Device_915MHz.lib : nwk_ping.obj (.text:nwk_processPing)
                  0000de2c    00000064     cma_ps.obj (.text:cma_ps_init)
                  0000de90    00000062     CC430_End_Device_915MHz.lib : mrfi.obj (.text:MRFI_RadioIsr)
                  0000def2    00000060                                 : nwk_api.obj (.text:SMPL_SendOpt)
                  0000df52    0000005e     BlueRobin_RX_915MHz.lib : BRRX_Radio.obj (.text:BRRX_PacketEndTimerTask_v)
                  0000dfb0    0000005e     rfsimpliciti.obj (.text:start_simpliciti_sync)
                  0000e00e    0000005a     BlueRobin_RX_915MHz.lib : BRRX_Scheduler.obj (.text:PrepareForFirstPacket_v)
                  0000e068    00000058                             : BRRX_API.obj (.text:BRRX_Start_v)
                  0000e0c0    00000058     ez430_chronos_datalogger_drivers.lib : display.obj (.text:clear_line)
                  0000e118    00000058     ps.obj (.text:ps_write_register)
                  0000e170    00000058     rts430x.lib : div32u.obj (.text)
                  0000e1c8    00000058     ez430_chronos_datalogger_drivers.lib : display.obj (.text:write_lcd_mem)
                  0000e220    00000056     BlueRobin_RX_915MHz.lib : BRRX_Radio.obj (.text:BRRX_RadioCalibrate_v)
                  0000e276    00000052                             : BRRX_Scheduler.obj (.text:BRRX__StartNewSearch_v)
                  0000e2c8    00000052     CC430_End_Device_915MHz.lib : mrfi.obj (.text:MRFI_ReplyDelay)
                  0000e31a    00000052     BlueRobin_RX_915MHz.lib : BRRX_Scheduler.obj (.text:TestStartTime_v)
                  0000e36c    00000052     timer.obj (.text:Timer0_A4_Delay)
                  0000e3be    00000052     ps.obj (.text:ps_i2c_read)
                  0000e410    00000050     cma_ps.obj (.text:cma_ps_get_temp)
                  0000e460    00000050     bluerobin.obj (.text:display_heartrate)
                  0000e4b0    00000050     rfbsl.obj (.text:sx_rfbsl)
                  0000e500    00000050     buzzer.obj (.text:toggle_buzzer)
                  0000e550    0000004c     BlueRobin_RX_915MHz.lib : BRRX_Scheduler.obj (.text:SearchPacketCheck_u8)
                  0000e59c    0000004c     rts430x.lib : fs_toul.obj (.text)
                  0000e5e8    0000004a                 : fs_cmp.obj (.text)
                  0000e632    00000048     CC430_End_Device_915MHz.lib : nwk_api.obj (.text:SMPL_Receive)
                  0000e67a    00000048     rts430x.lib : autoinit.obj (.text:_auto_init)
                  0000e6c2    00000046     BlueRobin_RX_915MHz.lib : BR_Common.obj (.text:BR__CalcRandomTimeOffset_u16)
                  0000e708    00000046     CC430_End_Device_915MHz.lib : mrfi.obj (.text:MRFI_RxIdle)
                  0000e74e    00000046     rf1a.obj (.text:ReadBurstReg)
                  0000e794    00000046     rf1a.obj (.text:WriteBurstReg)
                  0000e7da    00000046     CC430_End_Device_915MHz.lib : nwk_mgmt.obj (.text:nwk_processMgmt)
                  0000e820    00000046     rts430x.lib : fs_tou.obj (.text)
                  0000e866    00000044     ez430_chronos_datalogger_drivers.lib : flash.obj (.text:flash_erase_page)
                  0000e8aa    00000044     CC430_End_Device_915MHz.lib : mrfi.obj (.text:mrfiRadioInterfaceReadReg)
                  0000e8ee    00000042     ps.obj (.text:ps_i2c_write)
                  0000e930    00000040     rts430x.lib : div32s.obj (.text)
                  0000e970    0000003e     BlueRobin_RX_915MHz.lib : BRRX_API.obj (.text:BRRX_SetID_v)
                  0000e9ae    0000003e                             : BRRX_Packet.obj (.text:BRRX__DecodePacket_u8)
                  0000e9ec    0000003e                             : BRRX_API.obj (.text:BRRX__NewInfo_v)
                  0000ea2a    0000003e                             : BRRX_Scheduler.obj (.text:PacketHit_u8)
                  0000ea68    0000003e     rts430x.lib : asr32.obj (.text:l_asr_const)
                  0000eaa6    0000003e                 : lsl32.obj (.text:l_lsl_const)
                  0000eae4    0000003e                 : lsr32.obj (.text:l_lsr_const)
                  0000eb22    0000003e     bluerobin.obj (.text:stop_bluerobin)
                  0000eb60    0000003c     BlueRobin_RX_915MHz.lib : BRRX_Timer.obj (.text:BRRX_TimerTask_v)
                  0000eb9c    0000003a     rf1a.obj (.text:WriteSingleReg)
                  0000ebd6    0000003a     CC430_End_Device_915MHz.lib : nwk.obj (.text:nwk_isValidReply)
                  0000ec10    00000038     BlueRobin_RX_915MHz.lib : BRRX_API.obj (.text:BRRX_Init_v)
                  0000ec48    00000038     radio.obj (.text:_isr:radio_ISR)
                  0000ec80    00000038     altitude.obj (.text:stop_altitude_measurement)
                  0000ecb8    00000036     CC430_End_Device_915MHz.lib : mrfi.obj (.text:mrfiRadioInterfaceWriteReg)
                  0000ecee    00000036     rts430x.lib : fs_itof.obj (.text)
                  0000ed24    00000034     BlueRobin_RX_915MHz.lib : BR_Common.obj (.text:BR__CalcCRC_u8)
                  0000ed58    00000034                             : BRRX_Scheduler.obj (.text:TrimRFCLK_Offset_v)
                  0000ed8c    00000032                             : BRRX_Radio.obj (.text:BRRX_RadioStop_v)
                  0000edbe    00000032     CC430_End_Device_915MHz.lib : mrfi.obj (.text:MRFI_RxOn)
                  0000edf0    00000032                                 : mrfi.obj (.text:mrfiRadioInterfaceReadRxFifo)
                  0000ee22    00000032     radio.obj (.text:radio_reset)
                  0000ee54    00000032     rts430x.lib : fs_ultof.obj (.text)
                  0000ee86    00000030     CC430_End_Device_915MHz.lib : nwk_frame.obj (.text:nwk_sendFrame)
                  0000eeb6    00000030     bluerobin.obj (.text:sx_bluerobin)
                  0000eee6    0000002e     CC430_End_Device_915MHz.lib : nwk_QMgmt.obj (.text:nwk_QadjustOrder)
                  0000ef14    0000002c     datalog.obj (.text:datalog_add_to_buffer)
                  0000ef40    0000002c     rts430x.lib : div16s.obj (.text)
                  0000ef6c    0000002a     BlueRobin_RX_915MHz.lib : BRRX_API.obj (.text:BRRX_GetID_u32)
                  0000ef96    0000002a     CC430_End_Device_915MHz.lib : mrfi.obj (.text:MRFI_SetRFPwr)
                  0000efc0    0000002a                                 : mrfi.obj (.text:Mrfi_CalculateRssi$28)
                  0000efea    0000002a     BlueRobin_RX_915MHz.lib : BRRX_Scheduler.obj (.text:SearchPacketMissed_u8)
                  0000f014    0000002a     timer.obj (.text:Timer0_A3_Start)
                  0000f03e    0000002a     rts430x.lib : boot.obj (.text:_isr:_c_int00_noexit)
                  0000f068    00000028     CC430_End_Device_915MHz.lib : nwk.obj (.text:map_lid2idx$40)
                  0000f090    00000028                                 : nwk.obj (.text:nwk_getConnInfo)
                  0000f0b8    00000028     buzzer.obj (.text:stop_buzzer)
                  0000f0e0    00000026     CC430_End_Device_915MHz.lib : mrfi.obj (.text:MRFI_Sleep)
                  0000f106    00000026     rfbsl.obj (.text:display_rfbsl)
                  0000f12c    00000026     ps.obj (.text:init_pressure_table)
                  0000f152    00000026     CC430_End_Device_915MHz.lib : nwk.obj (.text:nwk_checkConnInfo)
                  0000f178    00000024     BlueRobin_RX_915MHz.lib : BRRX_API.obj (.text:BRRX_GetState_t)
                  0000f19c    00000024     ps.obj (.text:ps_init)
                  0000f1c0    00000024     rts430x.lib : fs_utof.obj (.text)
                  0000f1e4    00000024     rfsimpliciti.obj (.text:sx_sync)
                  0000f208    00000022     CC430_End_Device_915MHz.lib : bsp.obj (.text:BSP_Delay)
                  0000f22a    00000022     rts430x.lib : memcmp.obj (.text:memcmp)
                  0000f24c    00000022                 : mult32_f5hw.obj (.text)
                  0000f26e    0000001e     BlueRobin_RX_915MHz.lib : BRRX_Timer.obj (.text:SetAbsoluteTimer_v)
                  0000f28c    0000001e     ez430_chronos_datalogger_drivers.lib : display.obj (.text:display_symbol)
                  0000f2aa    0000001e     rts430x.lib : memmov.obj (.text:memmove)
                  0000f2c8    0000001e     CC430_End_Device_915MHz.lib : nwk_join.obj (.text:nwk_processJoin)
                  0000f2e6    0000001c                                 : mrfi.obj (.text:Mrfi_DelayUsec$28)
                  0000f302    0000001c     radio.obj (.text:close_radio)
                  0000f31e    0000001c     ez430_chronos_datalogger_drivers.lib : display.obj (.text:display_am_pm_symbol)
                  0000f33a    0000001c     CC430_End_Device_915MHz.lib : nwk.obj (.text:nwk_putNumObjectIntoMsg)
                  0000f356    0000001a     BlueRobin_RX_915MHz.lib : BRRX_Scheduler.obj (.text:GetPacketTolerance_u8)
                  0000f370    0000001a     ez430_chronos_datalogger_drivers.lib : adc12.obj (.text:_isr:ADC12ISR)
                  0000f38a    00000018     rf1a.obj (.text:ReadSingleReg)
                  0000f3a2    00000016     rts430x.lib : div16u.obj (.text)
                  0000f3b8    00000016                 : mult16_f5hw.obj (.text)
                  0000f3ce    00000014     datalog.obj (.text:display_datalog)
                  0000f3e2    00000014     rfsimpliciti.obj (.text:display_sync)
                  0000f3f6    00000012     BlueRobin_RX_915MHz.lib : BR_Common.obj (.text:BR__CalcRandomChannel_u8)
                  0000f408    00000012                             : BRRX_Radio.obj (.text:BlueRobin_RadioISR_v)
                  0000f41a    00000012     rts430x.lib : memcpy.obj (.text:memcpy)
                  0000f42c    00000012                 : memset.obj (.text:memset)
                  0000f43e    00000012     radio.obj (.text:open_radio)
                  0000f450    00000010     BlueRobin_RX_915MHz.lib : BRRX_Timer.obj (.text:BRRX__StartTimer_v)
                  0000f460    00000010     radio.obj (.text:radio_powerdown)
                  0000f470    00000010     date.obj (.text:sx_date)
                  0000f480    0000000c     BlueRobin_RX_915MHz.lib : BRRX_Timer.obj (.text:BRRX__GetCurrentTime_u16)
                  0000f48c    0000000c     rfsimpliciti.obj (.text:is_rf)
                  0000f498    0000000a     BlueRobin_RX_915MHz.lib : BRRX_Timer.obj (.text:BRRX__IsTimerRunning_v)
                  0000f4a2    0000000a                             : BRRX_Timer.obj (.text:BRRX__StopTimer_v)
                  0000f4ac    0000000a     menu.obj (.text:update_date)
                  0000f4b6    0000000a     menu.obj (.text:update_time)
                  0000f4c0    00000008     BlueRobin_RX_915MHz.lib : BRRX_Radio.obj (.text:BRRX_GetFS_Offset_s8)
                  0000f4c8    00000008                             : BRRX_API.obj (.text:BRRX_SetSignalLevelReduction_v)
                  0000f4d0    00000006                             : BRRX_API.obj (.text:BRRX_GetHeartRate_u8)
                  0000f4d6    00000006                             : BRRX_API.obj (.text:BRRX_SetPowerdownDelay_v)
                  0000f4dc    00000006                             : BRRX_API.obj (.text:BRRX_SetSearchTimeout_v)
                  0000f4e2    00000006                             : BRRX_API.obj (.text:BRRX_Stop_v)
                  0000f4e8    00000006                             : BRRX_Timer.obj (.text:BRRX__CallTimer_v)
                  0000f4ee    00000006                             : BRRX_Timer.obj (.text:BRRX__InitTimer_v)
                  0000f4f4    00000006     rts430x.lib : isr_trap.obj (.text:__TI_ISR_TRAP)
                  0000f4fa    00000006     bluerobin.obj (.text:mx_bluerobin)
                  0000f500    00000006     clock.obj (.text:sx_time)
                  0000f506    00000004     rts430x.lib : pre_init.obj (.text:_system_pre_init)
                  0000f50a    00000004                 : exit.obj (.text:abort)
                  0000f50e    00000004     CC430_End_Device_915MHz.lib : nwk_freq.obj (.text:nwk_processFreq)
                  0000f512    00000004                                 : nwk_security.obj (.text:nwk_processSecurity)
                  0000f516    00000004     ps.obj (.text:ps_i2c_delay)
                  0000f51a    00000002     rts430x.lib : _lock.obj (.text:_nop)
                  0000f51c    00000002     user.obj (.text:dummy)

.const     0    0000f51e    00000549     
                  0000f51e    0000021f     ez430_chronos_datalogger_drivers.lib : display.obj (.const:int_to_array_conversion_table)
                  0000f73d    00000001     CC430_End_Device_915MHz.lib : mrfi.obj (.const)
                  0000f73e    00000100     BlueRobin_RX_915MHz.lib : BR_Common.obj (.const:RandomValue_u8)
                  0000f83e    00000090     menu.obj (.const)
                  0000f8ce    00000064     <whole-program> (.const:.string)
                  0000f932    0000003a     CC430_End_Device_915MHz.lib : mrfi.obj (.const:mrfiRadioCfg)
                  0000f96c    0000002b     ez430_chronos_datalogger_drivers.lib : display.obj (.const:.string:lcd_font)
                  0000f997    00000001     CC430_End_Device_915MHz.lib : nwk_frame.obj (.const)
                  0000f998    0000002a     ez430_chronos_datalogger_drivers.lib : display.obj (.const:.string:segments_bitmask)
                  0000f9c2    00000027     BlueRobin_RX_915MHz.lib : BRRX_Radio.obj (.const:RadioSettings_t)
                  0000f9e9    00000001     --HOLE-- [fill = 0]
                  0000f9ea    00000022     ps.obj (.const:h0)
                  0000fa0c    00000022     ps.obj (.const:p0)
                  0000fa2e    00000018     CC430_End_Device_915MHz.lib : nwk_frame.obj (.const:func$30)
                  0000fa46    00000009                                 : nwk_globals.obj (.const)
                  0000fa4f    00000001     --HOLE-- [fill = 0]
                  0000fa50    00000004                                 : mrfi.obj (.const:.string:mrfiBroadcastAddr)
                  0000fa54    00000004                                 : mrfi.obj (.const:.string:mrfiLogicalChanTable$28)
                  0000fa58    00000004     BlueRobin_RX_915MHz.lib : BRRX_Resource.obj (.const)
                  0000fa5c    00000004     main_ED_BM.obj (.const)
                  0000fa60    00000003     CC430_End_Device_915MHz.lib : mrfi.obj (.const:.string:mrfiRFPowerTable$28)
                  0000fa63    00000001     --HOLE-- [fill = 0]
                  0000fa64    00000003                                 : mrfi.obj (.const:.string:mrfiRFPowerTable_B$28)

.cinit     0    0000fa68    000001e8     
                  0000fa68    0000019d     <whole-program> (.cinit)
                  0000fc05    00000001     --HOLE-- [fill = 0]
                  0000fc06    00000017     BlueRobin_RX_915MHz.lib : BRRX_Scheduler.obj (.cinit)
                  0000fc1d    00000001     --HOLE-- [fill = 0]
                  0000fc1e    00000017                             : BRRX_Timer.obj (.cinit)
                  0000fc35    00000001     --HOLE-- [fill = 0]
                  0000fc36    0000000c                             : BRRX_Radio.obj (.cinit)
                  0000fc42    0000000b                             : BRRX_Packet.obj (.cinit)
                  0000fc4d    00000001     --HOLE-- [fill = 0]
                  0000fc4e    00000002     (.pad.cinit) [fill = 0]

AES        0    0000ffda    00000002     
                  0000ffda    00000002     rts430x.lib : int45.obj (.int45)

RTC        0    0000ffdc    00000002     
                  0000ffdc    00000002     rts430x.lib : int46.obj (.int46)

LCD_B      0    0000ffde    00000002     
                  0000ffde    00000002     rts430x.lib : int47.obj (.int47)

PORT2      0    0000ffe0    00000002     
                  0000ffe0    00000002     <whole-program> (.int48)

PORT1      0    0000ffe2    00000002     
                  0000ffe2    00000002     rts430x.lib : int49.obj (.int49)

TIMER1_A1 
*          0    0000ffe4    00000002     
                  0000ffe4    00000002     rts430x.lib : int50.obj (.int50)

TIMER1_A0 
*          0    0000ffe6    00000002     
                  0000ffe6    00000002     rts430x.lib : int51.obj (.int51)

DMA        0    0000ffe8    00000002     
                  0000ffe8    00000002     rts430x.lib : int52.obj (.int52)

CC1101     0    0000ffea    00000002     
                  0000ffea    00000002     radio.obj (.int53)

TIMER0_A1 
*          0    0000ffec    00000002     
                  0000ffec    00000002     <whole-program> (.int54)

TIMER0_A0 
*          0    0000ffee    00000002     
                  0000ffee    00000002     <whole-program> (.int55)

ADC12      0    0000fff0    00000002     
                  0000fff0    00000002     <whole-program> (.int56)

USCI_B0    0    0000fff2    00000002     
                  0000fff2    00000002     rts430x.lib : int57.obj (.int57)

USCI_A0    0    0000fff4    00000002     
                  0000fff4    00000002     rts430x.lib : int58.obj (.int58)

WDT        0    0000fff6    00000002     
                  0000fff6    00000002     rts430x.lib : int59.obj (.int59)

COMP_B     0    0000fff8    00000002     
                  0000fff8    00000002     rts430x.lib : int60.obj (.int60)

UNMI       0    0000fffa    00000002     
                  0000fffa    00000002     rts430x.lib : int61.obj (.int61)

SYSNMI     0    0000fffc    00000002     
                  0000fffc    00000002     rts430x.lib : int62.obj (.int62)

.reset     0    0000fffe    00000002     
                  0000fffe    00000002     rts430x.lib : boot.obj (.reset)


GLOBAL SYMBOLS: SORTED ALPHABETICALLY BY Name 

address    name
--------   ----
00001c00   .bss
00001c00   .data
00009e00   .text
00000700   ADC12CTL0
00000701   ADC12CTL0_H
00000700   ADC12CTL0_L
00000702   ADC12CTL1
00000703   ADC12CTL1_H
00000702   ADC12CTL1_L
00000704   ADC12CTL2
00000705   ADC12CTL2_H
00000704   ADC12CTL2_L
0000070c   ADC12IE
0000070d   ADC12IE_H
0000070c   ADC12IE_L
0000070a   ADC12IFG
0000070b   ADC12IFG_H
0000070a   ADC12IFG_L
0000f370   ADC12ISR
0000070e   ADC12IV
0000070f   ADC12IV_H
0000070e   ADC12IV_L
00000710   ADC12MCTL0
00000711   ADC12MCTL1
0000071a   ADC12MCTL10
0000071b   ADC12MCTL11
0000071c   ADC12MCTL12
0000071d   ADC12MCTL13
0000071e   ADC12MCTL14
0000071f   ADC12MCTL15
00000712   ADC12MCTL2
00000713   ADC12MCTL3
00000714   ADC12MCTL4
00000715   ADC12MCTL5
00000716   ADC12MCTL6
00000717   ADC12MCTL7
00000718   ADC12MCTL8
00000719   ADC12MCTL9
00000720   ADC12MEM0
00000721   ADC12MEM0_H
00000720   ADC12MEM0_L
00000722   ADC12MEM1
00000734   ADC12MEM10
00000735   ADC12MEM10_H
00000734   ADC12MEM10_L
00000736   ADC12MEM11
00000737   ADC12MEM11_H
00000736   ADC12MEM11_L
00000738   ADC12MEM12
00000739   ADC12MEM12_H
00000738   ADC12MEM12_L
0000073a   ADC12MEM13
0000073b   ADC12MEM13_H
0000073a   ADC12MEM13_L
0000073c   ADC12MEM14
0000073d   ADC12MEM14_H
0000073c   ADC12MEM14_L
0000073e   ADC12MEM15
0000073f   ADC12MEM15_H
0000073e   ADC12MEM15_L
00000723   ADC12MEM1_H
00000722   ADC12MEM1_L
00000724   ADC12MEM2
00000725   ADC12MEM2_H
00000724   ADC12MEM2_L
00000726   ADC12MEM3
00000727   ADC12MEM3_H
00000726   ADC12MEM3_L
00000728   ADC12MEM4
00000729   ADC12MEM4_H
00000728   ADC12MEM4_L
0000072a   ADC12MEM5
0000072b   ADC12MEM5_H
0000072a   ADC12MEM5_L
0000072c   ADC12MEM6
0000072d   ADC12MEM6_H
0000072c   ADC12MEM6_L
0000072e   ADC12MEM7
0000072f   ADC12MEM7_H
0000072e   ADC12MEM7_L
00000730   ADC12MEM8
00000731   ADC12MEM8_H
00000730   ADC12MEM8_L
00000732   ADC12MEM9
00000733   ADC12MEM9_H
00000732   ADC12MEM9_L
000009c0   AESACTL0
000009c1   AESACTL0_H
000009c0   AESACTL0_L
000009c8   AESADIN
000009c9   AESADIN_H
000009c8   AESADIN_L
000009ca   AESADOUT
000009cb   AESADOUT_H
000009ca   AESADOUT_L
000009c6   AESAKEY
000009c7   AESAKEY_H
000009c6   AESAKEY_L
000009c4   AESASTAT
000009c5   AESASTAT_H
000009c4   AESASTAT_L
0000f4c0   BRRX_GetFS_Offset_s8
0000f4d0   BRRX_GetHeartRate_u8
0000ef6c   BRRX_GetID_u32
0000f178   BRRX_GetState_t
0000ec10   BRRX_Init_v
0000df52   BRRX_PacketEndTimerTask_v
0000e220   BRRX_RadioCalibrate_v
0000db46   BRRX_RadioInit_v
0000dbb6   BRRX_RadioReceive_v
0000ed8c   BRRX_RadioStop_v
0000e970   BRRX_SetID_v
0000f4d6   BRRX_SetPowerdownDelay_v
0000f4dc   BRRX_SetSearchTimeout_v
0000f4c8   BRRX_SetSignalLevelReduction_v
0000e068   BRRX_Start_v
0000f4e2   BRRX_Stop_v
0000eb60   BRRX_TimerTask_v
0000f4e8   BRRX__CallTimer_v
00001f6a   BRRX__CurrentPacketTime_u16
00001f6c   BRRX__CurrentSignalLevel_u8
0000e9ae   BRRX__DecodePacket_u8
0000fa58   BRRX__First_TXCB_t
0000f480   BRRX__GetCurrentTime_u16
0000f4ee   BRRX__InitTimer_v
0000f498   BRRX__IsTimerRunning_v
0000fa5a   BRRX__Last_TXCB_t
00001edc   BRRX__MaxSearchTries_u8
0000e9ec   BRRX__NewInfo_v
00001f28   BRRX__NextEndTime_u16
00001f26   BRRX__NextEventTime_u16
00001f2b   BRRX__NextFrequencyOffset_s8
00001f2a   BRRX__NextFrequency_u8
00001ee0   BRRX__PacketBits_t
00001eda   BRRX__PowerdownDelay_u8
0000a34e   BRRX__Scheduler_v
00001edd   BRRX__SearchRatio_u8
00001edb   BRRX__SignalLevelReduction
0000e276   BRRX__StartNewSearch_v
0000f450   BRRX__StartTimer_v
00001f68   BRRX__StatusFlags_t
0000f4a2   BRRX__StopTimer_v
00001e7e   BRRX__TXCB_t
00001ede   BRRX__TestMode_u8
00001f2c   BRRX__TimerState_t
0000ed24   BR__CalcCRC_u8
0000f3f6   BR__CalcRandomChannel_u8
0000e6c2   BR__CalcRandomTimeOffset_u16
0000f208   BSP_Delay
0000f408   BlueRobin_RadioISR_v
0000f50a   C$$EXIT
000008c0   CBCTL0
000008c1   CBCTL0_H
000008c0   CBCTL0_L
000008c2   CBCTL1
000008c3   CBCTL1_H
000008c2   CBCTL1_L
000008c4   CBCTL2
000008c5   CBCTL2_H
000008c4   CBCTL2_L
000008c6   CBCTL3
000008c7   CBCTL3_H
000008c6   CBCTL3_L
000008cc   CBINT
000008cd   CBINT_H
000008cc   CBINT_L
000008ce   CBIV
00000150   CRCDI
00000151   CRCDI_H
00000150   CRCDI_L
00000154   CRCINIRES
00000155   CRCINIRES_H
00000154   CRCINIRES_L
00000510   DMA0CTL
00000511   DMA0CTL_H
00000510   DMA0CTL_L
00000516   DMA0DA
00000518   DMA0DAH
00000516   DMA0DAL
00000512   DMA0SA
00000514   DMA0SAH
00000512   DMA0SAL
0000051a   DMA0SZ
00000520   DMA1CTL
00000521   DMA1CTL_H
00000520   DMA1CTL_L
00000526   DMA1DA
00000528   DMA1DAH
00000526   DMA1DAL
00000522   DMA1SA
00000524   DMA1SAH
00000522   DMA1SAL
0000052a   DMA1SZ
00000530   DMA2CTL
00000531   DMA2CTL_H
00000530   DMA2CTL_L
00000536   DMA2DA
00000538   DMA2DAH
00000536   DMA2DAL
00000532   DMA2SA
00000534   DMA2SAH
00000532   DMA2SAL
0000053a   DMA2SZ
00000500   DMACTL0
00000501   DMACTL0_H
00000500   DMACTL0_L
00000502   DMACTL1
00000503   DMACTL1_H
00000502   DMACTL1_L
00000504   DMACTL2
00000505   DMACTL2_H
00000504   DMACTL2_L
00000506   DMACTL3
00000507   DMACTL3_H
00000506   DMACTL3_L
00000508   DMACTL4
00000509   DMACTL4_H
00000508   DMACTL4_L
0000050e   DMAIV
0000050f   DMAIV_H
0000050e   DMAIV_L
00001f4c   DayOfTheWeek
00000140   FCTL1
00000141   FCTL1_H
00000140   FCTL1_L
00000144   FCTL3
00000145   FCTL3_H
00000144   FCTL3_L
00000146   FCTL4
00000147   FCTL4_H
00000146   FCTL4_L
00000a04   LCDBBLKCTL
00000a05   LCDBBLKCTL_H
00000a04   LCDBBLKCTL_L
00000a12   LCDBCPCTL
00000a13   LCDBCPCTL_H
00000a12   LCDBCPCTL_L
00000a00   LCDBCTL0
00000a01   LCDBCTL0_H
00000a00   LCDBCTL0_L
00000a02   LCDBCTL1
00000a03   LCDBCTL1_H
00000a02   LCDBCTL1_L
00000a1e   LCDBIV
00000a40   LCDBM1
00000a49   LCDBM10
00000a4a   LCDBM11
00000a4b   LCDBM12
00000a4c   LCDBM13
00000a4d   LCDBM14
00000a4e   LCDBM15
00000a4f   LCDBM16
00000a50   LCDBM17
00000a51   LCDBM18
00000a52   LCDBM19
00000a41   LCDBM2
00000a53   LCDBM20
00000a54   LCDBM21
00000a55   LCDBM22
00000a56   LCDBM23
00000a57   LCDBM24
00000a42   LCDBM3
00000a43   LCDBM4
00000a44   LCDBM5
00000a45   LCDBM6
00000a46   LCDBM7
00000a47   LCDBM8
00000a48   LCDBM9
00000a06   LCDBMEMCTL
00000a07   LCDBMEMCTL_H
00000a06   LCDBMEMCTL_L
00000a0a   LCDBPCTL0
00000a0b   LCDBPCTL0_H
00000a0a   LCDBPCTL0_L
00000a0c   LCDBPCTL1
00000a0d   LCDBPCTL1_H
00000a0c   LCDBPCTL1_L
00000a0e   LCDBPCTL2
00000a0f   LCDBPCTL2_H
00000a0e   LCDBPCTL2_L
00000a10   LCDBPCTL3
00000a11   LCDBPCTL3_H
00000a10   LCDBPCTL3_L
00000a08   LCDBVCTL
00000a09   LCDBVCTL_H
00000a08   LCDBVCTL_L
00000a20   LCDM1
00000a29   LCDM10
00000a2a   LCDM11
00000a2b   LCDM12
00000a2c   LCDM13
00000a2d   LCDM14
00000a2e   LCDM15
00000a2f   LCDM16
00000a30   LCDM17
00000a31   LCDM18
00000a32   LCDM19
00000a21   LCDM2
00000a33   LCDM20
00000a34   LCDM21
00000a35   LCDM22
00000a36   LCDM23
00000a37   LCDM24
00000a22   LCDM3
00000a23   LCDM4
00000a24   LCDM5
00000a25   LCDM6
00000a26   LCDM7
00000a27   LCDM8
00000a28   LCDM9
0000eaa0   L_ASR_1
0000ea7c   L_ASR_10
0000ea78   L_ASR_11
0000ea74   L_ASR_12
0000ea70   L_ASR_13
0000ea6c   L_ASR_14
0000ea68   L_ASR_15
0000ea9c   L_ASR_2
0000ea98   L_ASR_3
0000ea94   L_ASR_4
0000ea90   L_ASR_5
0000ea8c   L_ASR_6
0000ea88   L_ASR_7
0000ea84   L_ASR_8
0000ea80   L_ASR_9
0000eade   L_LSL_1
0000eaba   L_LSL_10
0000eab6   L_LSL_11
0000eab2   L_LSL_12
0000eaae   L_LSL_13
0000eaaa   L_LSL_14
0000eaa6   L_LSL_15
0000eada   L_LSL_2
0000ead6   L_LSL_3
0000ead2   L_LSL_4
0000eace   L_LSL_5
0000eaca   L_LSL_6
0000eac6   L_LSL_7
0000eac2   L_LSL_8
0000eabe   L_LSL_9
0000eb1c   L_LSR_1
0000eaf8   L_LSR_10
0000eaf4   L_LSR_11
0000eaf0   L_LSR_12
0000eaec   L_LSR_13
0000eae8   L_LSR_14
0000eae4   L_LSR_15
0000eb18   L_LSR_2
0000eb14   L_LSR_3
0000eb10   L_LSR_4
0000eb0c   L_LSR_5
0000eb08   L_LSR_6
0000eb04   L_LSR_7
0000eb00   L_LSR_8
0000eafc   L_LSR_9
000004c4   MAC
000004da   MAC32H
000004db   MAC32H_H
000004da   MAC32H_L
000004d8   MAC32L
000004d9   MAC32L_H
000004d8   MAC32L_L
000004c6   MACS
000004de   MACS32H
000004df   MACS32H_H
000004de   MACS32H_L
000004dc   MACS32L
000004dd   MACS32L_H
000004dc   MACS32L_L
000004c7   MACS_H
000004c6   MACS_L
000004c5   MAC_H
000004c4   MAC_L
000004c0   MPY
000004ec   MPY32CTL0
000004ed   MPY32CTL0_H
000004ec   MPY32CTL0_L
000004d2   MPY32H
000004d3   MPY32H_H
000004d2   MPY32H_L
000004d0   MPY32L
000004d1   MPY32L_H
000004d0   MPY32L_L
000004c2   MPYS
000004d6   MPYS32H
000004d7   MPYS32H_H
000004d6   MPYS32H_L
000004d4   MPYS32L
000004d5   MPYS32L_H
000004d4   MPYS32L_L
000004c3   MPYS_H
000004c2   MPYS_L
000004c1   MPY_H
000004c0   MPY_L
00009e00   MRFI_Init
0000de90   MRFI_RadioIsr
0000e2c8   MRFI_ReplyDelay
0000e708   MRFI_RxIdle
0000edbe   MRFI_RxOn
0000ef96   MRFI_SetRFPwr
0000f0e0   MRFI_Sleep
0000b4ee   MRFI_Transmit
000004c8   OP2
000004e2   OP2H
000004e3   OP2H_H
000004e2   OP2H_L
000004e0   OP2L
000004e1   OP2L_H
000004e0   OP2L_L
000004c9   OP2_H
000004c8   OP2_L
0000020e   P1IV
000001c8   P1MAP01
000001c9   P1MAP01_H
000001c8   P1MAP01_L
000001ca   P1MAP23
000001cb   P1MAP23_H
000001ca   P1MAP23_L
000001cc   P1MAP45
000001cd   P1MAP45_H
000001cc   P1MAP45_L
000001ce   P1MAP67
000001cf   P1MAP67_H
000001ce   P1MAP67_L
0000021e   P2IV
000001d0   P2MAP01
000001d1   P2MAP01_H
000001d0   P2MAP01_L
000001d2   P2MAP23
000001d3   P2MAP23_H
000001d2   P2MAP23_L
000001d4   P2MAP45
000001d5   P2MAP45_H
000001d4   P2MAP45_L
000001d6   P2MAP67
000001d7   P2MAP67_H
000001d6   P2MAP67_L
000001d8   P3MAP01
000001d9   P3MAP01_H
000001d8   P3MAP01_L
000001da   P3MAP23
000001db   P3MAP23_H
000001da   P3MAP23_L
000001dc   P3MAP45
000001dd   P3MAP45_H
000001dc   P3MAP45_L
000001de   P3MAP67
000001df   P3MAP67_H
000001de   P3MAP67_L
00000204   PADIR
00000205   PADIR_H
00000204   PADIR_L
00000208   PADS
00000209   PADS_H
00000208   PADS_L
0000021a   PAIE
00000218   PAIES
00000219   PAIES_H
00000218   PAIES_L
0000021b   PAIE_H
0000021a   PAIE_L
0000021c   PAIFG
0000021d   PAIFG_H
0000021c   PAIFG_L
00000200   PAIN
00000201   PAIN_H
00000200   PAIN_L
00000202   PAOUT
00000203   PAOUT_H
00000202   PAOUT_L
00000206   PAREN
00000207   PAREN_H
00000206   PAREN_L
0000020a   PASEL
0000020b   PASEL_H
0000020a   PASEL_L
00000224   PBDIR
00000225   PBDIR_H
00000224   PBDIR_L
00000228   PBDS
00000229   PBDS_H
00000228   PBDS_L
00000220   PBIN
00000221   PBIN_H
00000220   PBIN_L
00000222   PBOUT
00000223   PBOUT_H
00000222   PBOUT_L
00000226   PBREN
00000227   PBREN_H
00000226   PBREN_L
0000022a   PBSEL
0000022b   PBSEL_H
0000022a   PBSEL_L
00000244   PCDIR
00000245   PCDIR_H
00000244   PCDIR_L
00000248   PCDS
00000249   PCDS_H
00000248   PCDS_L
00000240   PCIN
00000241   PCIN_H
00000240   PCIN_L
00000242   PCOUT
00000243   PCOUT_H
00000242   PCOUT_L
00000246   PCREN
00000247   PCREN_H
00000246   PCREN_L
0000024a   PCSEL
0000024b   PCSEL_H
0000024a   PCSEL_L
00000324   PJDIR
00000325   PJDIR_H
00000324   PJDIR_L
00000328   PJDS
00000329   PJDS_H
00000328   PJDS_L
00000320   PJIN
00000321   PJIN_H
00000320   PJIN_L
00000322   PJOUT
00000323   PJOUT_H
00000322   PJOUT_L
00000326   PJREN
00000327   PJREN_H
00000326   PJREN_L
000001c2   PMAPCTL
000001c3   PMAPCTL_H
000001c2   PMAPCTL_L
000001c0   PMAPKEYID
000001c1   PMAPKEYID_H
000001c0   PMAPKEYID_L
00000120   PMMCTL0
00000121   PMMCTL0_H
00000120   PMMCTL0_L
00000122   PMMCTL1
00000123   PMMCTL1_H
00000122   PMMCTL1_L
0000012c   PMMIFG
0000012d   PMMIFG_H
0000012c   PMMIFG_L
0000012e   PMMRIE
0000012f   PMMRIE_H
0000012e   PMMRIE_L
0000a7ec   PORT2_ISR
00000158   RCCTL0
00000159   RCCTL0_H
00000158   RCCTL0_L
000001b0   REFCTL0
000001b1   REFCTL0_H
000001b0   REFCTL0_L
000004e4   RES0
000004e5   RES0_H
000004e4   RES0_L
000004e6   RES1
000004e7   RES1_H
000004e6   RES1_L
000004e8   RES2
000004e9   RES2_H
000004e8   RES2_L
000004ea   RES3
000004eb   RES3_H
000004ea   RES3_L
000004cc   RESHI
000004cd   RESHI_H
000004cc   RESHI_L
000004ca   RESLO
000004cb   RESLO_H
000004ca   RESLO_L
00000f16   RF1ADINW
00000f17   RF1ADINW_H
00000f16   RF1ADINW_L
00000f28   RF1ADOUT0W
00000f29   RF1ADOUT0W_H
00000f28   RF1ADOUT0W_L
00000f2a   RF1ADOUT1W
00000f2b   RF1ADOUT1W_H
00000f2a   RF1ADOUT1W_L
00000f2c   RF1ADOUT2W
00000f2d   RF1ADOUT2W_H
00000f2c   RF1ADOUT2W_L
00000f36   RF1AIE
00000f34   RF1AIES
00000f35   RF1AIES_H
00000f34   RF1AIES_L
00000f37   RF1AIE_H
00000f36   RF1AIE_L
00000f00   RF1AIFCTL0
00000f01   RF1AIFCTL0_H
00000f00   RF1AIFCTL0_L
00000f02   RF1AIFCTL1
00000f03   RF1AIFCTL1_H
00000f02   RF1AIFCTL1_L
00000f04   RF1AIFCTL2
00000f05   RF1AIFCTL2_H
00000f04   RF1AIFCTL2_L
00000f06   RF1AIFERR
00000f0c   RF1AIFERRV
00000f0d   RF1AIFERRV_H
00000f0c   RF1AIFERRV_L
00000f07   RF1AIFERR_H
00000f06   RF1AIFERR_L
00000f32   RF1AIFG
00000f33   RF1AIFG_H
00000f32   RF1AIFG_L
00000f0e   RF1AIFIV
00000f0f   RF1AIFIV_H
00000f0e   RF1AIFIV_L
00000f30   RF1AIN
00000f12   RF1AINSTR1W
00000f13   RF1AINSTR1W_H
00000f12   RF1AINSTR1W_L
00000f14   RF1AINSTR2W
00000f15   RF1AINSTR2W_H
00000f14   RF1AINSTR2W_L
00000f10   RF1AINSTRW
00000f11   RF1AINSTRW_H
00000f10   RF1AINSTRW_L
00000f31   RF1AIN_H
00000f30   RF1AIN_L
00000f38   RF1AIV
00000f39   RF1AIV_H
00000f38   RF1AIV_L
00000f3c   RF1ARXFIFO
00000f3d   RF1ARXFIFO_H
00000f3c   RF1ARXFIFO_L
00000f20   RF1ASTAT0W
00000f21   RF1ASTAT0W_H
00000f20   RF1ASTAT0W_L
00000f22   RF1ASTAT1W
00000f23   RF1ASTAT1W_H
00000f22   RF1ASTAT1W_L
00000f24   RF1ASTAT2W
00000f25   RF1ASTAT2W_H
00000f24   RF1ASTAT2W_L
00000f3e   RF1ATXFIFO
00000f3f   RF1ATXFIFO_H
00000f3e   RF1ATXFIFO_L
000004ba   RTCADOWDAY
000004bb   RTCADOWDAY_H
000004ba   RTCADOWDAY_L
000004b8   RTCAMINHR
000004b9   RTCAMINHR_H
000004b8   RTCAMINHR_L
000004a0   RTCCTL01
000004a1   RTCCTL01_H
000004a0   RTCCTL01_L
000004a2   RTCCTL23
000004a3   RTCCTL23_H
000004a2   RTCCTL23_L
000004b4   RTCDATE
000004b5   RTCDATE_H
000004b4   RTCDATE_L
000004ae   RTCIV
000004ac   RTCPS
000004a8   RTCPS0CTL
000004a9   RTCPS0CTL_H
000004a8   RTCPS0CTL_L
000004aa   RTCPS1CTL
000004ab   RTCPS1CTL_H
000004aa   RTCPS1CTL_L
000004ad   RTCPS_H
000004ac   RTCPS_L
000004b0   RTCTIM0
000004b1   RTCTIM0_H
000004b0   RTCTIM0_L
000004b2   RTCTIM1
000004b3   RTCTIM1_H
000004b2   RTCTIM1_L
000004b6   RTCYEAR
000004b7   RTCYEAR_H
000004b6   RTCYEAR_L
0000f73e   RandomValue_u8
0000e74e   ReadBurstReg
0000f38a   ReadSingleReg
00000100   SFRIE1
00000101   SFRIE1_H
00000100   SFRIE1_L
00000102   SFRIFG1
00000103   SFRIFG1_H
00000102   SFRIFG1_L
00000104   SFRRPCR
00000105   SFRRPCR_H
00000104   SFRRPCR_L
0000d4e4   SMPL_Init
0000b782   SMPL_Ioctl
0000e632   SMPL_Receive
0000def2   SMPL_SendOpt
000004ce   SUMEXT
000004cf   SUMEXT_H
000004ce   SUMEXT_L
00000124   SVSMHCTL
00000125   SVSMHCTL_H
00000124   SVSMHCTL_L
00000128   SVSMIO
00000129   SVSMIO_H
00000128   SVSMIO_L
00000126   SVSMLCTL
00000127   SVSMLCTL_H
00000126   SVSMLCTL_L
00000198   SYSBERRIV
00000199   SYSBERRIV_H
00000198   SYSBERRIV_L
00000182   SYSBSLC
00000183   SYSBSLC_H
00000182   SYSBSLC_L
00000180   SYSCTL
00000181   SYSCTL_H
00000180   SYSCTL_L
00000186   SYSJMBC
00000187   SYSJMBC_H
00000186   SYSJMBC_L
00000188   SYSJMBI0
00000189   SYSJMBI0_H
00000188   SYSJMBI0_L
0000018a   SYSJMBI1
0000018b   SYSJMBI1_H
0000018a   SYSJMBI1_L
0000018c   SYSJMBO0
0000018d   SYSJMBO0_H
0000018c   SYSJMBO0_L
0000018e   SYSJMBO1
0000018f   SYSJMBO1_H
0000018e   SYSJMBO1_L
0000019e   SYSRSTIV
0000019f   SYSRSTIV_H
0000019e   SYSRSTIV_L
0000019c   SYSSNIV
0000019d   SYSSNIV_H
0000019c   SYSSNIV_L
0000019a   SYSUNIV
0000019b   SYSUNIV_H
0000019a   SYSUNIV_L
0000d5f8   SetVCore
0000d28a   Strobe
00000352   TA0CCR0
00000354   TA0CCR1
00000356   TA0CCR2
00000358   TA0CCR3
0000035a   TA0CCR4
00000342   TA0CCTL0
00000344   TA0CCTL1
00000346   TA0CCTL2
00000348   TA0CCTL3
0000034a   TA0CCTL4
00000340   TA0CTL
00000360   TA0EX0
0000036e   TA0IV
00000350   TA0R
00000392   TA1CCR0
00000394   TA1CCR1
00000396   TA1CCR2
00000382   TA1CCTL0
00000384   TA1CCTL1
00000386   TA1CCTL2
00000380   TA1CTL
000003a0   TA1EX0
000003ae   TA1IV
00000390   TA1R
0000ad82   TIMER0_A0_ISR
0000dd60   TIMER0_A1_5_ISR
0000f014   Timer0_A3_Start
0000e36c   Timer0_A4_Delay
000005d0   UCA0ABCTL
000005c6   UCA0BRW
000005c7   UCA0BRW_H
000005c6   UCA0BRW_L
000005c0   UCA0CTLW0
000005c1   UCA0CTLW0_H
000005c0   UCA0CTLW0_L
000005dc   UCA0ICTL
000005dd   UCA0ICTL_H
000005dc   UCA0ICTL_L
000005d2   UCA0IRCTL
000005d3   UCA0IRCTL_H
000005d2   UCA0IRCTL_L
000005de   UCA0IV
000005c8   UCA0MCTL
000005cc   UCA0RXBUF
000005ca   UCA0STAT
000005ce   UCA0TXBUF
000005e6   UCB0BRW
000005e7   UCB0BRW_H
000005e6   UCB0BRW_L
000005e0   UCB0CTLW0
000005e1   UCB0CTLW0_H
000005e0   UCB0CTLW0_L
000005f0   UCB0I2COA
000005f1   UCB0I2COA_H
000005f0   UCB0I2COA_L
000005f2   UCB0I2CSA
000005f3   UCB0I2CSA_H
000005f2   UCB0I2CSA_L
000005fc   UCB0ICTL
000005fd   UCB0ICTL_H
000005fc   UCB0ICTL_L
000005fe   UCB0IV
000005ec   UCB0RXBUF
000005ea   UCB0STAT
000005ee   UCB0TXBUF
00000160   UCSCTL0
00000161   UCSCTL0_H
00000160   UCSCTL0_L
00000162   UCSCTL1
00000163   UCSCTL1_H
00000162   UCSCTL1_L
00000164   UCSCTL2
00000165   UCSCTL2_H
00000164   UCSCTL2_L
00000166   UCSCTL3
00000167   UCSCTL3_H
00000166   UCSCTL3_L
00000168   UCSCTL4
00000169   UCSCTL4_H
00000168   UCSCTL4_L
0000016a   UCSCTL5
0000016b   UCSCTL5_H
0000016a   UCSCTL5_L
0000016c   UCSCTL6
0000016d   UCSCTL6_H
0000016c   UCSCTL6_L
0000016e   UCSCTL7
0000016f   UCSCTL7_H
0000016e   UCSCTL7_L
00000170   UCSCTL8
00000171   UCSCTL8_H
00000170   UCSCTL8_L
0000015c   WDTCTL
0000015d   WDTCTL_H
0000015c   WDTCTL_L
0000e794   WriteBurstReg
0000dcf8   WritePATable
0000eb9c   WriteSingleReg
00002bfc   __STACK_END
00000050   __STACK_SIZE
0000f4f4   __TI_ISR_TRAP
00000001   __TI_args_main
00000001   __TI_auto_init
00001f3e   __TI_cleanup_ptr
00001f42   __TI_dtors_ptr
00000001   __TI_exit
0000ffda   __TI_int45
0000ffdc   __TI_int46
0000ffde   __TI_int47
0000ffe0   __TI_int48
0000ffe2   __TI_int49
0000ffe4   __TI_int50
0000ffe6   __TI_int51
0000ffe8   __TI_int52
0000ffea   __TI_int53
0000ffec   __TI_int54
0000ffee   __TI_int55
0000fff0   __TI_int56
0000fff2   __TI_int57
0000fff4   __TI_int58
0000fff6   __TI_int59
0000fff8   __TI_int60
0000fffa   __TI_int61
0000fffc   __TI_int62
ffffffff   __binit__
00001c00   __bss__
ffffffff   __c_args__
0000fa68   __cinit__
00001c00   __data__
0000ef40   __divi
0000e930   __divli
0000f3a2   __divu
0000e170   __divul
00001c00   __edata__
00001f7d   __end__
0000f51e   __etext__
0000bb36   __fs_add
0000e5e8   __fs_cmp
0000d3ca   __fs_div
0000ecee   __fs_itof
0000d074   __fs_mpy
0000bb30   __fs_sub
0000e820   __fs_tou
0000e59c   __fs_toul
0000ee54   __fs_ultof
0000f1c0   __fs_utof
0000f3b8   __mpyi_f5hw
0000f24c   __mpyl_f5hw
ffffffff   __pinit__
0000ef40   __remi
0000e930   __remli
0000f3a2   __remu
0000e170   __remul
00009e00   __text__
0000e67a   _auto_init
0000f03e   _c_int00
0000f03e   _c_int00_noexit
00001f36   _lock
0000f51a   _nop
0000fffe   _reset_vector
00002bac   _stack
0000f506   _system_pre_init
00001f3a   _unlock
0000f50a   abort
00001f7c   adc12_data_ready
00001f7a   adc12_result
0000cbd6   add_day
00001e3f   alarm1_hr
00001e3e   alarm1_min
00001e41   alarm2_hr
00001e40   alarm2_min
00001e43   alarm3_hr
00001e42   alarm3_min
00001e45   alarm4_hr
00001e44   alarm4_min
00001e47   alarm5_hr
00001e46   alarm5_min
00001e49   alarm6_hr
00001e48   alarm6_min
00001e4b   alarm7_hr
00001e4a   alarm7_min
00001e4d   alarm8_hr
00001e4c   alarm8_min
00001ed3   as_ok
0000d12a   battery_measurement
ffffffff   binit
00001e9a   bmp_cal_param
00001eb0   bmp_param_b5
0000af2a   bmp_ps_get_pa
0000c6c4   bmp_ps_init
00001e54   bmp_used
00001f5a   brrx_packet_end_cap_value
00001da2   burst_end
00001d9f   burst_mode
00001da4   burst_packet
00001db6   burst_packet_index
00001da0   burst_start
00001f08   button
00001e3d   buzzer_flag
00001e55   chronos_black
0000fa68   cinit
0000e0c0   clear_line
0000c0dc   clock_tick
0000f302   close_radio
0000dc8e   cma_ps_get_pa
0000e410   cma_ps_get_temp
0000de2c   cma_ps_init
0000a0ba   conv_pa_to_meter
0000ef14   datalog_add_to_buffer
0000c1e4   datalog_sm
00001d14   display
0000c4f0   display_altitude
0000f31e   display_am_pm_symbol
0000da62   display_char
0000cb08   display_chars
0000f3ce   display_datalog
0000c960   display_date
0000e460   display_heartrate
0000f106   display_rfbsl
0000f28c   display_symbol
0000f3e2   display_sync
0000c886   display_temperature
0000abd0   display_time
0000c3ec   display_update
0000b9f8   do_altitude_measurement
0000f51c   dummy
00001c00   edata
00001f7d   end
0000f51e   etext
0000e866   flash_erase_page
00001db8   flash_ptr
00001f4e   fptr_Timer0_A3_function
00001e58   fptr_lcd_function_line1
00001e5c   fptr_lcd_function_line2
0000f9ea   h0
0000b38e   init_application
0000bfc6   init_global_variables
0000f12c   init_pressure_table
0000cf00   int_to_array
0000f51e   int_to_array_conversion_table
00001d6a   int_to_array_str
0000f48c   is_rf
0000f96c   lcd_font
0000c5da   main
0000f22a   memcmp
0000f41a   memcpy
0000f2aa   memmove
0000f42c   memset
0000f874   menu_L1_Altitude
0000f886   menu_L1_Heartrate
0000f862   menu_L1_Temperature
0000f83e   menu_L1_Time
0000f898   menu_L2_DataLog
0000f850   menu_L2_Date
0000f8bc   menu_L2_RFBSL
0000f8aa   menu_L2_Sync
00001e52   message
0000f73d   method
0000fa50   mrfiBroadcastAddr
0000f932   mrfiRadioCfg
0000d9ee   mrfiRadioInterfaceCmdStrobe
0000e8aa   mrfiRadioInterfaceReadReg
0000edf0   mrfiRadioInterfaceReadRxFifo
0000ecb8   mrfiRadioInterfaceWriteReg
0000f4fa   mx_bluerobin
0000eee6   nwk_QadjustOrder
0000c7aa   nwk_QfindOldest
0000d978   nwk_QfindSlot
0000ca36   nwk_allocateLocalRxPort
0000d56e   nwk_buildFrame
0000f152   nwk_checkConnInfo
0000f090   nwk_getConnInfo
0000d806   nwk_getNextConnection
0000ebd6   nwk_isValidReply
0000beaa   nwk_join
0000b63a   nwk_link
0000b0bc   nwk_nwkInit
0000f50e   nwk_processFreq
0000f2c8   nwk_processJoin
0000cca2   nwk_processLink
0000e7da   nwk_processMgmt
0000ddc6   nwk_processPing
0000f512   nwk_processSecurity
0000f33a   nwk_putNumObjectIntoMsg
0000ce38   nwk_radioControl
0000d32e   nwk_retrieveFrame
0000d882   nwk_sendAckReply
0000ee86   nwk_sendFrame
0000f43e   open_radio
00001dba   p
0000fa0c   p0
ffffffff   pinit
0000f516   ps_i2c_delay
0000e3be   ps_i2c_read
0000d458   ps_i2c_sda
0000e8ee   ps_i2c_write
0000f19c   ps_init
00001dfe   ps_ok
0000dad4   ps_read_register
0000e118   ps_write_register
00001f72   ptrMenu_L1
00001f74   ptrMenu_L2
0000ec48   radio_ISR
0000f460   radio_powerdown
0000ee22   radio_reset
0000d1de   read_calibration_values
00001e50   request
00001f25   rfBSL_button_confirmation
00001e56   rf_frequoffset
00001f5c   sAccel
00001eb4   sAlt
00001f62   sBatt
00001efe   sBlueRobin
00001f0a   sButton
00001f2e   sBuzzer
00001c8c   sDatalog
00001f46   sDate
00001dff   sInit_done
00001d98   sRFsmpl
00001ec4   sTime
00001f52   sTimer
0000f998   segments_bitmask
00001d16   segments_lcdmem
00001d78   simpliciti_data
00001d72   simpliciti_ed_address
00001d76   simpliciti_flag
0000cd6e   simpliciti_link
0000a5ca   simpliciti_main_sync
00001d9e   simpliciti_reply_count
0000d8fe   start_altitude_measurement
0000bc60   start_bluerobin
0000dfb0   start_simpliciti_sync
00001e3c   status_code
0000ec80   stop_altitude_measurement
0000eb22   stop_bluerobin
0000f0b8   stop_buzzer
0000eeb6   sx_bluerobin
0000d706   sx_datalog
0000f470   sx_date
0000e4b0   sx_rfbsl
0000f1e4   sx_sync
0000f500   sx_time
00001e4e   sys
0000fa5c   t_battery
0000fa5f   t_bpm
0000fa5d   t_signal
0000fa5e   t_temp
00001ed2   time_limit
0000e500   toggle_buzzer
0000f4ac   update_date
0000a9fa   update_pressure_table
0000f4b6   update_time
0000e1c8   write_lcd_mem


GLOBAL SYMBOLS: SORTED BY Symbol Address 

address    name
--------   ----
00000001   __TI_args_main
00000001   __TI_auto_init
00000001   __TI_exit
00000050   __STACK_SIZE
00000100   SFRIE1
00000100   SFRIE1_L
00000101   SFRIE1_H
00000102   SFRIFG1
00000102   SFRIFG1_L
00000103   SFRIFG1_H
00000104   SFRRPCR
00000104   SFRRPCR_L
00000105   SFRRPCR_H
00000120   PMMCTL0
00000120   PMMCTL0_L
00000121   PMMCTL0_H
00000122   PMMCTL1
00000122   PMMCTL1_L
00000123   PMMCTL1_H
00000124   SVSMHCTL
00000124   SVSMHCTL_L
00000125   SVSMHCTL_H
00000126   SVSMLCTL
00000126   SVSMLCTL_L
00000127   SVSMLCTL_H
00000128   SVSMIO
00000128   SVSMIO_L
00000129   SVSMIO_H
0000012c   PMMIFG
0000012c   PMMIFG_L
0000012d   PMMIFG_H
0000012e   PMMRIE
0000012e   PMMRIE_L
0000012f   PMMRIE_H
00000140   FCTL1
00000140   FCTL1_L
00000141   FCTL1_H
00000144   FCTL3
00000144   FCTL3_L
00000145   FCTL3_H
00000146   FCTL4
00000146   FCTL4_L
00000147   FCTL4_H
00000150   CRCDI
00000150   CRCDI_L
00000151   CRCDI_H
00000154   CRCINIRES
00000154   CRCINIRES_L
00000155   CRCINIRES_H
00000158   RCCTL0
00000158   RCCTL0_L
00000159   RCCTL0_H
0000015c   WDTCTL
0000015c   WDTCTL_L
0000015d   WDTCTL_H
00000160   UCSCTL0
00000160   UCSCTL0_L
00000161   UCSCTL0_H
00000162   UCSCTL1
00000162   UCSCTL1_L
00000163   UCSCTL1_H
00000164   UCSCTL2
00000164   UCSCTL2_L
00000165   UCSCTL2_H
00000166   UCSCTL3
00000166   UCSCTL3_L
00000167   UCSCTL3_H
00000168   UCSCTL4
00000168   UCSCTL4_L
00000169   UCSCTL4_H
0000016a   UCSCTL5
0000016a   UCSCTL5_L
0000016b   UCSCTL5_H
0000016c   UCSCTL6
0000016c   UCSCTL6_L
0000016d   UCSCTL6_H
0000016e   UCSCTL7
0000016e   UCSCTL7_L
0000016f   UCSCTL7_H
00000170   UCSCTL8
00000170   UCSCTL8_L
00000171   UCSCTL8_H
00000180   SYSCTL
00000180   SYSCTL_L
00000181   SYSCTL_H
00000182   SYSBSLC
00000182   SYSBSLC_L
00000183   SYSBSLC_H
00000186   SYSJMBC
00000186   SYSJMBC_L
00000187   SYSJMBC_H
00000188   SYSJMBI0
00000188   SYSJMBI0_L
00000189   SYSJMBI0_H
0000018a   SYSJMBI1
0000018a   SYSJMBI1_L
0000018b   SYSJMBI1_H
0000018c   SYSJMBO0
0000018c   SYSJMBO0_L
0000018d   SYSJMBO0_H
0000018e   SYSJMBO1
0000018e   SYSJMBO1_L
0000018f   SYSJMBO1_H
00000198   SYSBERRIV
00000198   SYSBERRIV_L
00000199   SYSBERRIV_H
0000019a   SYSUNIV
0000019a   SYSUNIV_L
0000019b   SYSUNIV_H
0000019c   SYSSNIV
0000019c   SYSSNIV_L
0000019d   SYSSNIV_H
0000019e   SYSRSTIV
0000019e   SYSRSTIV_L
0000019f   SYSRSTIV_H
000001b0   REFCTL0
000001b0   REFCTL0_L
000001b1   REFCTL0_H
000001c0   PMAPKEYID
000001c0   PMAPKEYID_L
000001c1   PMAPKEYID_H
000001c2   PMAPCTL
000001c2   PMAPCTL_L
000001c3   PMAPCTL_H
000001c8   P1MAP01
000001c8   P1MAP01_L
000001c9   P1MAP01_H
000001ca   P1MAP23
000001ca   P1MAP23_L
000001cb   P1MAP23_H
000001cc   P1MAP45
000001cc   P1MAP45_L
000001cd   P1MAP45_H
000001ce   P1MAP67
000001ce   P1MAP67_L
000001cf   P1MAP67_H
000001d0   P2MAP01
000001d0   P2MAP01_L
000001d1   P2MAP01_H
000001d2   P2MAP23
000001d2   P2MAP23_L
000001d3   P2MAP23_H
000001d4   P2MAP45
000001d4   P2MAP45_L
000001d5   P2MAP45_H
000001d6   P2MAP67
000001d6   P2MAP67_L
000001d7   P2MAP67_H
000001d8   P3MAP01
000001d8   P3MAP01_L
000001d9   P3MAP01_H
000001da   P3MAP23
000001da   P3MAP23_L
000001db   P3MAP23_H
000001dc   P3MAP45
000001dc   P3MAP45_L
000001dd   P3MAP45_H
000001de   P3MAP67
000001de   P3MAP67_L
000001df   P3MAP67_H
00000200   PAIN
00000200   PAIN_L
00000201   PAIN_H
00000202   PAOUT
00000202   PAOUT_L
00000203   PAOUT_H
00000204   PADIR
00000204   PADIR_L
00000205   PADIR_H
00000206   PAREN
00000206   PAREN_L
00000207   PAREN_H
00000208   PADS
00000208   PADS_L
00000209   PADS_H
0000020a   PASEL
0000020a   PASEL_L
0000020b   PASEL_H
0000020e   P1IV
00000218   PAIES
00000218   PAIES_L
00000219   PAIES_H
0000021a   PAIE
0000021a   PAIE_L
0000021b   PAIE_H
0000021c   PAIFG
0000021c   PAIFG_L
0000021d   PAIFG_H
0000021e   P2IV
00000220   PBIN
00000220   PBIN_L
00000221   PBIN_H
00000222   PBOUT
00000222   PBOUT_L
00000223   PBOUT_H
00000224   PBDIR
00000224   PBDIR_L
00000225   PBDIR_H
00000226   PBREN
00000226   PBREN_L
00000227   PBREN_H
00000228   PBDS
00000228   PBDS_L
00000229   PBDS_H
0000022a   PBSEL
0000022a   PBSEL_L
0000022b   PBSEL_H
00000240   PCIN
00000240   PCIN_L
00000241   PCIN_H
00000242   PCOUT
00000242   PCOUT_L
00000243   PCOUT_H
00000244   PCDIR
00000244   PCDIR_L
00000245   PCDIR_H
00000246   PCREN
00000246   PCREN_L
00000247   PCREN_H
00000248   PCDS
00000248   PCDS_L
00000249   PCDS_H
0000024a   PCSEL
0000024a   PCSEL_L
0000024b   PCSEL_H
00000320   PJIN
00000320   PJIN_L
00000321   PJIN_H
00000322   PJOUT
00000322   PJOUT_L
00000323   PJOUT_H
00000324   PJDIR
00000324   PJDIR_L
00000325   PJDIR_H
00000326   PJREN
00000326   PJREN_L
00000327   PJREN_H
00000328   PJDS
00000328   PJDS_L
00000329   PJDS_H
00000340   TA0CTL
00000342   TA0CCTL0
00000344   TA0CCTL1
00000346   TA0CCTL2
00000348   TA0CCTL3
0000034a   TA0CCTL4
00000350   TA0R
00000352   TA0CCR0
00000354   TA0CCR1
00000356   TA0CCR2
00000358   TA0CCR3
0000035a   TA0CCR4
00000360   TA0EX0
0000036e   TA0IV
00000380   TA1CTL
00000382   TA1CCTL0
00000384   TA1CCTL1
00000386   TA1CCTL2
00000390   TA1R
00000392   TA1CCR0
00000394   TA1CCR1
00000396   TA1CCR2
000003a0   TA1EX0
000003ae   TA1IV
000004a0   RTCCTL01
000004a0   RTCCTL01_L
000004a1   RTCCTL01_H
000004a2   RTCCTL23
000004a2   RTCCTL23_L
000004a3   RTCCTL23_H
000004a8   RTCPS0CTL
000004a8   RTCPS0CTL_L
000004a9   RTCPS0CTL_H
000004aa   RTCPS1CTL
000004aa   RTCPS1CTL_L
000004ab   RTCPS1CTL_H
000004ac   RTCPS
000004ac   RTCPS_L
000004ad   RTCPS_H
000004ae   RTCIV
000004b0   RTCTIM0
000004b0   RTCTIM0_L
000004b1   RTCTIM0_H
000004b2   RTCTIM1
000004b2   RTCTIM1_L
000004b3   RTCTIM1_H
000004b4   RTCDATE
000004b4   RTCDATE_L
000004b5   RTCDATE_H
000004b6   RTCYEAR
000004b6   RTCYEAR_L
000004b7   RTCYEAR_H
000004b8   RTCAMINHR
000004b8   RTCAMINHR_L
000004b9   RTCAMINHR_H
000004ba   RTCADOWDAY
000004ba   RTCADOWDAY_L
000004bb   RTCADOWDAY_H
000004c0   MPY
000004c0   MPY_L
000004c1   MPY_H
000004c2   MPYS
000004c2   MPYS_L
000004c3   MPYS_H
000004c4   MAC
000004c4   MAC_L
000004c5   MAC_H
000004c6   MACS
000004c6   MACS_L
000004c7   MACS_H
000004c8   OP2
000004c8   OP2_L
000004c9   OP2_H
000004ca   RESLO
000004ca   RESLO_L
000004cb   RESLO_H
000004cc   RESHI
000004cc   RESHI_L
000004cd   RESHI_H
000004ce   SUMEXT
000004ce   SUMEXT_L
000004cf   SUMEXT_H
000004d0   MPY32L
000004d0   MPY32L_L
000004d1   MPY32L_H
000004d2   MPY32H
000004d2   MPY32H_L
000004d3   MPY32H_H
000004d4   MPYS32L
000004d4   MPYS32L_L
000004d5   MPYS32L_H
000004d6   MPYS32H
000004d6   MPYS32H_L
000004d7   MPYS32H_H
000004d8   MAC32L
000004d8   MAC32L_L
000004d9   MAC32L_H
000004da   MAC32H
000004da   MAC32H_L
000004db   MAC32H_H
000004dc   MACS32L
000004dc   MACS32L_L
000004dd   MACS32L_H
000004de   MACS32H
000004de   MACS32H_L
000004df   MACS32H_H
000004e0   OP2L
000004e0   OP2L_L
000004e1   OP2L_H
000004e2   OP2H
000004e2   OP2H_L
000004e3   OP2H_H
000004e4   RES0
000004e4   RES0_L
000004e5   RES0_H
000004e6   RES1
000004e6   RES1_L
000004e7   RES1_H
000004e8   RES2
000004e8   RES2_L
000004e9   RES2_H
000004ea   RES3
000004ea   RES3_L
000004eb   RES3_H
000004ec   MPY32CTL0
000004ec   MPY32CTL0_L
000004ed   MPY32CTL0_H
00000500   DMACTL0
00000500   DMACTL0_L
00000501   DMACTL0_H
00000502   DMACTL1
00000502   DMACTL1_L
00000503   DMACTL1_H
00000504   DMACTL2
00000504   DMACTL2_L
00000505   DMACTL2_H
00000506   DMACTL3
00000506   DMACTL3_L
00000507   DMACTL3_H
00000508   DMACTL4
00000508   DMACTL4_L
00000509   DMACTL4_H
0000050e   DMAIV
0000050e   DMAIV_L
0000050f   DMAIV_H
00000510   DMA0CTL
00000510   DMA0CTL_L
00000511   DMA0CTL_H
00000512   DMA0SA
00000512   DMA0SAL
00000514   DMA0SAH
00000516   DMA0DA
00000516   DMA0DAL
00000518   DMA0DAH
0000051a   DMA0SZ
00000520   DMA1CTL
00000520   DMA1CTL_L
00000521   DMA1CTL_H
00000522   DMA1SA
00000522   DMA1SAL
00000524   DMA1SAH
00000526   DMA1DA
00000526   DMA1DAL
00000528   DMA1DAH
0000052a   DMA1SZ
00000530   DMA2CTL
00000530   DMA2CTL_L
00000531   DMA2CTL_H
00000532   DMA2SA
00000532   DMA2SAL
00000534   DMA2SAH
00000536   DMA2DA
00000536   DMA2DAL
00000538   DMA2DAH
0000053a   DMA2SZ
000005c0   UCA0CTLW0
000005c0   UCA0CTLW0_L
000005c1   UCA0CTLW0_H
000005c6   UCA0BRW
000005c6   UCA0BRW_L
000005c7   UCA0BRW_H
000005c8   UCA0MCTL
000005ca   UCA0STAT
000005cc   UCA0RXBUF
000005ce   UCA0TXBUF
000005d0   UCA0ABCTL
000005d2   UCA0IRCTL
000005d2   UCA0IRCTL_L
000005d3   UCA0IRCTL_H
000005dc   UCA0ICTL
000005dc   UCA0ICTL_L
000005dd   UCA0ICTL_H
000005de   UCA0IV
000005e0   UCB0CTLW0
000005e0   UCB0CTLW0_L
000005e1   UCB0CTLW0_H
000005e6   UCB0BRW
000005e6   UCB0BRW_L
000005e7   UCB0BRW_H
000005ea   UCB0STAT
000005ec   UCB0RXBUF
000005ee   UCB0TXBUF
000005f0   UCB0I2COA
000005f0   UCB0I2COA_L
000005f1   UCB0I2COA_H
000005f2   UCB0I2CSA
000005f2   UCB0I2CSA_L
000005f3   UCB0I2CSA_H
000005fc   UCB0ICTL
000005fc   UCB0ICTL_L
000005fd   UCB0ICTL_H
000005fe   UCB0IV
00000700   ADC12CTL0
00000700   ADC12CTL0_L
00000701   ADC12CTL0_H
00000702   ADC12CTL1
00000702   ADC12CTL1_L
00000703   ADC12CTL1_H
00000704   ADC12CTL2
00000704   ADC12CTL2_L
00000705   ADC12CTL2_H
0000070a   ADC12IFG
0000070a   ADC12IFG_L
0000070b   ADC12IFG_H
0000070c   ADC12IE
0000070c   ADC12IE_L
0000070d   ADC12IE_H
0000070e   ADC12IV
0000070e   ADC12IV_L
0000070f   ADC12IV_H
00000710   ADC12MCTL0
00000711   ADC12MCTL1
00000712   ADC12MCTL2
00000713   ADC12MCTL3
00000714   ADC12MCTL4
00000715   ADC12MCTL5
00000716   ADC12MCTL6
00000717   ADC12MCTL7
00000718   ADC12MCTL8
00000719   ADC12MCTL9
0000071a   ADC12MCTL10
0000071b   ADC12MCTL11
0000071c   ADC12MCTL12
0000071d   ADC12MCTL13
0000071e   ADC12MCTL14
0000071f   ADC12MCTL15
00000720   ADC12MEM0
00000720   ADC12MEM0_L
00000721   ADC12MEM0_H
00000722   ADC12MEM1
00000722   ADC12MEM1_L
00000723   ADC12MEM1_H
00000724   ADC12MEM2
00000724   ADC12MEM2_L
00000725   ADC12MEM2_H
00000726   ADC12MEM3
00000726   ADC12MEM3_L
00000727   ADC12MEM3_H
00000728   ADC12MEM4
00000728   ADC12MEM4_L
00000729   ADC12MEM4_H
0000072a   ADC12MEM5
0000072a   ADC12MEM5_L
0000072b   ADC12MEM5_H
0000072c   ADC12MEM6
0000072c   ADC12MEM6_L
0000072d   ADC12MEM6_H
0000072e   ADC12MEM7
0000072e   ADC12MEM7_L
0000072f   ADC12MEM7_H
00000730   ADC12MEM8
00000730   ADC12MEM8_L
00000731   ADC12MEM8_H
00000732   ADC12MEM9
00000732   ADC12MEM9_L
00000733   ADC12MEM9_H
00000734   ADC12MEM10
00000734   ADC12MEM10_L
00000735   ADC12MEM10_H
00000736   ADC12MEM11
00000736   ADC12MEM11_L
00000737   ADC12MEM11_H
00000738   ADC12MEM12
00000738   ADC12MEM12_L
00000739   ADC12MEM12_H
0000073a   ADC12MEM13
0000073a   ADC12MEM13_L
0000073b   ADC12MEM13_H
0000073c   ADC12MEM14
0000073c   ADC12MEM14_L
0000073d   ADC12MEM14_H
0000073e   ADC12MEM15
0000073e   ADC12MEM15_L
0000073f   ADC12MEM15_H
000008c0   CBCTL0
000008c0   CBCTL0_L
000008c1   CBCTL0_H
000008c2   CBCTL1
000008c2   CBCTL1_L
000008c3   CBCTL1_H
000008c4   CBCTL2
000008c4   CBCTL2_L
000008c5   CBCTL2_H
000008c6   CBCTL3
000008c6   CBCTL3_L
000008c7   CBCTL3_H
000008cc   CBINT
000008cc   CBINT_L
000008cd   CBINT_H
000008ce   CBIV
000009c0   AESACTL0
000009c0   AESACTL0_L
000009c1   AESACTL0_H
000009c4   AESASTAT
000009c4   AESASTAT_L
000009c5   AESASTAT_H
000009c6   AESAKEY
000009c6   AESAKEY_L
000009c7   AESAKEY_H
000009c8   AESADIN
000009c8   AESADIN_L
000009c9   AESADIN_H
000009ca   AESADOUT
000009ca   AESADOUT_L
000009cb   AESADOUT_H
00000a00   LCDBCTL0
00000a00   LCDBCTL0_L
00000a01   LCDBCTL0_H
00000a02   LCDBCTL1
00000a02   LCDBCTL1_L
00000a03   LCDBCTL1_H
00000a04   LCDBBLKCTL
00000a04   LCDBBLKCTL_L
00000a05   LCDBBLKCTL_H
00000a06   LCDBMEMCTL
00000a06   LCDBMEMCTL_L
00000a07   LCDBMEMCTL_H
00000a08   LCDBVCTL
00000a08   LCDBVCTL_L
00000a09   LCDBVCTL_H
00000a0a   LCDBPCTL0
00000a0a   LCDBPCTL0_L
00000a0b   LCDBPCTL0_H
00000a0c   LCDBPCTL1
00000a0c   LCDBPCTL1_L
00000a0d   LCDBPCTL1_H
00000a0e   LCDBPCTL2
00000a0e   LCDBPCTL2_L
00000a0f   LCDBPCTL2_H
00000a10   LCDBPCTL3
00000a10   LCDBPCTL3_L
00000a11   LCDBPCTL3_H
00000a12   LCDBCPCTL
00000a12   LCDBCPCTL_L
00000a13   LCDBCPCTL_H
00000a1e   LCDBIV
00000a20   LCDM1
00000a21   LCDM2
00000a22   LCDM3
00000a23   LCDM4
00000a24   LCDM5
00000a25   LCDM6
00000a26   LCDM7
00000a27   LCDM8
00000a28   LCDM9
00000a29   LCDM10
00000a2a   LCDM11
00000a2b   LCDM12
00000a2c   LCDM13
00000a2d   LCDM14
00000a2e   LCDM15
00000a2f   LCDM16
00000a30   LCDM17
00000a31   LCDM18
00000a32   LCDM19
00000a33   LCDM20
00000a34   LCDM21
00000a35   LCDM22
00000a36   LCDM23
00000a37   LCDM24
00000a40   LCDBM1
00000a41   LCDBM2
00000a42   LCDBM3
00000a43   LCDBM4
00000a44   LCDBM5
00000a45   LCDBM6
00000a46   LCDBM7
00000a47   LCDBM8
00000a48   LCDBM9
00000a49   LCDBM10
00000a4a   LCDBM11
00000a4b   LCDBM12
00000a4c   LCDBM13
00000a4d   LCDBM14
00000a4e   LCDBM15
00000a4f   LCDBM16
00000a50   LCDBM17
00000a51   LCDBM18
00000a52   LCDBM19
00000a53   LCDBM20
00000a54   LCDBM21
00000a55   LCDBM22
00000a56   LCDBM23
00000a57   LCDBM24
00000f00   RF1AIFCTL0
00000f00   RF1AIFCTL0_L
00000f01   RF1AIFCTL0_H
00000f02   RF1AIFCTL1
00000f02   RF1AIFCTL1_L
00000f03   RF1AIFCTL1_H
00000f04   RF1AIFCTL2
00000f04   RF1AIFCTL2_L
00000f05   RF1AIFCTL2_H
00000f06   RF1AIFERR
00000f06   RF1AIFERR_L
00000f07   RF1AIFERR_H
00000f0c   RF1AIFERRV
00000f0c   RF1AIFERRV_L
00000f0d   RF1AIFERRV_H
00000f0e   RF1AIFIV
00000f0e   RF1AIFIV_L
00000f0f   RF1AIFIV_H
00000f10   RF1AINSTRW
00000f10   RF1AINSTRW_L
00000f11   RF1AINSTRW_H
00000f12   RF1AINSTR1W
00000f12   RF1AINSTR1W_L
00000f13   RF1AINSTR1W_H
00000f14   RF1AINSTR2W
00000f14   RF1AINSTR2W_L
00000f15   RF1AINSTR2W_H
00000f16   RF1ADINW
00000f16   RF1ADINW_L
00000f17   RF1ADINW_H
00000f20   RF1ASTAT0W
00000f20   RF1ASTAT0W_L
00000f21   RF1ASTAT0W_H
00000f22   RF1ASTAT1W
00000f22   RF1ASTAT1W_L
00000f23   RF1ASTAT1W_H
00000f24   RF1ASTAT2W
00000f24   RF1ASTAT2W_L
00000f25   RF1ASTAT2W_H
00000f28   RF1ADOUT0W
00000f28   RF1ADOUT0W_L
00000f29   RF1ADOUT0W_H
00000f2a   RF1ADOUT1W
00000f2a   RF1ADOUT1W_L
00000f2b   RF1ADOUT1W_H
00000f2c   RF1ADOUT2W
00000f2c   RF1ADOUT2W_L
00000f2d   RF1ADOUT2W_H
00000f30   RF1AIN
00000f30   RF1AIN_L
00000f31   RF1AIN_H
00000f32   RF1AIFG
00000f32   RF1AIFG_L
00000f33   RF1AIFG_H
00000f34   RF1AIES
00000f34   RF1AIES_L
00000f35   RF1AIES_H
00000f36   RF1AIE
00000f36   RF1AIE_L
00000f37   RF1AIE_H
00000f38   RF1AIV
00000f38   RF1AIV_L
00000f39   RF1AIV_H
00000f3c   RF1ARXFIFO
00000f3c   RF1ARXFIFO_L
00000f3d   RF1ARXFIFO_H
00000f3e   RF1ATXFIFO
00000f3e   RF1ATXFIFO_L
00000f3f   RF1ATXFIFO_H
00001c00   .bss
00001c00   .data
00001c00   __bss__
00001c00   __data__
00001c00   __edata__
00001c00   edata
00001c8c   sDatalog
00001d14   display
00001d16   segments_lcdmem
00001d6a   int_to_array_str
00001d72   simpliciti_ed_address
00001d76   simpliciti_flag
00001d78   simpliciti_data
00001d98   sRFsmpl
00001d9e   simpliciti_reply_count
00001d9f   burst_mode
00001da0   burst_start
00001da2   burst_end
00001da4   burst_packet
00001db6   burst_packet_index
00001db8   flash_ptr
00001dba   p
00001dfe   ps_ok
00001dff   sInit_done
00001e3c   status_code
00001e3d   buzzer_flag
00001e3e   alarm1_min
00001e3f   alarm1_hr
00001e40   alarm2_min
00001e41   alarm2_hr
00001e42   alarm3_min
00001e43   alarm3_hr
00001e44   alarm4_min
00001e45   alarm4_hr
00001e46   alarm5_min
00001e47   alarm5_hr
00001e48   alarm6_min
00001e49   alarm6_hr
00001e4a   alarm7_min
00001e4b   alarm7_hr
00001e4c   alarm8_min
00001e4d   alarm8_hr
00001e4e   sys
00001e50   request
00001e52   message
00001e54   bmp_used
00001e55   chronos_black
00001e56   rf_frequoffset
00001e58   fptr_lcd_function_line1
00001e5c   fptr_lcd_function_line2
00001e7e   BRRX__TXCB_t
00001e9a   bmp_cal_param
00001eb0   bmp_param_b5
00001eb4   sAlt
00001ec4   sTime
00001ed2   time_limit
00001ed3   as_ok
00001eda   BRRX__PowerdownDelay_u8
00001edb   BRRX__SignalLevelReduction
00001edc   BRRX__MaxSearchTries_u8
00001edd   BRRX__SearchRatio_u8
00001ede   BRRX__TestMode_u8
00001ee0   BRRX__PacketBits_t
00001efe   sBlueRobin
00001f08   button
00001f0a   sButton
00001f25   rfBSL_button_confirmation
00001f26   BRRX__NextEventTime_u16
00001f28   BRRX__NextEndTime_u16
00001f2a   BRRX__NextFrequency_u8
00001f2b   BRRX__NextFrequencyOffset_s8
00001f2c   BRRX__TimerState_t
00001f2e   sBuzzer
00001f36   _lock
00001f3a   _unlock
00001f3e   __TI_cleanup_ptr
00001f42   __TI_dtors_ptr
00001f46   sDate
00001f4c   DayOfTheWeek
00001f4e   fptr_Timer0_A3_function
00001f52   sTimer
00001f5a   brrx_packet_end_cap_value
00001f5c   sAccel
00001f62   sBatt
00001f68   BRRX__StatusFlags_t
00001f6a   BRRX__CurrentPacketTime_u16
00001f6c   BRRX__CurrentSignalLevel_u8
00001f72   ptrMenu_L1
00001f74   ptrMenu_L2
00001f7a   adc12_result
00001f7c   adc12_data_ready
00001f7d   __end__
00001f7d   end
00002bac   _stack
00002bfc   __STACK_END
00009e00   .text
00009e00   MRFI_Init
00009e00   __text__
0000a0ba   conv_pa_to_meter
0000a34e   BRRX__Scheduler_v
0000a5ca   simpliciti_main_sync
0000a7ec   PORT2_ISR
0000a9fa   update_pressure_table
0000abd0   display_time
0000ad82   TIMER0_A0_ISR
0000af2a   bmp_ps_get_pa
0000b0bc   nwk_nwkInit
0000b38e   init_application
0000b4ee   MRFI_Transmit
0000b63a   nwk_link
0000b782   SMPL_Ioctl
0000b9f8   do_altitude_measurement
0000bb30   __fs_sub
0000bb36   __fs_add
0000bc60   start_bluerobin
0000beaa   nwk_join
0000bfc6   init_global_variables
0000c0dc   clock_tick
0000c1e4   datalog_sm
0000c3ec   display_update
0000c4f0   display_altitude
0000c5da   main
0000c6c4   bmp_ps_init
0000c7aa   nwk_QfindOldest
0000c886   display_temperature
0000c960   display_date
0000ca36   nwk_allocateLocalRxPort
0000cb08   display_chars
0000cbd6   add_day
0000cca2   nwk_processLink
0000cd6e   simpliciti_link
0000ce38   nwk_radioControl
0000cf00   int_to_array
0000d074   __fs_mpy
0000d12a   battery_measurement
0000d1de   read_calibration_values
0000d28a   Strobe
0000d32e   nwk_retrieveFrame
0000d3ca   __fs_div
0000d458   ps_i2c_sda
0000d4e4   SMPL_Init
0000d56e   nwk_buildFrame
0000d5f8   SetVCore
0000d706   sx_datalog
0000d806   nwk_getNextConnection
0000d882   nwk_sendAckReply
0000d8fe   start_altitude_measurement
0000d978   nwk_QfindSlot
0000d9ee   mrfiRadioInterfaceCmdStrobe
0000da62   display_char
0000dad4   ps_read_register
0000db46   BRRX_RadioInit_v
0000dbb6   BRRX_RadioReceive_v
0000dc8e   cma_ps_get_pa
0000dcf8   WritePATable
0000dd60   TIMER0_A1_5_ISR
0000ddc6   nwk_processPing
0000de2c   cma_ps_init
0000de90   MRFI_RadioIsr
0000def2   SMPL_SendOpt
0000df52   BRRX_PacketEndTimerTask_v
0000dfb0   start_simpliciti_sync
0000e068   BRRX_Start_v
0000e0c0   clear_line
0000e118   ps_write_register
0000e170   __divul
0000e170   __remul
0000e1c8   write_lcd_mem
0000e220   BRRX_RadioCalibrate_v
0000e276   BRRX__StartNewSearch_v
0000e2c8   MRFI_ReplyDelay
0000e36c   Timer0_A4_Delay
0000e3be   ps_i2c_read
0000e410   cma_ps_get_temp
0000e460   display_heartrate
0000e4b0   sx_rfbsl
0000e500   toggle_buzzer
0000e59c   __fs_toul
0000e5e8   __fs_cmp
0000e632   SMPL_Receive
0000e67a   _auto_init
0000e6c2   BR__CalcRandomTimeOffset_u16
0000e708   MRFI_RxIdle
0000e74e   ReadBurstReg
0000e794   WriteBurstReg
0000e7da   nwk_processMgmt
0000e820   __fs_tou
0000e866   flash_erase_page
0000e8aa   mrfiRadioInterfaceReadReg
0000e8ee   ps_i2c_write
0000e930   __divli
0000e930   __remli
0000e970   BRRX_SetID_v
0000e9ae   BRRX__DecodePacket_u8
0000e9ec   BRRX__NewInfo_v
0000ea68   L_ASR_15
0000ea6c   L_ASR_14
0000ea70   L_ASR_13
0000ea74   L_ASR_12
0000ea78   L_ASR_11
0000ea7c   L_ASR_10
0000ea80   L_ASR_9
0000ea84   L_ASR_8
0000ea88   L_ASR_7
0000ea8c   L_ASR_6
0000ea90   L_ASR_5
0000ea94   L_ASR_4
0000ea98   L_ASR_3
0000ea9c   L_ASR_2
0000eaa0   L_ASR_1
0000eaa6   L_LSL_15
0000eaaa   L_LSL_14
0000eaae   L_LSL_13
0000eab2   L_LSL_12
0000eab6   L_LSL_11
0000eaba   L_LSL_10
0000eabe   L_LSL_9
0000eac2   L_LSL_8
0000eac6   L_LSL_7
0000eaca   L_LSL_6
0000eace   L_LSL_5
0000ead2   L_LSL_4
0000ead6   L_LSL_3
0000eada   L_LSL_2
0000eade   L_LSL_1
0000eae4   L_LSR_15
0000eae8   L_LSR_14
0000eaec   L_LSR_13
0000eaf0   L_LSR_12
0000eaf4   L_LSR_11
0000eaf8   L_LSR_10
0000eafc   L_LSR_9
0000eb00   L_LSR_8
0000eb04   L_LSR_7
0000eb08   L_LSR_6
0000eb0c   L_LSR_5
0000eb10   L_LSR_4
0000eb14   L_LSR_3
0000eb18   L_LSR_2
0000eb1c   L_LSR_1
0000eb22   stop_bluerobin
0000eb60   BRRX_TimerTask_v
0000eb9c   WriteSingleReg
0000ebd6   nwk_isValidReply
0000ec10   BRRX_Init_v
0000ec48   radio_ISR
0000ec80   stop_altitude_measurement
0000ecb8   mrfiRadioInterfaceWriteReg
0000ecee   __fs_itof
0000ed24   BR__CalcCRC_u8
0000ed8c   BRRX_RadioStop_v
0000edbe   MRFI_RxOn
0000edf0   mrfiRadioInterfaceReadRxFifo
0000ee22   radio_reset
0000ee54   __fs_ultof
0000ee86   nwk_sendFrame
0000eeb6   sx_bluerobin
0000eee6   nwk_QadjustOrder
0000ef14   datalog_add_to_buffer
0000ef40   __divi
0000ef40   __remi
0000ef6c   BRRX_GetID_u32
0000ef96   MRFI_SetRFPwr
0000f014   Timer0_A3_Start
0000f03e   _c_int00
0000f03e   _c_int00_noexit
0000f090   nwk_getConnInfo
0000f0b8   stop_buzzer
0000f0e0   MRFI_Sleep
0000f106   display_rfbsl
0000f12c   init_pressure_table
0000f152   nwk_checkConnInfo
0000f178   BRRX_GetState_t
0000f19c   ps_init
0000f1c0   __fs_utof
0000f1e4   sx_sync
0000f208   BSP_Delay
0000f22a   memcmp
0000f24c   __mpyl_f5hw
0000f28c   display_symbol
0000f2aa   memmove
0000f2c8   nwk_processJoin
0000f302   close_radio
0000f31e   display_am_pm_symbol
0000f33a   nwk_putNumObjectIntoMsg
0000f370   ADC12ISR
0000f38a   ReadSingleReg
0000f3a2   __divu
0000f3a2   __remu
0000f3b8   __mpyi_f5hw
0000f3ce   display_datalog
0000f3e2   display_sync
0000f3f6   BR__CalcRandomChannel_u8
0000f408   BlueRobin_RadioISR_v
0000f41a   memcpy
0000f42c   memset
0000f43e   open_radio
0000f450   BRRX__StartTimer_v
0000f460   radio_powerdown
0000f470   sx_date
0000f480   BRRX__GetCurrentTime_u16
0000f48c   is_rf
0000f498   BRRX__IsTimerRunning_v
0000f4a2   BRRX__StopTimer_v
0000f4ac   update_date
0000f4b6   update_time
0000f4c0   BRRX_GetFS_Offset_s8
0000f4c8   BRRX_SetSignalLevelReduction_v
0000f4d0   BRRX_GetHeartRate_u8
0000f4d6   BRRX_SetPowerdownDelay_v
0000f4dc   BRRX_SetSearchTimeout_v
0000f4e2   BRRX_Stop_v
0000f4e8   BRRX__CallTimer_v
0000f4ee   BRRX__InitTimer_v
0000f4f4   __TI_ISR_TRAP
0000f4fa   mx_bluerobin
0000f500   sx_time
0000f506   _system_pre_init
0000f50a   C$$EXIT
0000f50a   abort
0000f50e   nwk_processFreq
0000f512   nwk_processSecurity
0000f516   ps_i2c_delay
0000f51a   _nop
0000f51c   dummy
0000f51e   __etext__
0000f51e   etext
0000f51e   int_to_array_conversion_table
0000f73d   method
0000f73e   RandomValue_u8
0000f83e   menu_L1_Time
0000f850   menu_L2_Date
0000f862   menu_L1_Temperature
0000f874   menu_L1_Altitude
0000f886   menu_L1_Heartrate
0000f898   menu_L2_DataLog
0000f8aa   menu_L2_Sync
0000f8bc   menu_L2_RFBSL
0000f932   mrfiRadioCfg
0000f96c   lcd_font
0000f998   segments_bitmask
0000f9ea   h0
0000fa0c   p0
0000fa50   mrfiBroadcastAddr
0000fa58   BRRX__First_TXCB_t
0000fa5a   BRRX__Last_TXCB_t
0000fa5c   t_battery
0000fa5d   t_signal
0000fa5e   t_temp
0000fa5f   t_bpm
0000fa68   __cinit__
0000fa68   cinit
0000ffda   __TI_int45
0000ffdc   __TI_int46
0000ffde   __TI_int47
0000ffe0   __TI_int48
0000ffe2   __TI_int49
0000ffe4   __TI_int50
0000ffe6   __TI_int51
0000ffe8   __TI_int52
0000ffea   __TI_int53
0000ffec   __TI_int54
0000ffee   __TI_int55
0000fff0   __TI_int56
0000fff2   __TI_int57
0000fff4   __TI_int58
0000fff6   __TI_int59
0000fff8   __TI_int60
0000fffa   __TI_int61
0000fffc   __TI_int62
0000fffe   _reset_vector
ffffffff   __binit__
ffffffff   __c_args__
ffffffff   __pinit__
ffffffff   binit
ffffffff   pinit

[1089 symbols]
